Archive member included to satisfy reference by file (symbol)

C:/ST/STM32CubeIDE_1.16.1/STM32CubeIDE/plugins/com.st.stm32cube.ide.mcu.externaltools.gnu-tools-for-stm32.12.3.rel1.win32_1.0.200.202406191623/tools/bin/../lib/gcc/arm-none-eabi/12.3.1/../../../../arm-none-eabi/lib/thumb/v7e-m+dp/hard\libc_nano.a(libc_a-exit.o)
                              C:/ST/STM32CubeIDE_1.16.1/STM32CubeIDE/plugins/com.st.stm32cube.ide.mcu.externaltools.gnu-tools-for-stm32.12.3.rel1.win32_1.0.200.202406191623/tools/bin/../lib/gcc/arm-none-eabi/12.3.1/../../../../arm-none-eabi/lib/thumb/v7e-m+dp/hard/crt0.o (exit)
C:/ST/STM32CubeIDE_1.16.1/STM32CubeIDE/plugins/com.st.stm32cube.ide.mcu.externaltools.gnu-tools-for-stm32.12.3.rel1.win32_1.0.200.202406191623/tools/bin/../lib/gcc/arm-none-eabi/12.3.1/../../../../arm-none-eabi/lib/thumb/v7e-m+dp/hard\libc_nano.a(libc_a-findfp.o)
                              ./Middlewares/Third_Party/FreeRTOS/tasks.o (__sf)
C:/ST/STM32CubeIDE_1.16.1/STM32CubeIDE/plugins/com.st.stm32cube.ide.mcu.externaltools.gnu-tools-for-stm32.12.3.rel1.win32_1.0.200.202406191623/tools/bin/../lib/gcc/arm-none-eabi/12.3.1/../../../../arm-none-eabi/lib/thumb/v7e-m+dp/hard\libc_nano.a(libc_a-fwalk.o)
                              C:/ST/STM32CubeIDE_1.16.1/STM32CubeIDE/plugins/com.st.stm32cube.ide.mcu.externaltools.gnu-tools-for-stm32.12.3.rel1.win32_1.0.200.202406191623/tools/bin/../lib/gcc/arm-none-eabi/12.3.1/../../../../arm-none-eabi/lib/thumb/v7e-m+dp/hard\libc_nano.a(libc_a-findfp.o) (_fwalk_sglue)
C:/ST/STM32CubeIDE_1.16.1/STM32CubeIDE/plugins/com.st.stm32cube.ide.mcu.externaltools.gnu-tools-for-stm32.12.3.rel1.win32_1.0.200.202406191623/tools/bin/../lib/gcc/arm-none-eabi/12.3.1/../../../../arm-none-eabi/lib/thumb/v7e-m+dp/hard\libc_nano.a(libc_a-sprintf.o)
                              ./Core/Src/main.o (sprintf)
C:/ST/STM32CubeIDE_1.16.1/STM32CubeIDE/plugins/com.st.stm32cube.ide.mcu.externaltools.gnu-tools-for-stm32.12.3.rel1.win32_1.0.200.202406191623/tools/bin/../lib/gcc/arm-none-eabi/12.3.1/../../../../arm-none-eabi/lib/thumb/v7e-m+dp/hard\libc_nano.a(libc_a-stdio.o)
                              C:/ST/STM32CubeIDE_1.16.1/STM32CubeIDE/plugins/com.st.stm32cube.ide.mcu.externaltools.gnu-tools-for-stm32.12.3.rel1.win32_1.0.200.202406191623/tools/bin/../lib/gcc/arm-none-eabi/12.3.1/../../../../arm-none-eabi/lib/thumb/v7e-m+dp/hard\libc_nano.a(libc_a-findfp.o) (__sread)
C:/ST/STM32CubeIDE_1.16.1/STM32CubeIDE/plugins/com.st.stm32cube.ide.mcu.externaltools.gnu-tools-for-stm32.12.3.rel1.win32_1.0.200.202406191623/tools/bin/../lib/gcc/arm-none-eabi/12.3.1/../../../../arm-none-eabi/lib/thumb/v7e-m+dp/hard\libc_nano.a(libc_a-memset.o)
                              C:/ST/STM32CubeIDE_1.16.1/STM32CubeIDE/plugins/com.st.stm32cube.ide.mcu.externaltools.gnu-tools-for-stm32.12.3.rel1.win32_1.0.200.202406191623/tools/bin/../lib/gcc/arm-none-eabi/12.3.1/../../../../arm-none-eabi/lib/thumb/v7e-m+dp/hard/crt0.o (memset)
C:/ST/STM32CubeIDE_1.16.1/STM32CubeIDE/plugins/com.st.stm32cube.ide.mcu.externaltools.gnu-tools-for-stm32.12.3.rel1.win32_1.0.200.202406191623/tools/bin/../lib/gcc/arm-none-eabi/12.3.1/../../../../arm-none-eabi/lib/thumb/v7e-m+dp/hard\libc_nano.a(libc_a-strchr.o)
                              ./Core/Src/main.o (strchr)
C:/ST/STM32CubeIDE_1.16.1/STM32CubeIDE/plugins/com.st.stm32cube.ide.mcu.externaltools.gnu-tools-for-stm32.12.3.rel1.win32_1.0.200.202406191623/tools/bin/../lib/gcc/arm-none-eabi/12.3.1/../../../../arm-none-eabi/lib/thumb/v7e-m+dp/hard\libc_nano.a(libc_a-strncpy.o)
                              ./Core/Src/main.o (strncpy)
C:/ST/STM32CubeIDE_1.16.1/STM32CubeIDE/plugins/com.st.stm32cube.ide.mcu.externaltools.gnu-tools-for-stm32.12.3.rel1.win32_1.0.200.202406191623/tools/bin/../lib/gcc/arm-none-eabi/12.3.1/../../../../arm-none-eabi/lib/thumb/v7e-m+dp/hard\libc_nano.a(libc_a-strtok.o)
                              ./Core/Src/main.o (strtok)
C:/ST/STM32CubeIDE_1.16.1/STM32CubeIDE/plugins/com.st.stm32cube.ide.mcu.externaltools.gnu-tools-for-stm32.12.3.rel1.win32_1.0.200.202406191623/tools/bin/../lib/gcc/arm-none-eabi/12.3.1/../../../../arm-none-eabi/lib/thumb/v7e-m+dp/hard\libc_nano.a(libc_a-strtok_r.o)
                              C:/ST/STM32CubeIDE_1.16.1/STM32CubeIDE/plugins/com.st.stm32cube.ide.mcu.externaltools.gnu-tools-for-stm32.12.3.rel1.win32_1.0.200.202406191623/tools/bin/../lib/gcc/arm-none-eabi/12.3.1/../../../../arm-none-eabi/lib/thumb/v7e-m+dp/hard\libc_nano.a(libc_a-strtok.o) (__strtok_r)
C:/ST/STM32CubeIDE_1.16.1/STM32CubeIDE/plugins/com.st.stm32cube.ide.mcu.externaltools.gnu-tools-for-stm32.12.3.rel1.win32_1.0.200.202406191623/tools/bin/../lib/gcc/arm-none-eabi/12.3.1/../../../../arm-none-eabi/lib/thumb/v7e-m+dp/hard\libc_nano.a(libc_a-strstr.o)
                              ./Core/Src/main.o (strstr)
[...]
Memory Configuration

Name             Origin             Length             Attributes
RAM_D1           0x24000000         0x00080000         xrw
FLASH            0x08000000         0x00100000         xr
DTCMRAM          0x20000000         0x00020000         xrw
RAM_D2           0x30000000         0x00048000         xrw
RAM_D3           0x38000000         0x00010000         xrw
ITCMRAM          0x00000000         0x00010000         xrw
*default*        0x00000000         0xffffffff

Linker script and memory map

LOAD C:/ST/STM32CubeIDE_1.16.1/STM32CubeIDE/plugins/com.st.stm32cube.ide.mcu.externaltools.gnu-tools-for-stm32.12.3.rel1.win32_1.0.200.202406191623/tools/bin/../lib/gcc/arm-none-eabi/12.3.1/thumb/v7e-m+dp/hard/crti.o
LOAD C:/ST/STM32CubeIDE_1.16.1/STM32CubeIDE/plugins/com.st.stm32cube.ide.mcu.externaltools.gnu-tools-for-stm32.12.3.rel1.win32_1.0.200.202406191623/tools/bin/../lib/gcc/arm-none-eabi/12.3.1/thumb/v7e-m+dp/hard/crtbegin.o
LOAD C:/ST/STM32CubeIDE_1.16.1/STM32CubeIDE/plugins/com.st.stm32cube.ide.mcu.externaltools.gnu-tools-for-stm32.12.3.rel1.win32_1.0.200.202406191623/tools/bin/../lib/gcc/arm-none-eabi/12.3.1/../../../../arm-none-eabi/lib/thumb/v7e-m+dp/hard/crt0.o
LOAD ./Common/Src/system_stm32h7xx_dualcore_boot_cm4_cm7.o
LOAD ./Core/Src/freertos.o
LOAD ./Core/Src/main.o
LOAD ./Core/Src/stm32h7xx_hal_msp.o
LOAD ./Core/Src/stm32h7xx_hal_timebase_tim.o
LOAD ./Core/Src/stm32h7xx_it.o
LOAD ./Core/Src/syscalls.o
LOAD ./Core/Src/sysmem.o
LOAD ./Core/Startup/startup_stm32h755zitx.o
LOAD ./Drivers/BSP/STM32H7xx_Nucleo/stm32h7xx_nucleo.o
LOAD ./Drivers/STM32H7xx_HAL_Driver/stm32h7xx_hal.o
LOAD ./Drivers/STM32H7xx_HAL_Driver/stm32h7xx_hal_cortex.o
LOAD ./Drivers/STM32H7xx_HAL_Driver/stm32h7xx_hal_dma.o
LOAD ./Drivers/STM32H7xx_HAL_Driver/stm32h7xx_hal_dma_ex.o
LOAD ./Drivers/STM32H7xx_HAL_Driver/stm32h7xx_hal_exti.o
LOAD ./Drivers/STM32H7xx_HAL_Driver/stm32h7xx_hal_flash.o
LOAD ./Drivers/STM32H7xx_HAL_Driver/stm32h7xx_hal_flash_ex.o
LOAD ./Drivers/STM32H7xx_HAL_Driver/stm32h7xx_hal_gpio.o
LOAD ./Drivers/STM32H7xx_HAL_Driver/stm32h7xx_hal_hsem.o
LOAD ./Drivers/STM32H7xx_HAL_Driver/stm32h7xx_hal_i2c.o
LOAD ./Drivers/STM32H7xx_HAL_Driver/stm32h7xx_hal_i2c_ex.o
LOAD ./Drivers/STM32H7xx_HAL_Driver/stm32h7xx_hal_mdma.o
LOAD ./Drivers/STM32H7xx_HAL_Driver/stm32h7xx_hal_pwr.o
LOAD ./Drivers/STM32H7xx_HAL_Driver/stm32h7xx_hal_pwr_ex.o
LOAD ./Drivers/STM32H7xx_HAL_Driver/stm32h7xx_hal_rcc.o
LOAD ./Drivers/STM32H7xx_HAL_Driver/stm32h7xx_hal_rcc_ex.o
LOAD ./Drivers/STM32H7xx_HAL_Driver/stm32h7xx_hal_tim.o
LOAD ./Drivers/STM32H7xx_HAL_Driver/stm32h7xx_hal_tim_ex.o
LOAD ./Drivers/STM32H7xx_HAL_Driver/stm32h7xx_hal_uart.o
LOAD ./Drivers/STM32H7xx_HAL_Driver/stm32h7xx_hal_uart_ex.o
LOAD ./Drivers/STM32H7xx_HAL_Driver/stm32h7xx_hal_usart.o
LOAD ./Drivers/STM32H7xx_HAL_Driver/stm32h7xx_hal_usart_ex.o
LOAD ./Middlewares/Third_Party/FreeRTOS/cmsis_os2.o
LOAD ./Middlewares/Third_Party/FreeRTOS/croutine.o
LOAD ./Middlewares/Third_Party/FreeRTOS/event_groups.o
LOAD ./Middlewares/Third_Party/FreeRTOS/heap_4.o
LOAD ./Middlewares/Third_Party/FreeRTOS/list.o
LOAD ./Middlewares/Third_Party/FreeRTOS/port.o
LOAD ./Middlewares/Third_Party/FreeRTOS/queue.o
LOAD ./Middlewares/Third_Party/FreeRTOS/stream_buffer.o
LOAD ./Middlewares/Third_Party/FreeRTOS/tasks.o
LOAD ./Middlewares/Third_Party/FreeRTOS/timers.o
START GROUP
LOAD C:/ST/STM32CubeIDE_1.16.1/STM32CubeIDE/plugins/com.st.stm32cube.ide.mcu.externaltools.gnu-tools-for-stm32.12.3.rel1.win32_1.0.200.202406191623/tools/bin/../lib/gcc/arm-none-eabi/12.3.1/../../../../arm-none-eabi/lib/thumb/v7e-m+dp/hard\libc_nano.a
LOAD C:/ST/STM32CubeIDE_1.16.1/STM32CubeIDE/plugins/com.st.stm32cube.ide.mcu.externaltools.gnu-tools-for-stm32.12.3.rel1.win32_1.0.200.202406191623/tools/bin/../lib/gcc/arm-none-eabi/12.3.1/../../../../arm-none-eabi/lib/thumb/v7e-m+dp/hard\libm.a
END GROUP
START GROUP
LOAD C:/ST/STM32CubeIDE_1.16.1/STM32CubeIDE/plugins/com.st.stm32cube.ide.mcu.externaltools.gnu-tools-for-stm32.12.3.rel1.win32_1.0.200.202406191623/tools/bin/../lib/gcc/arm-none-eabi/12.3.1/thumb/v7e-m+dp/hard\libgcc.a
LOAD C:/ST/STM32CubeIDE_1.16.1/STM32CubeIDE/plugins/com.st.stm32cube.ide.mcu.externaltools.gnu-tools-for-stm32.12.3.rel1.win32_1.0.200.202406191623/tools/bin/../lib/gcc/arm-none-eabi/12.3.1/../../../../arm-none-eabi/lib/thumb/v7e-m+dp/hard\libc_nano.a
END GROUP
START GROUP
LOAD C:/ST/STM32CubeIDE_1.16.1/STM32CubeIDE/plugins/com.st.stm32cube.ide.mcu.externaltools.gnu-tools-for-stm32.12.3.rel1.win32_1.0.200.202406191623/tools/bin/../lib/gcc/arm-none-eabi/12.3.1/thumb/v7e-m+dp/hard\libgcc.a
LOAD C:/ST/STM32CubeIDE_1.16.1/STM32CubeIDE/plugins/com.st.stm32cube.ide.mcu.externaltools.gnu-tools-for-stm32.12.3.rel1.win32_1.0.200.202406191623/tools/bin/../lib/gcc/arm-none-eabi/12.3.1/../../../../arm-none-eabi/lib/thumb/v7e-m+dp/hard\libc_nano.a
LOAD C:/ST/STM32CubeIDE_1.16.1/STM32CubeIDE/plugins/com.st.stm32cube.ide.mcu.externaltools.gnu-tools-for-stm32.12.3.rel1.win32_1.0.200.202406191623/tools/bin/../lib/gcc/arm-none-eabi/12.3.1/../../../../arm-none-eabi/lib/thumb/v7e-m+dp/hard\libnosys.a
END GROUP
START GROUP
LOAD C:/ST/STM32CubeIDE_1.16.1/STM32CubeIDE/plugins/com.st.stm32cube.ide.mcu.externaltools.gnu-tools-for-stm32.12.3.rel1.win32_1.0.200.202406191623/tools/bin/../lib/gcc/arm-none-eabi/12.3.1/thumb/v7e-m+dp/hard\libgcc.a
LOAD C:/ST/STM32CubeIDE_1.16.1/STM32CubeIDE/plugins/com.st.stm32cube.ide.mcu.externaltools.gnu-tools-for-stm32.12.3.rel1.win32_1.0.200.202406191623/tools/bin/../lib/gcc/arm-none-eabi/12.3.1/../../../../arm-none-eabi/lib/thumb/v7e-m+dp/hard\libc_nano.a
LOAD C:/ST/STM32CubeIDE_1.16.1/STM32CubeIDE/plugins/com.st.stm32cube.ide.mcu.externaltools.gnu-tools-for-stm32.12.3.rel1.win32_1.0.200.202406191623/tools/bin/../lib/gcc/arm-none-eabi/12.3.1/../../../../arm-none-eabi/lib/thumb/v7e-m+dp/hard\libnosys.a
END GROUP
LOAD C:/ST/STM32CubeIDE_1.16.1/STM32CubeIDE/plugins/com.st.stm32cube.ide.mcu.externaltools.gnu-tools-for-stm32.12.3.rel1.win32_1.0.200.202406191623/tools/bin/../lib/gcc/arm-none-eabi/12.3.1/thumb/v7e-m+dp/hard/crtend.o
LOAD C:/ST/STM32CubeIDE_1.16.1/STM32CubeIDE/plugins/com.st.stm32cube.ide.mcu.externaltools.gnu-tools-for-stm32.12.3.rel1.win32_1.0.200.202406191623/tools/bin/../lib/gcc/arm-none-eabi/12.3.1/thumb/v7e-m+dp/hard/crtn.o
                0x24080000                        _estack = (ORIGIN (RAM_D1) + LENGTH (RAM_D1))
                0x00000200                        _Min_Heap_Size = 0x200
                0x00000400                        _Min_Stack_Size = 0x400

.isr_vector     0x08000000      0x298
                0x08000000                        . = ALIGN (0x4)
 *(.isr_vector)
 .isr_vector    0x08000000      0x298 ./Core/Startup/startup_stm32h755zitx.o
                0x08000000                g_pfnVectors
                0x08000298                        . = ALIGN (0x4)

.text           0x080002a0     0xfb54
                0x080002a0                        . = ALIGN (0x4)
 *(.text)
 .text          0x080002a0       0x40 C:/ST/STM32CubeIDE_1.16.1/STM32CubeIDE/plugins/com.st.stm32cube.ide.mcu.externaltools.gnu-tools-for-stm32.12.3.rel1.win32_1.0.200.202406191623/tools/bin/../lib/gcc/arm-none-eabi/12.3.1/thumb/v7e-m+dp/hard/crtbegin.o
 .text          0x080002e0       0x10 C:/ST/STM32CubeIDE_1.16.1/STM32CubeIDE/plugins/com.st.stm32cube.ide.mcu.externaltools.gnu-tools-for-stm32.12.3.rel1.win32_1.0.200.202406191623/tools/bin/../lib/gcc/arm-none-eabi/12.3.1/../../../../arm-none-eabi/lib/thumb/v7e-m+dp/hard\libc_nano.a(libc_a-strlen.o)
                0x080002e0                strlen
 .text          0x080002f0       0xa0 C:/ST/STM32CubeIDE_1.16.1/STM32CubeIDE/plugins/com.st.stm32cube.ide.mcu.externaltools.gnu-tools-for-stm32.12.3.rel1.win32_1.0.200.202406191623/tools/bin/../lib/gcc/arm-none-eabi/12.3.1/../../../../arm-none-eabi/lib/thumb/v7e-m+dp/hard\libc_nano.a(libc_a-memchr.o)
                0x080002f0                memchr
 .text          0x08000390       0x30 C:/ST/STM32CubeIDE_1.16.1/STM32CubeIDE/plugins/com.st.stm32cube.ide.mcu.externaltools.gnu-tools-for-stm32.12.3.rel1.win32_1.0.200.202406191623/tools/bin/../lib/gcc/arm-none-eabi/12.3.1/thumb/v7e-m+dp/hard\libgcc.a(_aeabi_uldivmod.o)
                0x08000390                __aeabi_uldivmod
 .text          0x080003c0      0x2bc C:/ST/STM32CubeIDE_1.16.1/STM32CubeIDE/plugins/com.st.stm32cube.ide.mcu.externaltools.gnu-tools-for-stm32.12.3.rel1.win32_1.0.200.202406191623/tools/bin/../lib/gcc/arm-none-eabi/12.3.1/thumb/v7e-m+dp/hard\libgcc.a(_udivmoddi4.o)
                0x080003c0                __udivmoddi4
 .text          0x0800067c        0x4 C:/ST/STM32CubeIDE_1.16.1/STM32CubeIDE/plugins/com.st.stm32cube.ide.mcu.externaltools.gnu-tools-for-stm32.12.3.rel1.win32_1.0.200.202406191623/tools/bin/../lib/gcc/arm-none-eabi/12.3.1/thumb/v7e-m+dp/hard\libgcc.a(_dvmd_tls.o)
                0x0800067c                __aeabi_idiv0
                0x0800067c                __aeabi_ldiv0
 *(.text*)
 .text.SystemInit
                0x08000680      0x12c ./Common/Src/system_stm32h7xx_dualcore_boot_cm4_cm7.o
                0x08000680                SystemInit
 .text.main     0x080007ac      0x1a8 ./Core/Src/main.o
                0x080007ac                main
 .text.SystemClock_Config
                0x08000954       0xf8 ./Core/Src/main.o
                0x08000954                SystemClock_Config
 .text.MX_TIM1_Init
                0x08000a4c      0x150 ./Core/Src/main.o
 .text.MX_USART1_UART_Init
                0x08000b9c       0x98 ./Core/Src/main.o
 .text.MX_DMA_Init
                0x08000c34       0x50 ./Core/Src/main.o
 .text.MX_GPIO_Init
                0x08000c84      0x1b4 ./Core/Src/main.o
 .text.NetworkInit
                0x08000e38      0x534 ./Core/Src/main.o
                0x08000e38                NetworkInit
 .text.OpenSocket
                0x0800136c       0x90 ./Core/Src/main.o
                0x0800136c                OpenSocket
 .text.SocketSendData
                0x080013fc       0xb8 ./Core/Src/main.o
                0x080013fc                SocketSendData
 .text.SocketReceiveData
                0x080014b4       0x78 ./Core/Src/main.o
                0x080014b4                SocketReceiveData
 .text.gps      0x0800152c      0x114 ./Core/Src/main.o
                0x0800152c                gps
 .text.HandleReceivedData
                0x08001640       0xb4 ./Core/Src/main.o
                0x08001640                HandleReceivedData
 .text.encodeServerData
                0x080016f4      0x150 ./Core/Src/main.o
                0x080016f4                encodeServerData
 .text.decodeServerData
                0x08001844      0x104 ./Core/Src/main.o
                0x08001844                decodeServerData
 .text.HAL_UARTEx_RxEventCallback
                0x08001948       0x2c ./Core/Src/main.o
                0x08001948                HAL_UARTEx_RxEventCallback
 .text.StartDefaultTask
                0x08001974       0x10 ./Core/Src/main.o
                0x08001974                StartDefaultTask
 .text.StartSendTask
                0x08001984       0x16 ./Core/Src/main.o
                0x08001984                StartSendTask
 .text.StartReceiveTask
                0x0800199a       0x16 ./Core/Src/main.o
                0x0800199a                StartReceiveTask
 .text.StartGpsTask
                0x080019b0       0x16 ./Core/Src/main.o
                0x080019b0                StartGpsTask
 *fill*         0x080019c6        0x2 
 .text.HAL_TIM_PeriodElapsedCallback
                0x080019c8       0x24 ./Core/Src/main.o
                0x080019c8                HAL_TIM_PeriodElapsedCallback
 .text.Error_Handler
                0x080019ec        0xc ./Core/Src/main.o
                0x080019ec                Error_Handler
 .text.HAL_MspInit
                0x080019f8       0x3c ./Core/Src/stm32h7xx_hal_msp.o
                0x080019f8                HAL_MspInit
 .text.HAL_TIM_PWM_MspInit
                0x08001a34       0x50 ./Core/Src/stm32h7xx_hal_msp.o
                0x08001a34                HAL_TIM_PWM_MspInit
 .text.HAL_TIM_MspPostInit
                0x08001a84       0xb8 ./Core/Src/stm32h7xx_hal_msp.o
                0x08001a84                HAL_TIM_MspPostInit
 .text.HAL_UART_MspInit
                0x08001b3c      0x148 ./Core/Src/stm32h7xx_hal_msp.o
                0x08001b3c                HAL_UART_MspInit
 .text.HAL_InitTick
                0x08001c84       0xd8 ./Core/Src/stm32h7xx_hal_timebase_tim.o
                0x08001c84                HAL_InitTick
 .text.NMI_Handler
                0x08001d5c        0x8 ./Core/Src/stm32h7xx_it.o
                0x08001d5c                NMI_Handler
 .text.HardFault_Handler
                0x08001d64        0x8 ./Core/Src/stm32h7xx_it.o
                0x08001d64                HardFault_Handler
 .text.MemManage_Handler
                0x08001d6c        0x8 ./Core/Src/stm32h7xx_it.o
                0x08001d6c                MemManage_Handler
 .text.BusFault_Handler
                0x08001d74        0x8 ./Core/Src/stm32h7xx_it.o
                0x08001d74                BusFault_Handler
 .text.UsageFault_Handler
                0x08001d7c        0x8 ./Core/Src/stm32h7xx_it.o
                0x08001d7c                UsageFault_Handler
 .text.DebugMon_Handler
                0x08001d84        0xe ./Core/Src/stm32h7xx_it.o
                0x08001d84                DebugMon_Handler
 *fill*         0x08001d92        0x2 
 .text.DMA1_Stream0_IRQHandler
                0x08001d94       0x14 ./Core/Src/stm32h7xx_it.o
                0x08001d94                DMA1_Stream0_IRQHandler
 .text.TIM1_UP_IRQHandler
                0x08001da8       0x14 ./Core/Src/stm32h7xx_it.o
                0x08001da8                TIM1_UP_IRQHandler
 .text.USART1_IRQHandler
                0x08001dbc       0x14 ./Core/Src/stm32h7xx_it.o
                0x08001dbc                USART1_IRQHandler
 .text.EXTI15_10_IRQHandler
                0x08001dd0        0xe ./Core/Src/stm32h7xx_it.o
                0x08001dd0                EXTI15_10_IRQHandler
 *fill*         0x08001dde        0x2 
 .text.TIM6_DAC_IRQHandler
                0x08001de0       0x14 ./Core/Src/stm32h7xx_it.o
                0x08001de0                TIM6_DAC_IRQHandler
 .text._getpid  0x08001df4       0x10 ./Core/Src/syscalls.o
                0x08001df4                _getpid
 .text._kill    0x08001e04       0x20 ./Core/Src/syscalls.o
                0x08001e04                _kill
 .text._exit    0x08001e24       0x16 ./Core/Src/syscalls.o
                0x08001e24                _exit
 .text._read    0x08001e3a       0x3a ./Core/Src/syscalls.o
                0x08001e3a                _read
 .text._write   0x08001e74       0x38 ./Core/Src/syscalls.o
                0x08001e74                _write
 .text._close   0x08001eac       0x18 ./Core/Src/syscalls.o
                0x08001eac                _close
 .text._fstat   0x08001ec4       0x20 ./Core/Src/syscalls.o
                0x08001ec4                _fstat
 .text._isatty  0x08001ee4       0x16 ./Core/Src/syscalls.o
                0x08001ee4                _isatty
 .text._lseek   0x08001efa       0x1a ./Core/Src/syscalls.o
                0x08001efa                _lseek
 .text._sbrk    0x08001f14       0x6c ./Core/Src/sysmem.o
                0x08001f14                _sbrk
 .text.Reset_Handler
                0x08001f80       0x50 ./Core/Startup/startup_stm32h755zitx.o
                0x08001f80                Reset_Handler
 .text.Default_Handler
                0x08001fd0        0x2 ./Core/Startup/startup_stm32h755zitx.o
                0x08001fd0                RTC_Alarm_IRQHandler
                0x08001fd0                HASH_RNG_IRQHandler
                0x08001fd0                EXTI2_IRQHandler
                0x08001fd0                TIM8_CC_IRQHandler
                0x08001fd0                HRTIM1_Master_IRQHandler
                0x08001fd0                UART8_IRQHandler
                0x08001fd0                SPI4_IRQHandler
                0x08001fd0                TIM1_CC_IRQHandler
                0x08001fd0                BDMA_Channel6_IRQHandler
                0x08001fd0                DMA2_Stream5_IRQHandler
                0x08001fd0                HRTIM1_FLT_IRQHandler
                0x08001fd0                JPEG_IRQHandler
                0x08001fd0                DMA1_Stream5_IRQHandler
                0x08001fd0                BDMA_Channel1_IRQHandler
                0x08001fd0                HRTIM1_TIMD_IRQHandler
                0x08001fd0                TAMP_STAMP_IRQHandler
                0x08001fd0                EXTI3_IRQHandler
                0x08001fd0                LPTIM4_IRQHandler
                0x08001fd0                TIM8_TRG_COM_TIM14_IRQHandler
                0x08001fd0                LPTIM2_IRQHandler
                0x08001fd0                DFSDM1_FLT1_IRQHandler
                0x08001fd0                DMAMUX2_OVR_IRQHandler
                0x08001fd0                TIM8_UP_TIM13_IRQHandler
                0x08001fd0                I2C3_ER_IRQHandler
                0x08001fd0                DFSDM1_FLT2_IRQHandler
                0x08001fd0                MDMA_IRQHandler
                0x08001fd0                LPTIM3_IRQHandler
                0x08001fd0                HSEM1_IRQHandler
                0x08001fd0                EXTI0_IRQHandler
                0x08001fd0                I2C2_EV_IRQHandler
                0x08001fd0                DMA1_Stream2_IRQHandler
                0x08001fd0                FPU_IRQHandler
                0x08001fd0                OTG_HS_WKUP_IRQHandler
                0x08001fd0                FDCAN1_IT1_IRQHandler
                0x08001fd0                LTDC_ER_IRQHandler
                0x08001fd0                DMA2_Stream2_IRQHandler
                0x08001fd0                HRTIM1_TIME_IRQHandler
                0x08001fd0                SPI1_IRQHandler
                0x08001fd0                DCMI_IRQHandler
                0x08001fd0                HRTIM1_TIMC_IRQHandler
                0x08001fd0                DMA2_Stream3_IRQHandler
                0x08001fd0                SAI2_IRQHandler
                0x08001fd0                DFSDM1_FLT3_IRQHandler
                0x08001fd0                USART6_IRQHandler
                0x08001fd0                TIM17_IRQHandler
                0x08001fd0                USART3_IRQHandler
                0x08001fd0                BDMA_Channel7_IRQHandler
                0x08001fd0                CRYP_IRQHandler
                0x08001fd0                LPTIM5_IRQHandler
                0x08001fd0                UART5_IRQHandler
                0x08001fd0                ADC3_IRQHandler
                0x08001fd0                DMA2_Stream0_IRQHandler
                0x08001fd0                TIM4_IRQHandler
                0x08001fd0                BDMA_Channel2_IRQHandler
                0x08001fd0                QUADSPI_IRQHandler
                0x08001fd0                I2C1_EV_IRQHandler
                0x08001fd0                DMA1_Stream6_IRQHandler
                0x08001fd0                DMAMUX1_OVR_IRQHandler
                0x08001fd0                DMA1_Stream1_IRQHandler
                0x08001fd0                TIM16_IRQHandler
                0x08001fd0                UART4_IRQHandler
                0x08001fd0                BDMA_Channel5_IRQHandler
                0x08001fd0                TIM3_IRQHandler
                0x08001fd0                RCC_IRQHandler
                0x08001fd0                TIM8_BRK_TIM12_IRQHandler
                0x08001fd0                TIM1_TRG_COM_IRQHandler
                0x08001fd0                Default_Handler
                0x08001fd0                ECC_IRQHandler
                0x08001fd0                CEC_IRQHandler
                0x08001fd0                BDMA_Channel0_IRQHandler
                0x08001fd0                ADC_IRQHandler
                0x08001fd0                DMA1_Stream7_IRQHandler
                0x08001fd0                HRTIM1_TIMA_IRQHandler
                0x08001fd0                SPI5_IRQHandler
                0x08001fd0                TIM7_IRQHandler
                0x08001fd0                SDMMC1_IRQHandler
                0x08001fd0                TIM5_IRQHandler
                0x08001fd0                DMA2_Stream7_IRQHandler
                0x08001fd0                TIM15_IRQHandler
                0x08001fd0                PVD_AVD_IRQHandler
                0x08001fd0                I2C3_EV_IRQHandler
                0x08001fd0                EXTI9_5_IRQHandler
                0x08001fd0                RTC_WKUP_IRQHandler
                0x08001fd0                LTDC_IRQHandler
                0x08001fd0                SAI3_IRQHandler
                0x08001fd0                ETH_WKUP_IRQHandler
                0x08001fd0                SPDIF_RX_IRQHandler
                0x08001fd0                SPI2_IRQHandler
                0x08001fd0                OTG_HS_EP1_IN_IRQHandler
                0x08001fd0                CRS_IRQHandler
                0x08001fd0                CM7_SEV_IRQHandler
                0x08001fd0                EXTI4_IRQHandler
                0x08001fd0                CM4_SEV_IRQHandler
                0x08001fd0                HRTIM1_TIMB_IRQHandler
                0x08001fd0                FDCAN2_IT1_IRQHandler
                0x08001fd0                ETH_IRQHandler
                0x08001fd0                WWDG_RST_IRQHandler
                0x08001fd0                BDMA_Channel4_IRQHandler
                0x08001fd0                OTG_HS_EP1_OUT_IRQHandler
                0x08001fd0                WWDG_IRQHandler
                0x08001fd0                SPI6_IRQHandler
                0x08001fd0                MDIOS_IRQHandler
                0x08001fd0                I2C4_EV_IRQHandler
                0x08001fd0                FDCAN2_IT0_IRQHandler
                0x08001fd0                LPUART1_IRQHandler
                0x08001fd0                FDCAN1_IT0_IRQHandler
                0x08001fd0                TIM2_IRQHandler
                0x08001fd0                OTG_FS_WKUP_IRQHandler
                0x08001fd0                OTG_HS_IRQHandler
                0x08001fd0                HSEM2_IRQHandler
                0x08001fd0                DMA2D_IRQHandler
                0x08001fd0                TIM1_BRK_IRQHandler
                0x08001fd0                EXTI1_IRQHandler
                0x08001fd0                SDMMC2_IRQHandler
                0x08001fd0                OTG_FS_EP1_OUT_IRQHandler
                0x08001fd0                BDMA_Channel3_IRQHandler
                0x08001fd0                HOLD_CORE_IRQHandler
                0x08001fd0                UART7_IRQHandler
                0x08001fd0                MDIOS_WKUP_IRQHandler
                0x08001fd0                USART2_IRQHandler
                0x08001fd0                DFSDM1_FLT0_IRQHandler
                0x08001fd0                SAI4_IRQHandler
                0x08001fd0                I2C2_ER_IRQHandler
                0x08001fd0                DMA2_Stream1_IRQHandler
                0x08001fd0                FLASH_IRQHandler
                0x08001fd0                DMA2_Stream4_IRQHandler
                0x08001fd0                OTG_FS_IRQHandler
                0x08001fd0                SPI3_IRQHandler
                0x08001fd0                WAKEUP_PIN_IRQHandler
                0x08001fd0                DMA1_Stream4_IRQHandler
                0x08001fd0                OTG_FS_EP1_IN_IRQHandler
                0x08001fd0                I2C1_ER_IRQHandler
                0x08001fd0                FMC_IRQHandler
                0x08001fd0                FDCAN_CAL_IRQHandler
                0x08001fd0                SWPMI1_IRQHandler
                0x08001fd0                COMP1_IRQHandler
                0x08001fd0                LPTIM1_IRQHandler
                0x08001fd0                I2C4_ER_IRQHandler
                0x08001fd0                DMA2_Stream6_IRQHandler
                0x08001fd0                SAI1_IRQHandler
                0x08001fd0                DMA1_Stream3_IRQHandler
 *fill*         0x08001fd2        0x2 
 .text.BSP_LED_Init
                0x08001fd4       0xec ./Drivers/BSP/STM32H7xx_Nucleo/stm32h7xx_nucleo.o
                0x08001fd4                BSP_LED_Init
 .text.BSP_PB_Init
                0x080020c0       0xe4 ./Drivers/BSP/STM32H7xx_Nucleo/stm32h7xx_nucleo.o
                0x080020c0                BSP_PB_Init
 .text.BSP_PB_IRQHandler
                0x080021a4       0x24 ./Drivers/BSP/STM32H7xx_Nucleo/stm32h7xx_nucleo.o
                0x080021a4                BSP_PB_IRQHandler
 .text.BSP_PB_Callback
                0x080021c8       0x16 ./Drivers/BSP/STM32H7xx_Nucleo/stm32h7xx_nucleo.o
                0x080021c8                BSP_PB_Callback
 .text.BUTTON_USER_EXTI_Callback
                0x080021de        0xe ./Drivers/BSP/STM32H7xx_Nucleo/stm32h7xx_nucleo.o
 .text.HAL_Init
                0x080021ec       0x78 ./Drivers/STM32H7xx_HAL_Driver/stm32h7xx_hal.o
                0x080021ec                HAL_Init
 .text.HAL_IncTick
                0x08002264       0x28 ./Drivers/STM32H7xx_HAL_Driver/stm32h7xx_hal.o
                0x08002264                HAL_IncTick
 .text.HAL_GetTick
                0x0800228c       0x18 ./Drivers/STM32H7xx_HAL_Driver/stm32h7xx_hal.o
                0x0800228c                HAL_GetTick
 .text.HAL_GetREVID
                0x080022a4       0x18 ./Drivers/STM32H7xx_HAL_Driver/stm32h7xx_hal.o
                0x080022a4                HAL_GetREVID
 .text.__NVIC_SetPriorityGrouping
                0x080022bc       0x48 ./Drivers/STM32H7xx_HAL_Driver/stm32h7xx_hal_cortex.o
 .text.__NVIC_GetPriorityGrouping
                0x08002304       0x1c ./Drivers/STM32H7xx_HAL_Driver/stm32h7xx_hal_cortex.o
 .text.__NVIC_EnableIRQ
                0x08002320       0x3c ./Drivers/STM32H7xx_HAL_Driver/stm32h7xx_hal_cortex.o
 .text.__NVIC_SetPriority
                0x0800235c       0x54 ./Drivers/STM32H7xx_HAL_Driver/stm32h7xx_hal_cortex.o
 .text.NVIC_EncodePriority
                0x080023b0       0x66 ./Drivers/STM32H7xx_HAL_Driver/stm32h7xx_hal_cortex.o
 .text.HAL_NVIC_SetPriorityGrouping
                0x08002416       0x16 ./Drivers/STM32H7xx_HAL_Driver/stm32h7xx_hal_cortex.o
                0x08002416                HAL_NVIC_SetPriorityGrouping
 .text.HAL_NVIC_SetPriority
                0x0800242c       0x34 ./Drivers/STM32H7xx_HAL_Driver/stm32h7xx_hal_cortex.o
                0x0800242c                HAL_NVIC_SetPriority
 .text.HAL_NVIC_EnableIRQ
                0x08002460       0x1c ./Drivers/STM32H7xx_HAL_Driver/stm32h7xx_hal_cortex.o
                0x08002460                HAL_NVIC_EnableIRQ
 .text.HAL_GetCurrentCPUID
                0x0800247c       0x28 ./Drivers/STM32H7xx_HAL_Driver/stm32h7xx_hal_cortex.o
                0x0800247c                HAL_GetCurrentCPUID
 .text.HAL_DMA_Init
                0x080024a4      0x6b8 ./Drivers/STM32H7xx_HAL_Driver/stm32h7xx_hal_dma.o
                0x080024a4                HAL_DMA_Init
 .text.HAL_DMA_Start_IT
                0x08002b5c      0x4d4 ./Drivers/STM32H7xx_HAL_Driver/stm32h7xx_hal_dma.o
                0x08002b5c                HAL_DMA_Start_IT
 .text.HAL_DMA_Abort
                0x08003030      0x63c ./Drivers/STM32H7xx_HAL_Driver/stm32h7xx_hal_dma.o
                0x08003030                HAL_DMA_Abort
 .text.HAL_DMA_Abort_IT
                0x0800366c      0x48c ./Drivers/STM32H7xx_HAL_Driver/stm32h7xx_hal_dma.o
                0x0800366c                HAL_DMA_Abort_IT
 .text.HAL_DMA_IRQHandler
                0x08003af8      0xe54 ./Drivers/STM32H7xx_HAL_Driver/stm32h7xx_hal_dma.o
                0x08003af8                HAL_DMA_IRQHandler
 .text.DMA_SetConfig
                0x0800494c      0x358 ./Drivers/STM32H7xx_HAL_Driver/stm32h7xx_hal_dma.o
 .text.DMA_CalcBaseAndBitshift
                0x08004ca4      0x164 ./Drivers/STM32H7xx_HAL_Driver/stm32h7xx_hal_dma.o
 .text.DMA_CheckFifoParam
                0x08004e08       0xf8 ./Drivers/STM32H7xx_HAL_Driver/stm32h7xx_hal_dma.o
 .text.DMA_CalcDMAMUXChannelBaseAndMask
                0x08004f00      0x134 ./Drivers/STM32H7xx_HAL_Driver/stm32h7xx_hal_dma.o
 .text.DMA_CalcDMAMUXRequestGenBaseAndMask
                0x08005034       0xe8 ./Drivers/STM32H7xx_HAL_Driver/stm32h7xx_hal_dma.o
 .text.HAL_EXTI_RegisterCallback
                0x0800511c       0x3e ./Drivers/STM32H7xx_HAL_Driver/stm32h7xx_hal_exti.o
                0x0800511c                HAL_EXTI_RegisterCallback
 .text.HAL_EXTI_GetHandle
                0x0800515a       0x28 ./Drivers/STM32H7xx_HAL_Driver/stm32h7xx_hal_exti.o
                0x0800515a                HAL_EXTI_GetHandle
 *fill*         0x08005182        0x2 
 .text.HAL_EXTI_IRQHandler
                0x08005184       0x78 ./Drivers/STM32H7xx_HAL_Driver/stm32h7xx_hal_exti.o
                0x08005184                HAL_EXTI_IRQHandler
 .text.HAL_GPIO_Init
                0x080051fc      0x360 ./Drivers/STM32H7xx_HAL_Driver/stm32h7xx_hal_gpio.o
                0x080051fc                HAL_GPIO_Init
 .text.HAL_GPIO_WritePin
                0x0800555c       0x32 ./Drivers/STM32H7xx_HAL_Driver/stm32h7xx_hal_gpio.o
                0x0800555c                HAL_GPIO_WritePin
 *fill*         0x0800558e        0x2 
 .text.HAL_HSEM_FastTake
                0x08005590       0x34 ./Drivers/STM32H7xx_HAL_Driver/stm32h7xx_hal_hsem.o
                0x08005590                HAL_HSEM_FastTake
 .text.HAL_HSEM_Release
                0x080055c4       0x28 ./Drivers/STM32H7xx_HAL_Driver/stm32h7xx_hal_hsem.o
                0x080055c4                HAL_HSEM_Release
 .text.HAL_PWREx_ConfigSupply
                0x080055ec       0xb4 ./Drivers/STM32H7xx_HAL_Driver/stm32h7xx_hal_pwr_ex.o
                0x080055ec                HAL_PWREx_ConfigSupply
 .text.HAL_RCC_OscConfig
                0x080056a0      0x8b4 ./Drivers/STM32H7xx_HAL_Driver/stm32h7xx_hal_rcc.o
                0x080056a0                HAL_RCC_OscConfig
 .text.HAL_RCC_ClockConfig
                0x08005f54      0x36c ./Drivers/STM32H7xx_HAL_Driver/stm32h7xx_hal_rcc.o
                0x08005f54                HAL_RCC_ClockConfig
 .text.HAL_RCC_GetSysClockFreq
                0x080062c0      0x2f4 ./Drivers/STM32H7xx_HAL_Driver/stm32h7xx_hal_rcc.o
                0x080062c0                HAL_RCC_GetSysClockFreq
 .text.HAL_RCC_GetHCLKFreq
                0x080065b4       0x60 ./Drivers/STM32H7xx_HAL_Driver/stm32h7xx_hal_rcc.o
                0x080065b4                HAL_RCC_GetHCLKFreq
 .text.HAL_RCC_GetPCLK1Freq
                0x08006614       0x2c ./Drivers/STM32H7xx_HAL_Driver/stm32h7xx_hal_rcc.o
                0x08006614                HAL_RCC_GetPCLK1Freq
 .text.HAL_RCC_GetPCLK2Freq
                0x08006640       0x2c ./Drivers/STM32H7xx_HAL_Driver/stm32h7xx_hal_rcc.o
                0x08006640                HAL_RCC_GetPCLK2Freq
 .text.HAL_RCC_GetClockConfig
                0x0800666c       0x84 ./Drivers/STM32H7xx_HAL_Driver/stm32h7xx_hal_rcc.o
                0x0800666c                HAL_RCC_GetClockConfig
 .text.HAL_RCCEx_PeriphCLKConfig
                0x080066f0     0x1414 ./Drivers/STM32H7xx_HAL_Driver/stm32h7xx_hal_rcc_ex.o
                0x080066f0                HAL_RCCEx_PeriphCLKConfig
 .text.HAL_RCCEx_GetD3PCLK1Freq
                0x08007b04       0x2c ./Drivers/STM32H7xx_HAL_Driver/stm32h7xx_hal_rcc_ex.o
                0x08007b04                HAL_RCCEx_GetD3PCLK1Freq
 .text.HAL_RCCEx_GetPLL2ClockFreq
                0x08007b30      0x2a8 ./Drivers/STM32H7xx_HAL_Driver/stm32h7xx_hal_rcc_ex.o
                0x08007b30                HAL_RCCEx_GetPLL2ClockFreq
 .text.HAL_RCCEx_GetPLL3ClockFreq
                0x08007dd8      0x2a8 ./Drivers/STM32H7xx_HAL_Driver/stm32h7xx_hal_rcc_ex.o
                0x08007dd8                HAL_RCCEx_GetPLL3ClockFreq
 .text.RCCEx_PLL2_Config
                0x08008080      0x164 ./Drivers/STM32H7xx_HAL_Driver/stm32h7xx_hal_rcc_ex.o
 .text.RCCEx_PLL3_Config
                0x080081e4      0x164 ./Drivers/STM32H7xx_HAL_Driver/stm32h7xx_hal_rcc_ex.o
 .text.HAL_TIM_Base_Init
                0x08008348       0xae ./Drivers/STM32H7xx_HAL_Driver/stm32h7xx_hal_tim.o
                0x08008348                HAL_TIM_Base_Init
 .text.HAL_TIM_Base_MspInit
                0x080083f6       0x14 ./Drivers/STM32H7xx_HAL_Driver/stm32h7xx_hal_tim.o
                0x080083f6                HAL_TIM_Base_MspInit
 *fill*         0x0800840a        0x2 
 .text.HAL_TIM_Base_Start_IT
                0x0800840c       0xf0 ./Drivers/STM32H7xx_HAL_Driver/stm32h7xx_hal_tim.o
                0x0800840c                HAL_TIM_Base_Start_IT
 .text.HAL_TIM_PWM_Init
                0x080084fc       0xae ./Drivers/STM32H7xx_HAL_Driver/stm32h7xx_hal_tim.o
                0x080084fc                HAL_TIM_PWM_Init
 .text.HAL_TIM_IRQHandler
                0x080085aa      0x20e ./Drivers/STM32H7xx_HAL_Driver/stm32h7xx_hal_tim.o
                0x080085aa                HAL_TIM_IRQHandler
 .text.HAL_TIM_PWM_ConfigChannel
                0x080087b8      0x228 ./Drivers/STM32H7xx_HAL_Driver/stm32h7xx_hal_tim.o
                0x080087b8                HAL_TIM_PWM_ConfigChannel
 .text.HAL_TIM_OC_DelayElapsedCallback
                0x080089e0       0x14 ./Drivers/STM32H7xx_HAL_Driver/stm32h7xx_hal_tim.o
                0x080089e0                HAL_TIM_OC_DelayElapsedCallback
 .text.HAL_TIM_IC_CaptureCallback
                0x080089f4       0x14 ./Drivers/STM32H7xx_HAL_Driver/stm32h7xx_hal_tim.o
                0x080089f4                HAL_TIM_IC_CaptureCallback
 .text.HAL_TIM_PWM_PulseFinishedCallback
                0x08008a08       0x14 ./Drivers/STM32H7xx_HAL_Driver/stm32h7xx_hal_tim.o
                0x08008a08                HAL_TIM_PWM_PulseFinishedCallback
 .text.HAL_TIM_TriggerCallback
                0x08008a1c       0x14 ./Drivers/STM32H7xx_HAL_Driver/stm32h7xx_hal_tim.o
                0x08008a1c                HAL_TIM_TriggerCallback
 .text.TIM_Base_SetConfig
                0x08008a30      0x14c ./Drivers/STM32H7xx_HAL_Driver/stm32h7xx_hal_tim.o
                0x08008a30                TIM_Base_SetConfig
 .text.TIM_OC1_SetConfig
                0x08008b7c      0x120 ./Drivers/STM32H7xx_HAL_Driver/stm32h7xx_hal_tim.o
 .text.TIM_OC2_SetConfig
                0x08008c9c      0x114 ./Drivers/STM32H7xx_HAL_Driver/stm32h7xx_hal_tim.o
                0x08008c9c                TIM_OC2_SetConfig
 .text.TIM_OC3_SetConfig
                0x08008db0      0x110 ./Drivers/STM32H7xx_HAL_Driver/stm32h7xx_hal_tim.o
 .text.TIM_OC4_SetConfig
                0x08008ec0       0xd4 ./Drivers/STM32H7xx_HAL_Driver/stm32h7xx_hal_tim.o
 .text.TIM_OC5_SetConfig
                0x08008f94       0xc8 ./Drivers/STM32H7xx_HAL_Driver/stm32h7xx_hal_tim.o
 .text.TIM_OC6_SetConfig
                0x0800905c       0xcc ./Drivers/STM32H7xx_HAL_Driver/stm32h7xx_hal_tim.o
 .text.HAL_TIMEx_MasterConfigSynchronization
                0x08009128      0x11c ./Drivers/STM32H7xx_HAL_Driver/stm32h7xx_hal_tim_ex.o
                0x08009128                HAL_TIMEx_MasterConfigSynchronization
 .text.HAL_TIMEx_ConfigBreakDeadTime
                0x08009244       0xfc ./Drivers/STM32H7xx_HAL_Driver/stm32h7xx_hal_tim_ex.o
                0x08009244                HAL_TIMEx_ConfigBreakDeadTime
 .text.HAL_TIMEx_CommutCallback
                0x08009340       0x14 ./Drivers/STM32H7xx_HAL_Driver/stm32h7xx_hal_tim_ex.o
                0x08009340                HAL_TIMEx_CommutCallback
 .text.HAL_TIMEx_BreakCallback
                0x08009354       0x14 ./Drivers/STM32H7xx_HAL_Driver/stm32h7xx_hal_tim_ex.o
                0x08009354                HAL_TIMEx_BreakCallback
 .text.HAL_TIMEx_Break2Callback
                0x08009368       0x14 ./Drivers/STM32H7xx_HAL_Driver/stm32h7xx_hal_tim_ex.o
                0x08009368                HAL_TIMEx_Break2Callback
 .text.HAL_UART_Init
                0x0800937c       0xa0 ./Drivers/STM32H7xx_HAL_Driver/stm32h7xx_hal_uart.o
                0x0800937c                HAL_UART_Init
 .text.HAL_UART_Transmit
                0x0800941c      0x11c ./Drivers/STM32H7xx_HAL_Driver/stm32h7xx_hal_uart.o
                0x0800941c                HAL_UART_Transmit
 .text.HAL_UART_Receive
                0x08009538      0x190 ./Drivers/STM32H7xx_HAL_Driver/stm32h7xx_hal_uart.o
                0x08009538                HAL_UART_Receive
 .text.HAL_UART_IRQHandler
                0x080096c8      0x774 ./Drivers/STM32H7xx_HAL_Driver/stm32h7xx_hal_uart.o
                0x080096c8                HAL_UART_IRQHandler
 .text.HAL_UART_TxCpltCallback
                0x08009e3c       0x14 ./Drivers/STM32H7xx_HAL_Driver/stm32h7xx_hal_uart.o
                0x08009e3c                HAL_UART_TxCpltCallback
 .text.HAL_UART_RxCpltCallback
                0x08009e50       0x14 ./Drivers/STM32H7xx_HAL_Driver/stm32h7xx_hal_uart.o
                0x08009e50                HAL_UART_RxCpltCallback
 .text.HAL_UART_RxHalfCpltCallback
                0x08009e64       0x14 ./Drivers/STM32H7xx_HAL_Driver/stm32h7xx_hal_uart.o
                0x08009e64                HAL_UART_RxHalfCpltCallback
 .text.HAL_UART_ErrorCallback
                0x08009e78       0x14 ./Drivers/STM32H7xx_HAL_Driver/stm32h7xx_hal_uart.o
                0x08009e78                HAL_UART_ErrorCallback
 .text.UART_SetConfig
                0x08009e8c      0xad0 ./Drivers/STM32H7xx_HAL_Driver/stm32h7xx_hal_uart.o
                0x08009e8c                UART_SetConfig
 .text.UART_AdvFeatureConfig
                0x0800a95c      0x144 ./Drivers/STM32H7xx_HAL_Driver/stm32h7xx_hal_uart.o
                0x0800a95c                UART_AdvFeatureConfig
 .text.UART_CheckIdleState
                0x0800aaa0      0x154 ./Drivers/STM32H7xx_HAL_Driver/stm32h7xx_hal_uart.o
                0x0800aaa0                UART_CheckIdleState
 .text.UART_WaitOnFlagUntilTimeout
                0x0800abf4       0xda ./Drivers/STM32H7xx_HAL_Driver/stm32h7xx_hal_uart.o
                0x0800abf4                UART_WaitOnFlagUntilTimeout
 *fill*         0x0800acce        0x2 
 .text.UART_Start_Receive_DMA
                0x0800acd0      0x14c ./Drivers/STM32H7xx_HAL_Driver/stm32h7xx_hal_uart.o
                0x0800acd0                UART_Start_Receive_DMA
 .text.UART_EndTxTransfer
                0x0800ae1c       0x82 ./Drivers/STM32H7xx_HAL_Driver/stm32h7xx_hal_uart.o
 *fill*         0x0800ae9e        0x2 
 .text.UART_EndRxTransfer
                0x0800aea0       0xcc ./Drivers/STM32H7xx_HAL_Driver/stm32h7xx_hal_uart.o
 .text.UART_DMAReceiveCplt
                0x0800af6c      0x128 ./Drivers/STM32H7xx_HAL_Driver/stm32h7xx_hal_uart.o
 .text.UART_DMARxHalfCplt
                0x0800b094       0x3e ./Drivers/STM32H7xx_HAL_Driver/stm32h7xx_hal_uart.o
 .text.UART_DMAError
                0x0800b0d2       0x80 ./Drivers/STM32H7xx_HAL_Driver/stm32h7xx_hal_uart.o
 .text.UART_DMAAbortOnError
                0x0800b152       0x2c ./Drivers/STM32H7xx_HAL_Driver/stm32h7xx_hal_uart.o
 .text.UART_EndTransmit_IT
                0x0800b17e       0x56 ./Drivers/STM32H7xx_HAL_Driver/stm32h7xx_hal_uart.o
 .text.HAL_UARTEx_WakeupCallback
                0x0800b1d4       0x14 ./Drivers/STM32H7xx_HAL_Driver/stm32h7xx_hal_uart_ex.o
                0x0800b1d4                HAL_UARTEx_WakeupCallback
 .text.HAL_UARTEx_RxFifoFullCallback
                0x0800b1e8       0x14 ./Drivers/STM32H7xx_HAL_Driver/stm32h7xx_hal_uart_ex.o
                0x0800b1e8                HAL_UARTEx_RxFifoFullCallback
 .text.HAL_UARTEx_TxFifoEmptyCallback
                0x0800b1fc       0x14 ./Drivers/STM32H7xx_HAL_Driver/stm32h7xx_hal_uart_ex.o
                0x0800b1fc                HAL_UARTEx_TxFifoEmptyCallback
 .text.HAL_UARTEx_DisableFifoMode
                0x0800b210       0x72 ./Drivers/STM32H7xx_HAL_Driver/stm32h7xx_hal_uart_ex.o
                0x0800b210                HAL_UARTEx_DisableFifoMode
 .text.HAL_UARTEx_SetTxFifoThreshold
                0x0800b282       0x7c ./Drivers/STM32H7xx_HAL_Driver/stm32h7xx_hal_uart_ex.o
                0x0800b282                HAL_UARTEx_SetTxFifoThreshold
 .text.HAL_UARTEx_SetRxFifoThreshold
                0x0800b2fe       0x7c ./Drivers/STM32H7xx_HAL_Driver/stm32h7xx_hal_uart_ex.o
                0x0800b2fe                HAL_UARTEx_SetRxFifoThreshold
 .text.HAL_UARTEx_ReceiveToIdle_DMA
                0x0800b37a       0xa8 ./Drivers/STM32H7xx_HAL_Driver/stm32h7xx_hal_uart_ex.o
                0x0800b37a                HAL_UARTEx_ReceiveToIdle_DMA
 *fill*         0x0800b422        0x2 
 .text.UARTEx_SetNbDataToProcess
                0x0800b424       0x9c ./Drivers/STM32H7xx_HAL_Driver/stm32h7xx_hal_uart_ex.o
 .text.__NVIC_SetPriority
                0x0800b4c0       0x54 ./Middlewares/Third_Party/FreeRTOS/cmsis_os2.o
 .text.SysTick_Handler
                0x0800b514       0x20 ./Middlewares/Third_Party/FreeRTOS/cmsis_os2.o
                0x0800b514                SysTick_Handler
 .text.SVC_Setup
                0x0800b534       0x12 ./Middlewares/Third_Party/FreeRTOS/cmsis_os2.o
 *fill*         0x0800b546        0x2 
 .text.osKernelInitialize
                0x0800b548       0x48 ./Middlewares/Third_Party/FreeRTOS/cmsis_os2.o
                0x0800b548                osKernelInitialize
 .text.osKernelStart
                0x0800b590       0x4c ./Middlewares/Third_Party/FreeRTOS/cmsis_os2.o
                0x0800b590                osKernelStart
 .text.osThreadNew
                0x0800b5dc      0x124 ./Middlewares/Third_Party/FreeRTOS/cmsis_os2.o
                0x0800b5dc                osThreadNew
 .text.osDelay  0x0800b700       0x36 ./Middlewares/Third_Party/FreeRTOS/cmsis_os2.o
                0x0800b700                osDelay
 .text.osMutexNew
                0x0800b736      0x10c ./Middlewares/Third_Party/FreeRTOS/cmsis_os2.o
                0x0800b736                osMutexNew
 .text.osMutexAcquire
                0x0800b842       0x96 ./Middlewares/Third_Party/FreeRTOS/cmsis_os2.o
                0x0800b842                osMutexAcquire
 .text.osMutexRelease
                0x0800b8d8       0x7a ./Middlewares/Third_Party/FreeRTOS/cmsis_os2.o
                0x0800b8d8                osMutexRelease
 *fill*         0x0800b952        0x2 
 .text.vApplicationGetIdleTaskMemory
                0x0800b954       0x34 ./Middlewares/Third_Party/FreeRTOS/cmsis_os2.o
                0x0800b954                vApplicationGetIdleTaskMemory
 .text.vApplicationGetTimerTaskMemory
                0x0800b988       0x34 ./Middlewares/Third_Party/FreeRTOS/cmsis_os2.o
                0x0800b988                vApplicationGetTimerTaskMemory
 .text.pvPortMalloc
                0x0800b9bc      0x19c ./Middlewares/Third_Party/FreeRTOS/heap_4.o
                0x0800b9bc                pvPortMalloc
 .text.vPortFree
                0x0800bb58       0xc8 ./Middlewares/Third_Party/FreeRTOS/heap_4.o
                0x0800bb58                vPortFree
 .text.prvHeapInit
                0x0800bc20       0xc4 ./Middlewares/Third_Party/FreeRTOS/heap_4.o
 .text.prvInsertBlockIntoFreeList
                0x0800bce4       0xb4 ./Middlewares/Third_Party/FreeRTOS/heap_4.o
 .text.vListInitialise
                0x0800bd98       0x40 ./Middlewares/Third_Party/FreeRTOS/list.o
                0x0800bd98                vListInitialise
 .text.vListInitialiseItem
                0x0800bdd8       0x1a ./Middlewares/Third_Party/FreeRTOS/list.o
                0x0800bdd8                vListInitialiseItem
 .text.vListInsertEnd
                0x0800bdf2       0x48 ./Middlewares/Third_Party/FreeRTOS/list.o
                0x0800bdf2                vListInsertEnd
 .text.vListInsert
                0x0800be3a       0x72 ./Middlewares/Third_Party/FreeRTOS/list.o
                0x0800be3a                vListInsert
 .text.uxListRemove
                0x0800beac       0x54 ./Middlewares/Third_Party/FreeRTOS/list.o
                0x0800beac                uxListRemove
 .text.pxPortInitialiseStack
                0x0800bf00       0x68 ./Middlewares/Third_Party/FreeRTOS/port.o
                0x0800bf00                pxPortInitialiseStack
 .text.prvTaskExitError
                0x0800bf68       0x5c ./Middlewares/Third_Party/FreeRTOS/port.o
 *fill*         0x0800bfc4        0xc 
 .text.SVC_Handler
                0x0800bfd0       0x28 ./Middlewares/Third_Party/FreeRTOS/port.o
                0x0800bfd0                SVC_Handler
 .text.prvPortStartFirstTask
                0x0800bff8       0x28 ./Middlewares/Third_Party/FreeRTOS/port.o
 .text.xPortStartScheduler
                0x0800c020      0x148 ./Middlewares/Third_Party/FreeRTOS/port.o
                0x0800c020                xPortStartScheduler
 .text.vPortEnterCritical
                0x0800c168       0x64 ./Middlewares/Third_Party/FreeRTOS/port.o
                0x0800c168                vPortEnterCritical
 .text.vPortExitCritical
                0x0800c1cc       0x54 ./Middlewares/Third_Party/FreeRTOS/port.o
                0x0800c1cc                vPortExitCritical
 .text.PendSV_Handler
                0x0800c220       0x68 ./Middlewares/Third_Party/FreeRTOS/port.o
                0x0800c220                PendSV_Handler
 .text.xPortSysTickHandler
                0x0800c288       0x44 ./Middlewares/Third_Party/FreeRTOS/port.o
                0x0800c288                xPortSysTickHandler
 .text.vPortSetupTimerInterrupt
                0x0800c2cc       0x48 ./Middlewares/Third_Party/FreeRTOS/port.o
                0x0800c2cc                vPortSetupTimerInterrupt
 .text.vPortEnableVFP
                0x0800c314       0x14 ./Middlewares/Third_Party/FreeRTOS/port.o
 .text.vPortValidateInterruptPriority
                0x0800c328       0x84 ./Middlewares/Third_Party/FreeRTOS/port.o
                0x0800c328                vPortValidateInterruptPriority
 .text.xQueueGenericReset
                0x0800c3ac       0xd4 ./Middlewares/Third_Party/FreeRTOS/queue.o
                0x0800c3ac                xQueueGenericReset
 .text.xQueueGenericCreateStatic
                0x0800c480       0xfa ./Middlewares/Third_Party/FreeRTOS/queue.o
                0x0800c480                xQueueGenericCreateStatic
 .text.xQueueGenericCreate
                0x0800c57a       0x76 ./Middlewares/Third_Party/FreeRTOS/queue.o
                0x0800c57a                xQueueGenericCreate
 .text.prvInitialiseNewQueue
                0x0800c5f0       0x46 ./Middlewares/Third_Party/FreeRTOS/queue.o
 .text.prvInitialiseMutex
                0x0800c636       0x34 ./Middlewares/Third_Party/FreeRTOS/queue.o
 .text.xQueueCreateMutex
                0x0800c66a       0x30 ./Middlewares/Third_Party/FreeRTOS/queue.o
                0x0800c66a                xQueueCreateMutex
 .text.xQueueCreateMutexStatic
                0x0800c69a       0x36 ./Middlewares/Third_Party/FreeRTOS/queue.o
                0x0800c69a                xQueueCreateMutexStatic
 .text.xQueueGiveMutexRecursive
                0x0800c6d0       0x6a ./Middlewares/Third_Party/FreeRTOS/queue.o
                0x0800c6d0                xQueueGiveMutexRecursive
 .text.xQueueTakeMutexRecursive
                0x0800c73a       0x6e ./Middlewares/Third_Party/FreeRTOS/queue.o
                0x0800c73a                xQueueTakeMutexRecursive
 .text.xQueueGenericSend
                0x0800c7a8      0x204 ./Middlewares/Third_Party/FreeRTOS/queue.o
                0x0800c7a8                xQueueGenericSend
 .text.xQueueGenericSendFromISR
                0x0800c9ac      0x13c ./Middlewares/Third_Party/FreeRTOS/queue.o
                0x0800c9ac                xQueueGenericSendFromISR
 .text.xQueueReceive
                0x0800cae8      0x1c4 ./Middlewares/Third_Party/FreeRTOS/queue.o
                0x0800cae8                xQueueReceive
 .text.xQueueSemaphoreTake
                0x0800ccac      0x220 ./Middlewares/Third_Party/FreeRTOS/queue.o
                0x0800ccac                xQueueSemaphoreTake
 .text.prvGetDisinheritPriorityAfterTimeout
                0x0800cecc       0x30 ./Middlewares/Third_Party/FreeRTOS/queue.o
 .text.prvCopyDataToQueue
                0x0800cefc       0xd4 ./Middlewares/Third_Party/FreeRTOS/queue.o
 .text.prvCopyDataFromQueue
                0x0800cfd0       0x4c ./Middlewares/Third_Party/FreeRTOS/queue.o
 .text.prvUnlockQueue
                0x0800d01c       0xa4 ./Middlewares/Third_Party/FreeRTOS/queue.o
 .text.prvIsQueueEmpty
                0x0800d0c0       0x2c ./Middlewares/Third_Party/FreeRTOS/queue.o
 .text.prvIsQueueFull
                0x0800d0ec       0x30 ./Middlewares/Third_Party/FreeRTOS/queue.o
 .text.vQueueAddToRegistry
                0x0800d11c       0x54 ./Middlewares/Third_Party/FreeRTOS/queue.o
                0x0800d11c                vQueueAddToRegistry
 .text.vQueueWaitForMessageRestricted
                0x0800d170       0x68 ./Middlewares/Third_Party/FreeRTOS/queue.o
                0x0800d170                vQueueWaitForMessageRestricted
 .text.xTaskCreateStatic
                0x0800d1d8       0xc0 ./Middlewares/Third_Party/FreeRTOS/tasks.o
                0x0800d1d8                xTaskCreateStatic
 .text.xTaskCreate
                0x0800d298       0x8a ./Middlewares/Third_Party/FreeRTOS/tasks.o
                0x0800d298                xTaskCreate
 *fill*         0x0800d322        0x2 
 .text.prvInitialiseNewTask
                0x0800d324      0x150 ./Middlewares/Third_Party/FreeRTOS/tasks.o
 .text.prvAddNewTaskToReadyList
                0x0800d474       0xe0 ./Middlewares/Third_Party/FreeRTOS/tasks.o
 .text.vTaskDelay
                0x0800d554       0x6c ./Middlewares/Third_Party/FreeRTOS/tasks.o
                0x0800d554                vTaskDelay
 .text.vTaskStartScheduler
                0x0800d5c0       0xe0 ./Middlewares/Third_Party/FreeRTOS/tasks.o
                0x0800d5c0                vTaskStartScheduler
 .text.vTaskSuspendAll
                0x0800d6a0       0x1c ./Middlewares/Third_Party/FreeRTOS/tasks.o
                0x0800d6a0                vTaskSuspendAll
 .text.xTaskResumeAll
                0x0800d6bc      0x13c ./Middlewares/Third_Party/FreeRTOS/tasks.o
                0x0800d6bc                xTaskResumeAll
 .text.xTaskGetTickCount
                0x0800d7f8       0x20 ./Middlewares/Third_Party/FreeRTOS/tasks.o
                0x0800d7f8                xTaskGetTickCount
 .text.xTaskIncrementTick
                0x0800d818      0x174 ./Middlewares/Third_Party/FreeRTOS/tasks.o
                0x0800d818                xTaskIncrementTick
 .text.vTaskSwitchContext
                0x0800d98c       0xcc ./Middlewares/Third_Party/FreeRTOS/tasks.o
                0x0800d98c                vTaskSwitchContext
 .text.vTaskPlaceOnEventList
                0x0800da58       0x4c ./Middlewares/Third_Party/FreeRTOS/tasks.o
                0x0800da58                vTaskPlaceOnEventList
 .text.vTaskPlaceOnEventListRestricted
                0x0800daa4       0x58 ./Middlewares/Third_Party/FreeRTOS/tasks.o
                0x0800daa4                vTaskPlaceOnEventListRestricted
 .text.xTaskRemoveFromEventList
                0x0800dafc       0xc8 ./Middlewares/Third_Party/FreeRTOS/tasks.o
                0x0800dafc                xTaskRemoveFromEventList
 .text.vTaskInternalSetTimeOutState
                0x0800dbc4       0x2c ./Middlewares/Third_Party/FreeRTOS/tasks.o
                0x0800dbc4                vTaskInternalSetTimeOutState
 .text.xTaskCheckForTimeOut
                0x0800dbf0       0xc8 ./Middlewares/Third_Party/FreeRTOS/tasks.o
                0x0800dbf0                xTaskCheckForTimeOut
 .text.vTaskMissedYield
                0x0800dcb8       0x18 ./Middlewares/Third_Party/FreeRTOS/tasks.o
                0x0800dcb8                vTaskMissedYield
 .text.prvIdleTask
                0x0800dcd0       0x30 ./Middlewares/Third_Party/FreeRTOS/tasks.o
 .text.prvInitialiseTaskLists
                0x0800dd00       0x80 ./Middlewares/Third_Party/FreeRTOS/tasks.o
 .text.prvCheckTasksWaitingTermination
                0x0800dd80       0x5c ./Middlewares/Third_Party/FreeRTOS/tasks.o
 .text.prvDeleteTCB
                0x0800dddc       0x6a ./Middlewares/Third_Party/FreeRTOS/tasks.o
 *fill*         0x0800de46        0x2 
 .text.prvResetNextTaskUnblockTime
                0x0800de48       0x40 ./Middlewares/Third_Party/FreeRTOS/tasks.o
 .text.xTaskGetCurrentTaskHandle
                0x0800de88       0x20 ./Middlewares/Third_Party/FreeRTOS/tasks.o
                0x0800de88                xTaskGetCurrentTaskHandle
 .text.xTaskGetSchedulerState
                0x0800dea8       0x3c ./Middlewares/Third_Party/FreeRTOS/tasks.o
                0x0800dea8                xTaskGetSchedulerState
 .text.xTaskPriorityInherit
                0x0800dee4       0xd0 ./Middlewares/Third_Party/FreeRTOS/tasks.o
                0x0800dee4                xTaskPriorityInherit
 .text.xTaskPriorityDisinherit
                0x0800dfb4       0xe0 ./Middlewares/Third_Party/FreeRTOS/tasks.o
                0x0800dfb4                xTaskPriorityDisinherit
 .text.vTaskPriorityDisinheritAfterTimeout
                0x0800e094      0x108 ./Middlewares/Third_Party/FreeRTOS/tasks.o
                0x0800e094                vTaskPriorityDisinheritAfterTimeout
 .text.pvTaskIncrementMutexHeldCount
                0x0800e19c       0x28 ./Middlewares/Third_Party/FreeRTOS/tasks.o
                0x0800e19c                pvTaskIncrementMutexHeldCount
 .text.prvAddCurrentTaskToDelayedList
                0x0800e1c4       0xa8 ./Middlewares/Third_Party/FreeRTOS/tasks.o
 .text.xTimerCreateTimerTask
                0x0800e26c       0x94 ./Middlewares/Third_Party/FreeRTOS/timers.o
                0x0800e26c                xTimerCreateTimerTask
 .text.xTimerGenericCommand
                0x0800e300       0x9c ./Middlewares/Third_Party/FreeRTOS/timers.o
                0x0800e300                xTimerGenericCommand
 .text.prvProcessExpiredTimer
                0x0800e39c       0x9c ./Middlewares/Third_Party/FreeRTOS/timers.o
 .text.prvTimerTask
                0x0800e438       0x26 ./Middlewares/Third_Party/FreeRTOS/timers.o
 *fill*         0x0800e45e        0x2 
 .text.prvProcessTimerOrBlockTask
                0x0800e460       0x9c ./Middlewares/Third_Party/FreeRTOS/timers.o
 .text.prvGetNextExpireTime
                0x0800e4fc       0x48 ./Middlewares/Third_Party/FreeRTOS/timers.o
 .text.prvSampleTimeNow
                0x0800e544       0x40 ./Middlewares/Third_Party/FreeRTOS/timers.o
 .text.prvInsertTimerInActiveList
                0x0800e584       0x84 ./Middlewares/Third_Party/FreeRTOS/timers.o
 .text.prvProcessReceivedCommands
                0x0800e608      0x1cc ./Middlewares/Third_Party/FreeRTOS/timers.o
 .text.prvSwitchTimerLists
                0x0800e7d4       0xcc ./Middlewares/Third_Party/FreeRTOS/timers.o
 .text.prvCheckForValidListAndQueue
                0x0800e8a0       0x80 ./Middlewares/Third_Party/FreeRTOS/timers.o
 .text.std      0x0800e920       0x6c C:/ST/STM32CubeIDE_1.16.1/STM32CubeIDE/plugins/com.st.stm32cube.ide.mcu.externaltools.gnu-tools-for-stm32.12.3.rel1.win32_1.0.200.202406191623/tools/bin/../lib/gcc/arm-none-eabi/12.3.1/../../../../arm-none-eabi/lib/thumb/v7e-m+dp/hard\libc_nano.a(libc_a-findfp.o)
 .text.stdio_exit_handler
                0x0800e98c       0x18 C:/ST/STM32CubeIDE_1.16.1/STM32CubeIDE/plugins/com.st.stm32cube.ide.mcu.externaltools.gnu-tools-for-stm32.12.3.rel1.win32_1.0.200.202406191623/tools/bin/../lib/gcc/arm-none-eabi/12.3.1/../../../../arm-none-eabi/lib/thumb/v7e-m+dp/hard\libc_nano.a(libc_a-findfp.o)
 .text.cleanup_stdio
                0x0800e9a4       0x40 C:/ST/STM32CubeIDE_1.16.1/STM32CubeIDE/plugins/com.st.stm32cube.ide.mcu.externaltools.gnu-tools-for-stm32.12.3.rel1.win32_1.0.200.202406191623/tools/bin/../lib/gcc/arm-none-eabi/12.3.1/../../../../arm-none-eabi/lib/thumb/v7e-m+dp/hard\libc_nano.a(libc_a-findfp.o)
 .text.global_stdio_init.part.0
                0x0800e9e4       0x3c C:/ST/STM32CubeIDE_1.16.1/STM32CubeIDE/plugins/com.st.stm32cube.ide.mcu.externaltools.gnu-tools-for-stm32.12.3.rel1.win32_1.0.200.202406191623/tools/bin/../lib/gcc/arm-none-eabi/12.3.1/../../../../arm-none-eabi/lib/thumb/v7e-m+dp/hard\libc_nano.a(libc_a-findfp.o)
 .text.__sfp_lock_acquire
                0x0800ea20        0xc C:/ST/STM32CubeIDE_1.16.1/STM32CubeIDE/plugins/com.st.stm32cube.ide.mcu.externaltools.gnu-tools-for-stm32.12.3.rel1.win32_1.0.200.202406191623/tools/bin/../lib/gcc/arm-none-eabi/12.3.1/../../../../arm-none-eabi/lib/thumb/v7e-m+dp/hard\libc_nano.a(libc_a-findfp.o)
                0x0800ea20                __sfp_lock_acquire
 .text.__sfp_lock_release
                0x0800ea2c        0xc C:/ST/STM32CubeIDE_1.16.1/STM32CubeIDE/plugins/com.st.stm32cube.ide.mcu.externaltools.gnu-tools-for-stm32.12.3.rel1.win32_1.0.200.202406191623/tools/bin/../lib/gcc/arm-none-eabi/12.3.1/../../../../arm-none-eabi/lib/thumb/v7e-m+dp/hard\libc_nano.a(libc_a-findfp.o)
                0x0800ea2c                __sfp_lock_release
 .text.__sinit  0x0800ea38       0x30 C:/ST/STM32CubeIDE_1.16.1/STM32CubeIDE/plugins/com.st.stm32cube.ide.mcu.externaltools.gnu-tools-for-stm32.12.3.rel1.win32_1.0.200.202406191623/tools/bin/../lib/gcc/arm-none-eabi/12.3.1/../../../../arm-none-eabi/lib/thumb/v7e-m+dp/hard\libc_nano.a(libc_a-findfp.o)
                0x0800ea38                __sinit
 .text._fwalk_sglue
                0x0800ea68       0x3c C:/ST/STM32CubeIDE_1.16.1/STM32CubeIDE/plugins/com.st.stm32cube.ide.mcu.externaltools.gnu-tools-for-stm32.12.3.rel1.win32_1.0.200.202406191623/tools/bin/../lib/gcc/arm-none-eabi/12.3.1/../../../../arm-none-eabi/lib/thumb/v7e-m+dp/hard\libc_nano.a(libc_a-fwalk.o)
                0x0800ea68                _fwalk_sglue
 .text.sprintf  0x0800eaa4       0x40 C:/ST/STM32CubeIDE_1.16.1/STM32CubeIDE/plugins/com.st.stm32cube.ide.mcu.externaltools.gnu-tools-for-stm32.12.3.rel1.win32_1.0.200.202406191623/tools/bin/../lib/gcc/arm-none-eabi/12.3.1/../../../../arm-none-eabi/lib/thumb/v7e-m+dp/hard\libc_nano.a(libc_a-sprintf.o)
                0x0800eaa4                siprintf
                0x0800eaa4                sprintf
 .text.__sread  0x0800eae4       0x22 C:/ST/STM32CubeIDE_1.16.1/STM32CubeIDE/plugins/com.st.stm32cube.ide.mcu.externaltools.gnu-tools-for-stm32.12.3.rel1.win32_1.0.200.202406191623/tools/bin/../lib/gcc/arm-none-eabi/12.3.1/../../../../arm-none-eabi/lib/thumb/v7e-m+dp/hard\libc_nano.a(libc_a-stdio.o)
                0x0800eae4                __sread
 .text.__swrite
                0x0800eb06       0x38 C:/ST/STM32CubeIDE_1.16.1/STM32CubeIDE/plugins/com.st.stm32cube.ide.mcu.externaltools.gnu-tools-for-stm32.12.3.rel1.win32_1.0.200.202406191623/tools/bin/../lib/gcc/arm-none-eabi/12.3.1/../../../../arm-none-eabi/lib/thumb/v7e-m+dp/hard\libc_nano.a(libc_a-stdio.o)
                0x0800eb06                __swrite
 .text.__sseek  0x0800eb3e       0x24 C:/ST/STM32CubeIDE_1.16.1/STM32CubeIDE/plugins/com.st.stm32cube.ide.mcu.externaltools.gnu-tools-for-stm32.12.3.rel1.win32_1.0.200.202406191623/tools/bin/../lib/gcc/arm-none-eabi/12.3.1/../../../../arm-none-eabi/lib/thumb/v7e-m+dp/hard\libc_nano.a(libc_a-stdio.o)
                0x0800eb3e                __sseek
 .text.__sclose
                0x0800eb62        0x8 C:/ST/STM32CubeIDE_1.16.1/STM32CubeIDE/plugins/com.st.stm32cube.ide.mcu.externaltools.gnu-tools-for-stm32.12.3.rel1.win32_1.0.200.202406191623/tools/bin/../lib/gcc/arm-none-eabi/12.3.1/../../../../arm-none-eabi/lib/thumb/v7e-m+dp/hard\libc_nano.a(libc_a-stdio.o)
                0x0800eb62                __sclose
 .text.memset   0x0800eb6a       0x10 C:/ST/STM32CubeIDE_1.16.1/STM32CubeIDE/plugins/com.st.stm32cube.ide.mcu.externaltools.gnu-tools-for-stm32.12.3.rel1.win32_1.0.200.202406191623/tools/bin/../lib/gcc/arm-none-eabi/12.3.1/../../../../arm-none-eabi/lib/thumb/v7e-m+dp/hard\libc_nano.a(libc_a-memset.o)
                0x0800eb6a                memset
 .text.strchr   0x0800eb7a       0x1a C:/ST/STM32CubeIDE_1.16.1/STM32CubeIDE/plugins/com.st.stm32cube.ide.mcu.externaltools.gnu-tools-for-stm32.12.3.rel1.win32_1.0.200.202406191623/tools/bin/../lib/gcc/arm-none-eabi/12.3.1/../../../../arm-none-eabi/lib/thumb/v7e-m+dp/hard\libc_nano.a(libc_a-strchr.o)
                0x0800eb7a                strchr
 .text.strncpy  0x0800eb94       0x26 C:/ST/STM32CubeIDE_1.16.1/STM32CubeIDE/plugins/com.st.stm32cube.ide.mcu.externaltools.gnu-tools-for-stm32.12.3.rel1.win32_1.0.200.202406191623/tools/bin/../lib/gcc/arm-none-eabi/12.3.1/../../../../arm-none-eabi/lib/thumb/v7e-m+dp/hard\libc_nano.a(libc_a-strncpy.o)
                0x0800eb94                strncpy
 *fill*         0x0800ebba        0x2 
 .text.strtok   0x0800ebbc       0x68 C:/ST/STM32CubeIDE_1.16.1/STM32CubeIDE/plugins/com.st.stm32cube.ide.mcu.externaltools.gnu-tools-for-stm32.12.3.rel1.win32_1.0.200.202406191623/tools/bin/../lib/gcc/arm-none-eabi/12.3.1/../../../../arm-none-eabi/lib/thumb/v7e-m+dp/hard\libc_nano.a(libc_a-strtok.o)
                0x0800ebbc                strtok
 .text.__strtok_r
                0x0800ec24       0x50 C:/ST/STM32CubeIDE_1.16.1/STM32CubeIDE/plugins/com.st.stm32cube.ide.mcu.externaltools.gnu-tools-for-stm32.12.3.rel1.win32_1.0.200.202406191623/tools/bin/../lib/gcc/arm-none-eabi/12.3.1/../../../../arm-none-eabi/lib/thumb/v7e-m+dp/hard\libc_nano.a(libc_a-strtok_r.o)
                0x0800ec24                __strtok_r
 .text.strstr   0x0800ec74       0x2c C:/ST/STM32CubeIDE_1.16.1/STM32CubeIDE/plugins/com.st.stm32cube.ide.mcu.externaltools.gnu-tools-for-stm32.12.3.rel1.win32_1.0.200.202406191623/tools/bin/../lib/gcc/arm-none-eabi/12.3.1/../../../../arm-none-eabi/lib/thumb/v7e-m+dp/hard\libc_nano.a(libc_a-strstr.o)
                0x0800ec74                strstr
 .text._close_r
                0x0800eca0       0x20 C:/ST/STM32CubeIDE_1.16.1/STM32CubeIDE/plugins/com.st.stm32cube.ide.mcu.externaltools.gnu-tools-for-stm32.12.3.rel1.win32_1.0.200.202406191623/tools/bin/../lib/gcc/arm-none-eabi/12.3.1/../../../../arm-none-eabi/lib/thumb/v7e-m+dp/hard\libc_nano.a(libc_a-closer.o)
                0x0800eca0                _close_r
 .text._reclaim_reent
                0x0800ecc0       0xac C:/ST/STM32CubeIDE_1.16.1/STM32CubeIDE/plugins/com.st.stm32cube.ide.mcu.externaltools.gnu-tools-for-stm32.12.3.rel1.win32_1.0.200.202406191623/tools/bin/../lib/gcc/arm-none-eabi/12.3.1/../../../../arm-none-eabi/lib/thumb/v7e-m+dp/hard\libc_nano.a(libc_a-reent.o)
                0x0800ecc0                _reclaim_reent
 .text._lseek_r
                0x0800ed6c       0x24 C:/ST/STM32CubeIDE_1.16.1/STM32CubeIDE/plugins/com.st.stm32cube.ide.mcu.externaltools.gnu-tools-for-stm32.12.3.rel1.win32_1.0.200.202406191623/tools/bin/../lib/gcc/arm-none-eabi/12.3.1/../../../../arm-none-eabi/lib/thumb/v7e-m+dp/hard\libc_nano.a(libc_a-lseekr.o)
                0x0800ed6c                _lseek_r
 .text._read_r  0x0800ed90       0x24 C:/ST/STM32CubeIDE_1.16.1/STM32CubeIDE/plugins/com.st.stm32cube.ide.mcu.externaltools.gnu-tools-for-stm32.12.3.rel1.win32_1.0.200.202406191623/tools/bin/../lib/gcc/arm-none-eabi/12.3.1/../../../../arm-none-eabi/lib/thumb/v7e-m+dp/hard\libc_nano.a(libc_a-readr.o)
                0x0800ed90                _read_r
 .text._write_r
                0x0800edb4       0x24 C:/ST/STM32CubeIDE_1.16.1/STM32CubeIDE/plugins/com.st.stm32cube.ide.mcu.externaltools.gnu-tools-for-stm32.12.3.rel1.win32_1.0.200.202406191623/tools/bin/../lib/gcc/arm-none-eabi/12.3.1/../../../../arm-none-eabi/lib/thumb/v7e-m+dp/hard\libc_nano.a(libc_a-writer.o)
                0x0800edb4                _write_r
 .text.__errno  0x0800edd8        0xc C:/ST/STM32CubeIDE_1.16.1/STM32CubeIDE/plugins/com.st.stm32cube.ide.mcu.externaltools.gnu-tools-for-stm32.12.3.rel1.win32_1.0.200.202406191623/tools/bin/../lib/gcc/arm-none-eabi/12.3.1/../../../../arm-none-eabi/lib/thumb/v7e-m+dp/hard\libc_nano.a(libc_a-errno.o)
                0x0800edd8                __errno
 .text.__libc_init_array
                0x0800ede4       0x48 C:/ST/STM32CubeIDE_1.16.1/STM32CubeIDE/plugins/com.st.stm32cube.ide.mcu.externaltools.gnu-tools-for-stm32.12.3.rel1.win32_1.0.200.202406191623/tools/bin/../lib/gcc/arm-none-eabi/12.3.1/../../../../arm-none-eabi/lib/thumb/v7e-m+dp/hard\libc_nano.a(libc_a-init.o)
                0x0800ede4                __libc_init_array
 .text.__retarget_lock_init_recursive
                0x0800ee2c        0x2 C:/ST/STM32CubeIDE_1.16.1/STM32CubeIDE/plugins/com.st.stm32cube.ide.mcu.externaltools.gnu-tools-for-stm32.12.3.rel1.win32_1.0.200.202406191623/tools/bin/../lib/gcc/arm-none-eabi/12.3.1/../../../../arm-none-eabi/lib/thumb/v7e-m+dp/hard\libc_nano.a(libc_a-lock.o)
                0x0800ee2c                __retarget_lock_init_recursive
 .text.__retarget_lock_acquire_recursive
                0x0800ee2e        0x2 C:/ST/STM32CubeIDE_1.16.1/STM32CubeIDE/plugins/com.st.stm32cube.ide.mcu.externaltools.gnu-tools-for-stm32.12.3.rel1.win32_1.0.200.202406191623/tools/bin/../lib/gcc/arm-none-eabi/12.3.1/../../../../arm-none-eabi/lib/thumb/v7e-m+dp/hard\libc_nano.a(libc_a-lock.o)
                0x0800ee2e                __retarget_lock_acquire_recursive
 .text.__retarget_lock_release_recursive
                0x0800ee30        0x2 C:/ST/STM32CubeIDE_1.16.1/STM32CubeIDE/plugins/com.st.stm32cube.ide.mcu.externaltools.gnu-tools-for-stm32.12.3.rel1.win32_1.0.200.202406191623/tools/bin/../lib/gcc/arm-none-eabi/12.3.1/../../../../arm-none-eabi/lib/thumb/v7e-m+dp/hard\libc_nano.a(libc_a-lock.o)
                0x0800ee30                __retarget_lock_release_recursive
 .text.memcpy   0x0800ee32       0x1c C:/ST/STM32CubeIDE_1.16.1/STM32CubeIDE/plugins/com.st.stm32cube.ide.mcu.externaltools.gnu-tools-for-stm32.12.3.rel1.win32_1.0.200.202406191623/tools/bin/../lib/gcc/arm-none-eabi/12.3.1/../../../../arm-none-eabi/lib/thumb/v7e-m+dp/hard\libc_nano.a(libc_a-memcpy-stub.o)
                0x0800ee32                memcpy
 *fill*         0x0800ee4e        0x2 
 .text.__assert_func
                0x0800ee50       0x3c C:/ST/STM32CubeIDE_1.16.1/STM32CubeIDE/plugins/com.st.stm32cube.ide.mcu.externaltools.gnu-tools-for-stm32.12.3.rel1.win32_1.0.200.202406191623/tools/bin/../lib/gcc/arm-none-eabi/12.3.1/../../../../arm-none-eabi/lib/thumb/v7e-m+dp/hard\libc_nano.a(libc_a-assert.o)
                0x0800ee50                __assert_func
 .text._free_r  0x0800ee8c       0x94 C:/ST/STM32CubeIDE_1.16.1/STM32CubeIDE/plugins/com.st.stm32cube.ide.mcu.externaltools.gnu-tools-for-stm32.12.3.rel1.win32_1.0.200.202406191623/tools/bin/../lib/gcc/arm-none-eabi/12.3.1/../../../../arm-none-eabi/lib/thumb/v7e-m+dp/hard\libc_nano.a(libc_a-freer.o)
                0x0800ee8c                _free_r
 .text.malloc   0x0800ef20       0x10 C:/ST/STM32CubeIDE_1.16.1/STM32CubeIDE/plugins/com.st.stm32cube.ide.mcu.externaltools.gnu-tools-for-stm32.12.3.rel1.win32_1.0.200.202406191623/tools/bin/../lib/gcc/arm-none-eabi/12.3.1/../../../../arm-none-eabi/lib/thumb/v7e-m+dp/hard\libc_nano.a(libc_a-malloc.o)
                0x0800ef20                malloc
 .text.sbrk_aligned
                0x0800ef30       0x44 C:/ST/STM32CubeIDE_1.16.1/STM32CubeIDE/plugins/com.st.stm32cube.ide.mcu.externaltools.gnu-tools-for-stm32.12.3.rel1.win32_1.0.200.202406191623/tools/bin/../lib/gcc/arm-none-eabi/12.3.1/../../../../arm-none-eabi/lib/thumb/v7e-m+dp/hard\libc_nano.a(libc_a-mallocr.o)
 .text._malloc_r
                0x0800ef74      0x100 C:/ST/STM32CubeIDE_1.16.1/STM32CubeIDE/plugins/com.st.stm32cube.ide.mcu.externaltools.gnu-tools-for-stm32.12.3.rel1.win32_1.0.200.202406191623/tools/bin/../lib/gcc/arm-none-eabi/12.3.1/../../../../arm-none-eabi/lib/thumb/v7e-m+dp/hard\libc_nano.a(libc_a-mallocr.o)
                0x0800ef74                _malloc_r
 .text.__malloc_lock
                0x0800f074        0xc C:/ST/STM32CubeIDE_1.16.1/STM32CubeIDE/plugins/com.st.stm32cube.ide.mcu.externaltools.gnu-tools-for-stm32.12.3.rel1.win32_1.0.200.202406191623/tools/bin/../lib/gcc/arm-none-eabi/12.3.1/../../../../arm-none-eabi/lib/thumb/v7e-m+dp/hard\libc_nano.a(libc_a-mlock.o)
                0x0800f074                __malloc_lock
 .text.__malloc_unlock
                0x0800f080        0xc C:/ST/STM32CubeIDE_1.16.1/STM32CubeIDE/plugins/com.st.stm32cube.ide.mcu.externaltools.gnu-tools-for-stm32.12.3.rel1.win32_1.0.200.202406191623/tools/bin/../lib/gcc/arm-none-eabi/12.3.1/../../../../arm-none-eabi/lib/thumb/v7e-m+dp/hard\libc_nano.a(libc_a-mlock.o)
                0x0800f080                __malloc_unlock
 .text.__ssputs_r
                0x0800f08c       0xb6 C:/ST/STM32CubeIDE_1.16.1/STM32CubeIDE/plugins/com.st.stm32cube.ide.mcu.externaltools.gnu-tools-for-stm32.12.3.rel1.win32_1.0.200.202406191623/tools/bin/../lib/gcc/arm-none-eabi/12.3.1/../../../../arm-none-eabi/lib/thumb/v7e-m+dp/hard\libc_nano.a(libc_a-nano-svfprintf.o)
                0x0800f08c                __ssputs_r
 *fill*         0x0800f142        0x2 
 .text._svfprintf_r
                0x0800f144      0x1f8 C:/ST/STM32CubeIDE_1.16.1/STM32CubeIDE/plugins/com.st.stm32cube.ide.mcu.externaltools.gnu-tools-for-stm32.12.3.rel1.win32_1.0.200.202406191623/tools/bin/../lib/gcc/arm-none-eabi/12.3.1/../../../../arm-none-eabi/lib/thumb/v7e-m+dp/hard\libc_nano.a(libc_a-nano-svfprintf.o)
                0x0800f144                _svfiprintf_r
                0x0800f144                _svfprintf_r
 .text._printf_common
                0x0800f33c       0xda C:/ST/STM32CubeIDE_1.16.1/STM32CubeIDE/plugins/com.st.stm32cube.ide.mcu.externaltools.gnu-tools-for-stm32.12.3.rel1.win32_1.0.200.202406191623/tools/bin/../lib/gcc/arm-none-eabi/12.3.1/../../../../arm-none-eabi/lib/thumb/v7e-m+dp/hard\libc_nano.a(libc_a-nano-vfprintf_i.o)
                0x0800f33c                _printf_common
 *fill*         0x0800f416        0x2 
 .text._printf_i
                0x0800f418      0x240 C:/ST/STM32CubeIDE_1.16.1/STM32CubeIDE/plugins/com.st.stm32cube.ide.mcu.externaltools.gnu-tools-for-stm32.12.3.rel1.win32_1.0.200.202406191623/tools/bin/../lib/gcc/arm-none-eabi/12.3.1/../../../../arm-none-eabi/lib/thumb/v7e-m+dp/hard\libc_nano.a(libc_a-nano-vfprintf_i.o)
                0x0800f418                _printf_i
 .text.__sflush_r
                0x0800f658      0x108 C:/ST/STM32CubeIDE_1.16.1/STM32CubeIDE/plugins/com.st.stm32cube.ide.mcu.externaltools.gnu-tools-for-stm32.12.3.rel1.win32_1.0.200.202406191623/tools/bin/../lib/gcc/arm-none-eabi/12.3.1/../../../../arm-none-eabi/lib/thumb/v7e-m+dp/hard\libc_nano.a(libc_a-fflush.o)
                0x0800f658                __sflush_r
 .text._fflush_r
                0x0800f760       0x50 C:/ST/STM32CubeIDE_1.16.1/STM32CubeIDE/plugins/com.st.stm32cube.ide.mcu.externaltools.gnu-tools-for-stm32.12.3.rel1.win32_1.0.200.202406191623/tools/bin/../lib/gcc/arm-none-eabi/12.3.1/../../../../arm-none-eabi/lib/thumb/v7e-m+dp/hard\libc_nano.a(libc_a-fflush.o)
                0x0800f760                _fflush_r
 .text.fprintf  0x0800f7b0       0x24 C:/ST/STM32CubeIDE_1.16.1/STM32CubeIDE/plugins/com.st.stm32cube.ide.mcu.externaltools.gnu-tools-for-stm32.12.3.rel1.win32_1.0.200.202406191623/tools/bin/../lib/gcc/arm-none-eabi/12.3.1/../../../../arm-none-eabi/lib/thumb/v7e-m+dp/hard\libc_nano.a(libc_a-fprintf.o)
                0x0800f7b0                fiprintf
                0x0800f7b0                fprintf
 .text.memmove  0x0800f7d4       0x34 C:/ST/STM32CubeIDE_1.16.1/STM32CubeIDE/plugins/com.st.stm32cube.ide.mcu.externaltools.gnu-tools-for-stm32.12.3.rel1.win32_1.0.200.202406191623/tools/bin/../lib/gcc/arm-none-eabi/12.3.1/../../../../arm-none-eabi/lib/thumb/v7e-m+dp/hard\libc_nano.a(libc_a-memmove.o)
                0x0800f7d4                memmove
 .text._sbrk_r  0x0800f808       0x20 C:/ST/STM32CubeIDE_1.16.1/STM32CubeIDE/plugins/com.st.stm32cube.ide.mcu.externaltools.gnu-tools-for-stm32.12.3.rel1.win32_1.0.200.202406191623/tools/bin/../lib/gcc/arm-none-eabi/12.3.1/../../../../arm-none-eabi/lib/thumb/v7e-m+dp/hard\libc_nano.a(libc_a-sbrkr.o)
                0x0800f808                _sbrk_r
 .text.abort    0x0800f828        0xe C:/ST/STM32CubeIDE_1.16.1/STM32CubeIDE/plugins/com.st.stm32cube.ide.mcu.externaltools.gnu-tools-for-stm32.12.3.rel1.win32_1.0.200.202406191623/tools/bin/../lib/gcc/arm-none-eabi/12.3.1/../../../../arm-none-eabi/lib/thumb/v7e-m+dp/hard\libc_nano.a(libc_a-abort.o)
                0x0800f828                abort
 .text._realloc_r
                0x0800f836       0x5c C:/ST/STM32CubeIDE_1.16.1/STM32CubeIDE/plugins/com.st.stm32cube.ide.mcu.externaltools.gnu-tools-for-stm32.12.3.rel1.win32_1.0.200.202406191623/tools/bin/../lib/gcc/arm-none-eabi/12.3.1/../../../../arm-none-eabi/lib/thumb/v7e-m+dp/hard\libc_nano.a(libc_a-reallocr.o)
                0x0800f836                _realloc_r
 .text.__sfputc_r
                0x0800f892       0x2e C:/ST/STM32CubeIDE_1.16.1/STM32CubeIDE/plugins/com.st.stm32cube.ide.mcu.externaltools.gnu-tools-for-stm32.12.3.rel1.win32_1.0.200.202406191623/tools/bin/../lib/gcc/arm-none-eabi/12.3.1/../../../../arm-none-eabi/lib/thumb/v7e-m+dp/hard\libc_nano.a(libc_a-nano-vfprintf.o)
 .text.__sfputs_r
                0x0800f8c0       0x24 C:/ST/STM32CubeIDE_1.16.1/STM32CubeIDE/plugins/com.st.stm32cube.ide.mcu.externaltools.gnu-tools-for-stm32.12.3.rel1.win32_1.0.200.202406191623/tools/bin/../lib/gcc/arm-none-eabi/12.3.1/../../../../arm-none-eabi/lib/thumb/v7e-m+dp/hard\libc_nano.a(libc_a-nano-vfprintf.o)
                0x0800f8c0                __sfputs_r
 .text._vfprintf_r
                0x0800f8e4      0x230 C:/ST/STM32CubeIDE_1.16.1/STM32CubeIDE/plugins/com.st.stm32cube.ide.mcu.externaltools.gnu-tools-for-stm32.12.3.rel1.win32_1.0.200.202406191623/tools/bin/../lib/gcc/arm-none-eabi/12.3.1/../../../../arm-none-eabi/lib/thumb/v7e-m+dp/hard\libc_nano.a(libc_a-nano-vfprintf.o)
                0x0800f8e4                _vfprintf_r
                0x0800f8e4                _vfiprintf_r
 .text.__swbuf_r
                0x0800fb14       0x7c C:/ST/STM32CubeIDE_1.16.1/STM32CubeIDE/plugins/com.st.stm32cube.ide.mcu.externaltools.gnu-tools-for-stm32.12.3.rel1.win32_1.0.200.202406191623/tools/bin/../lib/gcc/arm-none-eabi/12.3.1/../../../../arm-none-eabi/lib/thumb/v7e-m+dp/hard\libc_nano.a(libc_a-wbuf.o)
                0x0800fb14                __swbuf_r
 .text.__swsetup_r
                0x0800fb90       0xac C:/ST/STM32CubeIDE_1.16.1/STM32CubeIDE/plugins/com.st.stm32cube.ide.mcu.externaltools.gnu-tools-for-stm32.12.3.rel1.win32_1.0.200.202406191623/tools/bin/../lib/gcc/arm-none-eabi/12.3.1/../../../../arm-none-eabi/lib/thumb/v7e-m+dp/hard\libc_nano.a(libc_a-wsetup.o)
                0x0800fb90                __swsetup_r
 .text._raise_r
                0x0800fc3c       0x50 C:/ST/STM32CubeIDE_1.16.1/STM32CubeIDE/plugins/com.st.stm32cube.ide.mcu.externaltools.gnu-tools-for-stm32.12.3.rel1.win32_1.0.200.202406191623/tools/bin/../lib/gcc/arm-none-eabi/12.3.1/../../../../arm-none-eabi/lib/thumb/v7e-m+dp/hard\libc_nano.a(libc_a-signal.o)
                0x0800fc3c                _raise_r
 .text.raise    0x0800fc8c       0x10 C:/ST/STM32CubeIDE_1.16.1/STM32CubeIDE/plugins/com.st.stm32cube.ide.mcu.externaltools.gnu-tools-for-stm32.12.3.rel1.win32_1.0.200.202406191623/tools/bin/../lib/gcc/arm-none-eabi/12.3.1/../../../../arm-none-eabi/lib/thumb/v7e-m+dp/hard\libc_nano.a(libc_a-signal.o)
                0x0800fc8c                raise
 .text._kill_r  0x0800fc9c       0x24 C:/ST/STM32CubeIDE_1.16.1/STM32CubeIDE/plugins/com.st.stm32cube.ide.mcu.externaltools.gnu-tools-for-stm32.12.3.rel1.win32_1.0.200.202406191623/tools/bin/../lib/gcc/arm-none-eabi/12.3.1/../../../../arm-none-eabi/lib/thumb/v7e-m+dp/hard\libc_nano.a(libc_a-signalr.o)
                0x0800fc9c                _kill_r
 .text._getpid_r
                0x0800fcc0        0x4 C:/ST/STM32CubeIDE_1.16.1/STM32CubeIDE/plugins/com.st.stm32cube.ide.mcu.externaltools.gnu-tools-for-stm32.12.3.rel1.win32_1.0.200.202406191623/tools/bin/../lib/gcc/arm-none-eabi/12.3.1/../../../../arm-none-eabi/lib/thumb/v7e-m+dp/hard\libc_nano.a(libc_a-signalr.o)
                0x0800fcc0                _getpid_r
 .text._malloc_usable_size_r
                0x0800fcc4       0x10 C:/ST/STM32CubeIDE_1.16.1/STM32CubeIDE/plugins/com.st.stm32cube.ide.mcu.externaltools.gnu-tools-for-stm32.12.3.rel1.win32_1.0.200.202406191623/tools/bin/../lib/gcc/arm-none-eabi/12.3.1/../../../../arm-none-eabi/lib/thumb/v7e-m+dp/hard\libc_nano.a(libc_a-msizer.o)
                0x0800fcc4                _malloc_usable_size_r
 .text.__swhatbuf_r
                0x0800fcd4       0x4c C:/ST/STM32CubeIDE_1.16.1/STM32CubeIDE/plugins/com.st.stm32cube.ide.mcu.externaltools.gnu-tools-for-stm32.12.3.rel1.win32_1.0.200.202406191623/tools/bin/../lib/gcc/arm-none-eabi/12.3.1/../../../../arm-none-eabi/lib/thumb/v7e-m+dp/hard\libc_nano.a(libc_a-makebuf.o)
                0x0800fcd4                __swhatbuf_r
 .text.__smakebuf_r
                0x0800fd20       0x78 C:/ST/STM32CubeIDE_1.16.1/STM32CubeIDE/plugins/com.st.stm32cube.ide.mcu.externaltools.gnu-tools-for-stm32.12.3.rel1.win32_1.0.200.202406191623/tools/bin/../lib/gcc/arm-none-eabi/12.3.1/../../../../arm-none-eabi/lib/thumb/v7e-m+dp/hard\libc_nano.a(libc_a-makebuf.o)
                0x0800fd20                __smakebuf_r
 .text._fstat_r
                0x0800fd98       0x24 C:/ST/STM32CubeIDE_1.16.1/STM32CubeIDE/plugins/com.st.stm32cube.ide.mcu.externaltools.gnu-tools-for-stm32.12.3.rel1.win32_1.0.200.202406191623/tools/bin/../lib/gcc/arm-none-eabi/12.3.1/../../../../arm-none-eabi/lib/thumb/v7e-m+dp/hard\libc_nano.a(libc_a-fstatr.o)
                0x0800fd98                _fstat_r
 .text._isatty_r
                0x0800fdbc       0x20 C:/ST/STM32CubeIDE_1.16.1/STM32CubeIDE/plugins/com.st.stm32cube.ide.mcu.externaltools.gnu-tools-for-stm32.12.3.rel1.win32_1.0.200.202406191623/tools/bin/../lib/gcc/arm-none-eabi/12.3.1/../../../../arm-none-eabi/lib/thumb/v7e-m+dp/hard\libc_nano.a(libc_a-isattyr.o)
                0x0800fdbc                _isatty_r
 *(.glue_7)
 .glue_7        0x0800fddc        0x0 linker stubs
 *(.glue_7t)
 .glue_7t       0x0800fddc        0x0 linker stubs
 *(.eh_frame)
 .eh_frame      0x0800fddc        0x0 C:/ST/STM32CubeIDE_1.16.1/STM32CubeIDE/plugins/com.st.stm32cube.ide.mcu.externaltools.gnu-tools-for-stm32.12.3.rel1.win32_1.0.200.202406191623/tools/bin/../lib/gcc/arm-none-eabi/12.3.1/thumb/v7e-m+dp/hard/crtbegin.o
 *(.init)
 .init          0x0800fddc        0x4 C:/ST/STM32CubeIDE_1.16.1/STM32CubeIDE/plugins/com.st.stm32cube.ide.mcu.externaltools.gnu-tools-for-stm32.12.3.rel1.win32_1.0.200.202406191623/tools/bin/../lib/gcc/arm-none-eabi/12.3.1/thumb/v7e-m+dp/hard/crti.o
                0x0800fddc                _init
 .init          0x0800fde0        0x8 C:/ST/STM32CubeIDE_1.16.1/STM32CubeIDE/plugins/com.st.stm32cube.ide.mcu.externaltools.gnu-tools-for-stm32.12.3.rel1.win32_1.0.200.202406191623/tools/bin/../lib/gcc/arm-none-eabi/12.3.1/thumb/v7e-m+dp/hard/crtn.o
 *(.fini)
 .fini          0x0800fde8        0x4 C:/ST/STM32CubeIDE_1.16.1/STM32CubeIDE/plugins/com.st.stm32cube.ide.mcu.externaltools.gnu-tools-for-stm32.12.3.rel1.win32_1.0.200.202406191623/tools/bin/../lib/gcc/arm-none-eabi/12.3.1/thumb/v7e-m+dp/hard/crti.o
                0x0800fde8                _fini
 .fini          0x0800fdec        0x8 C:/ST/STM32CubeIDE_1.16.1/STM32CubeIDE/plugins/com.st.stm32cube.ide.mcu.externaltools.gnu-tools-for-stm32.12.3.rel1.win32_1.0.200.202406191623/tools/bin/../lib/gcc/arm-none-eabi/12.3.1/thumb/v7e-m+dp/hard/crtn.o
                0x0800fdf4                        . = ALIGN (0x4)
                0x0800fdf4                        _etext = .

.vfp11_veneer   0x0800fdf4        0x0
 .vfp11_veneer  0x0800fdf4        0x0 linker stubs

.v4_bx          0x0800fdf4        0x0
 .v4_bx         0x0800fdf4        0x0 linker stubs

.iplt           0x0800fdf4        0x0
 .iplt          0x0800fdf4        0x0 C:/ST/STM32CubeIDE_1.16.1/STM32CubeIDE/plugins/com.st.stm32cube.ide.mcu.externaltools.gnu-tools-for-stm32.12.3.rel1.win32_1.0.200.202406191623/tools/bin/../lib/gcc/arm-none-eabi/12.3.1/thumb/v7e-m+dp/hard/crtbegin.o

.rodata         0x0800fdf4      0x460
                0x0800fdf4                        . = ALIGN (0x4)
 *(.rodata)
 .rodata        0x0800fdf4      0x27a ./Core/Src/main.o
 *fill*         0x0801006e        0x2 
 .rodata        0x08010070        0x5 ./Middlewares/Third_Party/FreeRTOS/tasks.o
 *fill*         0x08010075        0x3 
 .rodata        0x08010078        0xd ./Middlewares/Third_Party/FreeRTOS/timers.o
 *(.rodata*)
 *fill*         0x08010085        0x3 
 .rodata.D1CorePrescTable
                0x08010088       0x10 ./Common/Src/system_stm32h7xx_dualcore_boot_cm4_cm7.o
                0x08010088                D1CorePrescTable
 .rodata.defaultTask_attributes
                0x08010098       0x24 ./Core/Src/main.o
                0x08010098                defaultTask_attributes
 .rodata.sendTask_attributes
                0x080100bc       0x24 ./Core/Src/main.o
                0x080100bc                sendTask_attributes
 .rodata.receiveTask_attributes
                0x080100e0       0x24 ./Core/Src/main.o
                0x080100e0                receiveTask_attributes
 .rodata.gpsTask_attributes
                0x08010104       0x24 ./Core/Src/main.o
                0x08010104                gpsTask_attributes
 .rodata.uart_lock_attributes
                0x08010128       0x10 ./Core/Src/main.o
                0x08010128                uart_lock_attributes
 .rodata.LED_PIN
                0x08010138        0x6 ./Drivers/BSP/STM32H7xx_Nucleo/stm32h7xx_nucleo.o
 *fill*         0x0801013e        0x2 
 .rodata.BUTTON_EXTI_LINE.2
                0x08010140        0x4 ./Drivers/BSP/STM32H7xx_Nucleo/stm32h7xx_nucleo.o
 .rodata.flagBitshiftOffset.0
                0x08010144        0x8 ./Drivers/STM32H7xx_HAL_Driver/stm32h7xx_hal_dma.o
 .rodata.UARTPrescTable
                0x0801014c       0x18 ./Drivers/STM32H7xx_HAL_Driver/stm32h7xx_hal_uart.o
                0x0801014c                UARTPrescTable
 .rodata.numerator.1
                0x08010164        0x8 ./Drivers/STM32H7xx_HAL_Driver/stm32h7xx_hal_uart_ex.o
 .rodata.denominator.0
                0x0801016c        0x8 ./Drivers/STM32H7xx_HAL_Driver/stm32h7xx_hal_uart_ex.o
 .rodata.strtok.str1.1
                0x08010174       0x71 C:/ST/STM32CubeIDE_1.16.1/STM32CubeIDE/plugins/com.st.stm32cube.ide.mcu.externaltools.gnu-tools-for-stm32.12.3.rel1.win32_1.0.200.202406191623/tools/bin/../lib/gcc/arm-none-eabi/12.3.1/../../../../arm-none-eabi/lib/thumb/v7e-m+dp/hard\libc_nano.a(libc_a-strtok.o)
 .rodata.__assert_func.str1.1
                0x080101e5       0x3c C:/ST/STM32CubeIDE_1.16.1/STM32CubeIDE/plugins/com.st.stm32cube.ide.mcu.externaltools.gnu-tools-for-stm32.12.3.rel1.win32_1.0.200.202406191623/tools/bin/../lib/gcc/arm-none-eabi/12.3.1/../../../../arm-none-eabi/lib/thumb/v7e-m+dp/hard\libc_nano.a(libc_a-assert.o)
                                 0x3d (size before relaxing)
 .rodata._svfprintf_r.str1.1
                0x08010221       0x11 C:/ST/STM32CubeIDE_1.16.1/STM32CubeIDE/plugins/com.st.stm32cube.ide.mcu.externaltools.gnu-tools-for-stm32.12.3.rel1.win32_1.0.200.202406191623/tools/bin/../lib/gcc/arm-none-eabi/12.3.1/../../../../arm-none-eabi/lib/thumb/v7e-m+dp/hard\libc_nano.a(libc_a-nano-svfprintf.o)
 .rodata._printf_i.str1.1
                0x08010232       0x22 C:/ST/STM32CubeIDE_1.16.1/STM32CubeIDE/plugins/com.st.stm32cube.ide.mcu.externaltools.gnu-tools-for-stm32.12.3.rel1.win32_1.0.200.202406191623/tools/bin/../lib/gcc/arm-none-eabi/12.3.1/../../../../arm-none-eabi/lib/thumb/v7e-m+dp/hard\libc_nano.a(libc_a-nano-vfprintf_i.o)
 .rodata._vfprintf_r.str1.1
                0x08010254       0x11 C:/ST/STM32CubeIDE_1.16.1/STM32CubeIDE/plugins/com.st.stm32cube.ide.mcu.externaltools.gnu-tools-for-stm32.12.3.rel1.win32_1.0.200.202406191623/tools/bin/../lib/gcc/arm-none-eabi/12.3.1/../../../../arm-none-eabi/lib/thumb/v7e-m+dp/hard\libc_nano.a(libc_a-nano-vfprintf.o)
                0x08010268                        . = ALIGN (0x4)

.ARM.extab      0x08010254        0x0
                0x08010254                        . = ALIGN (0x4)
 *(.ARM.extab* .gnu.linkonce.armextab.*)
                0x08010254                        . = ALIGN (0x4)

.ARM            0x08010254        0x8
                0x08010254                        . = ALIGN (0x4)
                0x08010254                        __exidx_start = .
 *(.ARM.exidx*)
 .ARM.exidx     0x08010254        0x8 C:/ST/STM32CubeIDE_1.16.1/STM32CubeIDE/plugins/com.st.stm32cube.ide.mcu.externaltools.gnu-tools-for-stm32.12.3.rel1.win32_1.0.200.202406191623/tools/bin/../lib/gcc/arm-none-eabi/12.3.1/../../../../arm-none-eabi/lib/thumb/v7e-m+dp/hard\libc_nano.a(libc_a-strlen.o)
 .ARM.exidx     0x0801025c        0x0 C:/ST/STM32CubeIDE_1.16.1/STM32CubeIDE/plugins/com.st.stm32cube.ide.mcu.externaltools.gnu-tools-for-stm32.12.3.rel1.win32_1.0.200.202406191623/tools/bin/../lib/gcc/arm-none-eabi/12.3.1/../../../../arm-none-eabi/lib/thumb/v7e-m+dp/hard\libc_nano.a(libc_a-memchr.o)
                                  0x8 (size before relaxing)
 .ARM.exidx     0x0801025c        0x0 C:/ST/STM32CubeIDE_1.16.1/STM32CubeIDE/plugins/com.st.stm32cube.ide.mcu.externaltools.gnu-tools-for-stm32.12.3.rel1.win32_1.0.200.202406191623/tools/bin/../lib/gcc/arm-none-eabi/12.3.1/thumb/v7e-m+dp/hard\libgcc.a(_udivmoddi4.o)
                                  0x8 (size before relaxing)
                0x0801025c                        __exidx_end = .
                0x0801025c                        . = ALIGN (0x4)

.preinit_array  0x0801025c        0x0
                0x0801025c                        . = ALIGN (0x4)
                0x0801025c                        PROVIDE (__preinit_array_start = .)
 *(.preinit_array*)
                0x0801025c                        PROVIDE (__preinit_array_end = .)
                0x0801025c                        . = ALIGN (0x4)

.init_array     0x0801025c        0x4
                0x0801025c                        . = ALIGN (0x4)
                0x0801025c                        PROVIDE (__init_array_start = .)
 *(SORT_BY_NAME(.init_array.*))
 *(.init_array*)
 .init_array    0x0801025c        0x4 C:/ST/STM32CubeIDE_1.16.1/STM32CubeIDE/plugins/com.st.stm32cube.ide.mcu.externaltools.gnu-tools-for-stm32.12.3.rel1.win32_1.0.200.202406191623/tools/bin/../lib/gcc/arm-none-eabi/12.3.1/thumb/v7e-m+dp/hard/crtbegin.o
                0x08010260                        PROVIDE (__init_array_end = .)
                0x08010260                        . = ALIGN (0x4)

.fini_array     0x08010260        0x4
                0x08010260                        . = ALIGN (0x4)
                [!provide]                        PROVIDE (__fini_array_start = .)
 *(SORT_BY_NAME(.fini_array.*))
 *(.fini_array*)
 .fini_array    0x08010260        0x4 C:/ST/STM32CubeIDE_1.16.1/STM32CubeIDE/plugins/com.st.stm32cube.ide.mcu.externaltools.gnu-tools-for-stm32.12.3.rel1.win32_1.0.200.202406191623/tools/bin/../lib/gcc/arm-none-eabi/12.3.1/thumb/v7e-m+dp/hard/crtbegin.o
                [!provide]                        PROVIDE (__fini_array_end = .)
                0x08010264                        . = ALIGN (0x4)
                0x08010264                        _sidata = LOADADDR (.data)

.rel.dyn        0x08010264        0x0
 .rel.iplt      0x08010264        0x0 C:/ST/STM32CubeIDE_1.16.1/STM32CubeIDE/plugins/com.st.stm32cube.ide.mcu.externaltools.gnu-tools-for-stm32.12.3.rel1.win32_1.0.200.202406191623/tools/bin/../lib/gcc/arm-none-eabi/12.3.1/thumb/v7e-m+dp/hard/crtbegin.o

.data           0x24000000       0x88 load address 0x08010264
                0x24000000                        . = ALIGN (0x4)
                0x24000000                        _sdata = .
 *(.data)
 *(.data*)
 .data.SystemCoreClock
                0x24000000        0x4 ./Common/Src/system_stm32h7xx_dualcore_boot_cm4_cm7.o
                0x24000000                SystemCoreClock
 .data.SystemD2Clock
                0x24000004        0x4 ./Common/Src/system_stm32h7xx_dualcore_boot_cm4_cm7.o
                0x24000004                SystemD2Clock
 .data.LED_PORT
                0x24000008        0xc ./Drivers/BSP/STM32H7xx_Nucleo/stm32h7xx_nucleo.o
 .data.BUTTON_PORT
                0x24000014        0x4 ./Drivers/BSP/STM32H7xx_Nucleo/stm32h7xx_nucleo.o
 .data.ButtonCallback.1
                0x24000018        0x4 ./Drivers/BSP/STM32H7xx_Nucleo/stm32h7xx_nucleo.o
 .data.BSP_BUTTON_PRIO.0
                0x2400001c        0x4 ./Drivers/BSP/STM32H7xx_Nucleo/stm32h7xx_nucleo.o
 .data.uwTickPrio
                0x24000020        0x4 ./Drivers/STM32H7xx_HAL_Driver/stm32h7xx_hal.o
                0x24000020                uwTickPrio
 .data.uwTickFreq
                0x24000024        0x1 ./Drivers/STM32H7xx_HAL_Driver/stm32h7xx_hal.o
                0x24000024                uwTickFreq
 *fill*         0x24000025        0x3 
 .data.uxCriticalNesting
                0x24000028        0x4 ./Middlewares/Third_Party/FreeRTOS/port.o
 .data.__sglue  0x2400002c        0xc C:/ST/STM32CubeIDE_1.16.1/STM32CubeIDE/plugins/com.st.stm32cube.ide.mcu.externaltools.gnu-tools-for-stm32.12.3.rel1.win32_1.0.200.202406191623/tools/bin/../lib/gcc/arm-none-eabi/12.3.1/../../../../arm-none-eabi/lib/thumb/v7e-m+dp/hard\libc_nano.a(libc_a-findfp.o)
                0x2400002c                __sglue
 .data._impure_ptr
                0x24000038        0x4 C:/ST/STM32CubeIDE_1.16.1/STM32CubeIDE/plugins/com.st.stm32cube.ide.mcu.externaltools.gnu-tools-for-stm32.12.3.rel1.win32_1.0.200.202406191623/tools/bin/../lib/gcc/arm-none-eabi/12.3.1/../../../../arm-none-eabi/lib/thumb/v7e-m+dp/hard\libc_nano.a(libc_a-impure.o)
                0x24000038                _impure_ptr
 .data._impure_data
                0x2400003c       0x4c C:/ST/STM32CubeIDE_1.16.1/STM32CubeIDE/plugins/com.st.stm32cube.ide.mcu.externaltools.gnu-tools-for-stm32.12.3.rel1.win32_1.0.200.202406191623/tools/bin/../lib/gcc/arm-none-eabi/12.3.1/../../../../arm-none-eabi/lib/thumb/v7e-m+dp/hard\libc_nano.a(libc_a-impure.o)
                0x2400003c                _impure_data
 *(.RamFunc)
 *(.RamFunc*)
                0x24000088                        . = ALIGN (0x4)
                0x24000088                        _edata = .

.igot.plt       0x24000088        0x0 load address 0x080102ec
 .igot.plt      0x24000088        0x0 C:/ST/STM32CubeIDE_1.16.1/STM32CubeIDE/plugins/com.st.stm32cube.ide.mcu.externaltools.gnu-tools-for-stm32.12.3.rel1.win32_1.0.200.202406191623/tools/bin/../lib/gcc/arm-none-eabi/12.3.1/thumb/v7e-m+dp/hard/crtbegin.o
                0x24000088                        . = ALIGN (0x4)

.bss            0x24000088     0x504c load address 0x080102ec
                0x24000088                        _sbss = .
                0x24000088                        __bss_start__ = _sbss
 *(.bss)
 .bss           0x24000088       0x1c C:/ST/STM32CubeIDE_1.16.1/STM32CubeIDE/plugins/com.st.stm32cube.ide.mcu.externaltools.gnu-tools-for-stm32.12.3.rel1.win32_1.0.200.202406191623/tools/bin/../lib/gcc/arm-none-eabi/12.3.1/thumb/v7e-m+dp/hard/crtbegin.o
 *(.bss*)
 .bss.htim1     0x240000a4       0x4c ./Core/Src/main.o
                0x240000a4                htim1
 .bss.huart1    0x240000f0       0x94 ./Core/Src/main.o
                0x240000f0                huart1
 .bss.hdma_usart1_rx
                0x24000184       0x78 ./Core/Src/main.o
                0x24000184                hdma_usart1_rx
 .bss.defaultTaskHandle
                0x240001fc        0x4 ./Core/Src/main.o
                0x240001fc                defaultTaskHandle
 .bss.sendTaskHandle
                0x24000200        0x4 ./Core/Src/main.o
                0x24000200                sendTaskHandle
 .bss.receiveTaskHandle
                0x24000204        0x4 ./Core/Src/main.o
                0x24000204                receiveTaskHandle
 .bss.gpsTaskHandle
                0x24000208        0x4 ./Core/Src/main.o
                0x24000208                gpsTaskHandle
 .bss.uart_lockHandle
                0x2400020c        0x4 ./Core/Src/main.o
                0x2400020c                uart_lockHandle
 .bss.txBuffer  0x24000210      0x100 ./Core/Src/main.o
                0x24000210                txBuffer
 .bss.rxBuffer  0x24000310      0x100 ./Core/Src/main.o
                0x24000310                rxBuffer
 .bss.checkBuffer
                0x24000410      0x100 ./Core/Src/main.o
                0x24000410                checkBuffer
 .bss.writeIndex
                0x24000510        0x2 ./Core/Src/main.o
                0x24000510                writeIndex
 .bss.readIndex
                0x24000512        0x2 ./Core/Src/main.o
                0x24000512                readIndex
 .bss.propertyIndex
                0x24000514        0x1 ./Core/Src/main.o
                0x24000514                propertyIndex
 *fill*         0x24000515        0x3 
 .bss.serverAttributes
                0x24000518       0x29 ./Core/Src/main.o
                0x24000518                serverAttributes
 *fill*         0x24000541        0x3 
 .bss.htim6     0x24000544       0x4c ./Core/Src/stm32h7xx_hal_timebase_tim.o
                0x24000544                htim6
 .bss.__sbrk_heap_end
                0x24000590        0x4 ./Core/Src/sysmem.o
 .bss.hpb_exti  0x24000594        0x8 ./Drivers/BSP/STM32H7xx_Nucleo/stm32h7xx_nucleo.o
                0x24000594                hpb_exti
 .bss.uwTick    0x2400059c        0x4 ./Drivers/STM32H7xx_HAL_Driver/stm32h7xx_hal.o
                0x2400059c                uwTick
 .bss.KernelState
                0x240005a0        0x4 ./Middlewares/Third_Party/FreeRTOS/cmsis_os2.o
 .bss.Idle_TCB.3
                0x240005a4       0xa8 ./Middlewares/Third_Party/FreeRTOS/cmsis_os2.o
 .bss.Idle_Stack.2
                0x2400064c      0x200 ./Middlewares/Third_Party/FreeRTOS/cmsis_os2.o
 .bss.Timer_TCB.1
                0x2400084c       0xa8 ./Middlewares/Third_Party/FreeRTOS/cmsis_os2.o
 .bss.Timer_Stack.0
                0x240008f4      0x400 ./Middlewares/Third_Party/FreeRTOS/cmsis_os2.o
 .bss.ucHeap    0x24000cf4     0x3c00 ./Middlewares/Third_Party/FreeRTOS/heap_4.o
 .bss.xStart    0x240048f4        0x8 ./Middlewares/Third_Party/FreeRTOS/heap_4.o
 .bss.pxEnd     0x240048fc        0x4 ./Middlewares/Third_Party/FreeRTOS/heap_4.o
 .bss.xFreeBytesRemaining
                0x24004900        0x4 ./Middlewares/Third_Party/FreeRTOS/heap_4.o
 .bss.xMinimumEverFreeBytesRemaining
                0x24004904        0x4 ./Middlewares/Third_Party/FreeRTOS/heap_4.o
 .bss.xNumberOfSuccessfulAllocations
                0x24004908        0x4 ./Middlewares/Third_Party/FreeRTOS/heap_4.o