../Core/Src/main.c:169:5:main	16	static
../Core/Src/main.c:318:6:SystemClock_Config	120	static
../Core/Src/main.c:378:13:MX_TIM1_Init	96	static
../Core/Src/main.c:456:13:MX_USART1_UART_Init	8	static
../Core/Src/main.c:502:13:MX_DMA_Init	16	static
../Core/Src/main.c:523:13:MX_GPIO_Init	56	static
../Core/Src/main.c:591:6:NetworkInit	16	static
../Core/Src/main.c:729:6:OpenSocket	16	static
../Core/Src/main.c:752:6:SocketSendData	48	static
../Core/Src/main.c:781:6:SocketReceiveData	16	static
../Core/Src/main.c:799:6:gps	56	static
../Core/Src/main.c:835:6:HandleReceivedData	24	static
../Core/Src/main.c:858:9:encodeServerData	32	static
../Core/Src/main.c:920:6:decodeServerData	24	static
../Core/Src/main.c:972:6:HAL_UARTEx_RxEventCallback	16	static
../Core/Src/main.c:990:6:StartDefaultTask	16	static
../Core/Src/main.c:1008:6:StartSendTask	16	static
../Core/Src/main.c:1027:6:StartReceiveTask	16	static
../Core/Src/main.c:1046:6:StartGpsTask	16	static
../Core/Src/main.c:1066:6:HAL_TIM_PeriodElapsedCallback	16	static
../Core/Src/main.c:1083:6:Error_Handler	4	static,ignoring_inline_asm
