Archive member included to satisfy reference by file (symbol)

c:/touchgfx/4.24.1/env/mingw/msys/1.0/gnu-arm-gcc/bin/../lib/gcc/arm-none-eabi/7.3.1/../../../../arm-none-eabi/lib/thumb/v7e-m/fpv4-sp/hard\libc.a(lib_a-atoi.o)
                              CM4/TouchGFX/build/STM32H747I_DISCO/CM4/Core/Src/main.o (atoi)
c:/touchgfx/4.24.1/env/mingw/msys/1.0/gnu-arm-gcc/bin/../lib/gcc/arm-none-eabi/7.3.1/../../../../arm-none-eabi/lib/thumb/v7e-m/fpv4-sp/hard\libc.a(lib_a-errno.o)
                              CM4/TouchGFX/build/STM32H747I_DISCO/STM32CubeIDE/CM4/Application/User/Core/syscalls.o (__errno)
c:/touchgfx/4.24.1/env/mingw/msys/1.0/gnu-arm-gcc/bin/../lib/gcc/arm-none-eabi/7.3.1/../../../../arm-none-eabi/lib/thumb/v7e-m/fpv4-sp/hard\libc.a(lib_a-exit.o)
                              c:/touchgfx/4.24.1/env/mingw/msys/1.0/gnu-arm-gcc/bin/../lib/gcc/arm-none-eabi/7.3.1/../../../../arm-none-eabi/lib/thumb/v7e-m/fpv4-sp/hard/crt0.o (exit)
c:/touchgfx/4.24.1/env/mingw/msys/1.0/gnu-arm-gcc/bin/../lib/gcc/arm-none-eabi/7.3.1/../../../../arm-none-eabi/lib/thumb/v7e-m/fpv4-sp/hard\libc.a(lib_a-impure.o)
                              c:/touchgfx/4.24.1/env/mingw/msys/1.0/gnu-arm-gcc/bin/../lib/gcc/arm-none-eabi/7.3.1/../../../../arm-none-eabi/lib/thumb/v7e-m/fpv4-sp/hard\libc.a(lib_a-exit.o) (_global_impure_ptr)
c:/touchgfx/4.24.1/env/mingw/msys/1.0/gnu-arm-gcc/bin/../lib/gcc/arm-none-eabi/7.3.1/../../../../arm-none-eabi/lib/thumb/v7e-m/fpv4-sp/hard\libc.a(lib_a-init.o)
                              c:/touchgfx/4.24.1/env/mingw/msys/1.0/gnu-arm-gcc/bin/../lib/gcc/arm-none-eabi/7.3.1/../../../../arm-none-eabi/lib/thumb/v7e-m/fpv4-sp/hard/crt0.o (__libc_init_array)
c:/touchgfx/4.24.1/env/mingw/msys/1.0/gnu-arm-gcc/bin/../lib/gcc/arm-none-eabi/7.3.1/../../../../arm-none-eabi/lib/thumb/v7e-m/fpv4-sp/hard\libc.a(lib_a-memset.o)
                              c:/touchgfx/4.24.1/env/mingw/msys/1.0/gnu-arm-gcc/bin/../lib/gcc/arm-none-eabi/7.3.1/../../../../arm-none-eabi/lib/thumb/v7e-m/fpv4-sp/hard/crt0.o (memset)
c:/touchgfx/4.24.1/env/mingw/msys/1.0/gnu-arm-gcc/bin/../lib/gcc/arm-none-eabi/7.3.1/../../../../arm-none-eabi/lib/thumb/v7e-m/fpv4-sp/hard\libc.a(lib_a-sprintf.o)
                              CM4/TouchGFX/build/STM32H747I_DISCO/CM4/Core/Src/main.o (sprintf)
c:/touchgfx/4.24.1/env/mingw/msys/1.0/gnu-arm-gcc/bin/../lib/gcc/arm-none-eabi/7.3.1/../../../../arm-none-eabi/lib/thumb/v7e-m/fpv4-sp/hard\libc.a(lib_a-strlen.o)
                              CM4/TouchGFX/build/STM32H747I_DISCO/CM4/Core/Src/main.o (strlen)
c:/touchgfx/4.24.1/env/mingw/msys/1.0/gnu-arm-gcc/bin/../lib/gcc/arm-none-eabi/7.3.1/../../../../arm-none-eabi/lib/thumb/v7e-m/fpv4-sp/hard\libc.a(lib_a-strtol.o)
                              c:/touchgfx/4.24.1/env/mingw/msys/1.0/gnu-arm-gcc/bin/../lib/gcc/arm-none-eabi/7.3.1/../../../../arm-none-eabi/lib/thumb/v7e-m/fpv4-sp/hard\libc.a(lib_a-atoi.o) (_strtol_r)
c:/touchgfx/4.24.1/env/mingw/msys/1.0/gnu-arm-gcc/bin/../lib/gcc/arm-none-eabi/7.3.1/../../../../arm-none-eabi/lib/thumb/v7e-m/fpv4-sp/hard\libc.a(lib_a-svfprintf.o)
                              c:/touchgfx/4.24.1/env/mingw/msys/1.0/gnu-arm-gcc/bin/../lib/gcc/arm-none-eabi/7.3.1/../../../../arm-none-eabi/lib/thumb/v7e-m/fpv4-sp/hard\libc.a(lib_a-sprintf.o) (_svfprintf_r)
c:/touchgfx/4.24.1/env/mingw/msys/1.0/gnu-arm-gcc/bin/../lib/gcc/arm-none-eabi/7.3.1/../../../../arm-none-eabi/lib/thumb/v7e-m/fpv4-sp/hard\libc.a(lib_a-__call_atexit.o)
                              c:/touchgfx/4.24.1/env/mingw/msys/1.0/gnu-arm-gcc/bin/../lib/gcc/arm-none-eabi/7.3.1/../../../../arm-none-eabi/lib/thumb/v7e-m/fpv4-sp/hard\libc.a(lib_a-exit.o) (__call_exitprocs)
c:/touchgfx/4.24.1/env/mingw/msys/1.0/gnu-arm-gcc/bin/../lib/gcc/arm-none-eabi/7.3.1/../../../../arm-none-eabi/lib/thumb/v7e-m/fpv4-sp/hard\libc.a(lib_a-atexit.o)
                              c:/touchgfx/4.24.1/env/mingw/msys/1.0/gnu-arm-gcc/bin/../lib/gcc/arm-none-eabi/7.3.1/../../../../arm-none-eabi/lib/thumb/v7e-m/fpv4-sp/hard\libc.a(lib_a-__call_atexit.o) (atexit)
c:/touchgfx/4.24.1/env/mingw/msys/1.0/gnu-arm-gcc/bin/../lib/gcc/arm-none-eabi/7.3.1/../../../../arm-none-eabi/lib/thumb/v7e-m/fpv4-sp/hard\libc.a(lib_a-dtoa.o)
                              c:/touchgfx/4.24.1/env/mingw/msys/1.0/gnu-arm-gcc/bin/../lib/gcc/arm-none-eabi/7.3.1/../../../../arm-none-eabi/lib/thumb/v7e-m/fpv4-sp/hard\libc.a(lib_a-svfprintf.o) (_dtoa_r)
c:/touchgfx/4.24.1/env/mingw/msys/1.0/gnu-arm-gcc/bin/../lib/gcc/arm-none-eabi/7.3.1/../../../../arm-none-eabi/lib/thumb/v7e-m/fpv4-sp/hard\libc.a(lib_a-fini.o)
                              c:/touchgfx/4.24.1/env/mingw/msys/1.0/gnu-arm-gcc/bin/../lib/gcc/arm-none-eabi/7.3.1/../../../../arm-none-eabi/lib/thumb/v7e-m/fpv4-sp/hard\libc.a(lib_a-__call_atexit.o) (__libc_fini_array)
c:/touchgfx/4.24.1/env/mingw/msys/1.0/gnu-arm-gcc/bin/../lib/gcc/arm-none-eabi/7.3.1/../../../../arm-none-eabi/lib/thumb/v7e-m/fpv4-sp/hard\libc.a(lib_a-freer.o)
[...]
Memory Configuration

Name             Origin             Length             Attributes
FLASH            0x08100000         0x00100000         xr
RAM              0x10000000         0x00048000         xrw
*default*        0x00000000         0xffffffff

Linker script and memory map

LOAD c:/touchgfx/4.24.1/env/mingw/msys/1.0/gnu-arm-gcc/bin/../lib/gcc/arm-none-eabi/7.3.1/thumb/v7e-m/fpv4-sp/hard/crti.o
LOAD c:/touchgfx/4.24.1/env/mingw/msys/1.0/gnu-arm-gcc/bin/../lib/gcc/arm-none-eabi/7.3.1/thumb/v7e-m/fpv4-sp/hard/crtbegin.o
LOAD c:/touchgfx/4.24.1/env/mingw/msys/1.0/gnu-arm-gcc/bin/../lib/gcc/arm-none-eabi/7.3.1/../../../../arm-none-eabi/lib/thumb/v7e-m/fpv4-sp/hard/crt0.o
START GROUP
LOAD c:/touchgfx/4.24.1/env/mingw/msys/1.0/gnu-arm-gcc/bin/../lib/gcc/arm-none-eabi/7.3.1/../../../../arm-none-eabi/lib/thumb/v7e-m/fpv4-sp/hard\libstdc++.a
LOAD c:/touchgfx/4.24.1/env/mingw/msys/1.0/gnu-arm-gcc/bin/../lib/gcc/arm-none-eabi/7.3.1/../../../../arm-none-eabi/lib/thumb/v7e-m/fpv4-sp/hard\libsupc++.a
END GROUP
LOAD CM4/TouchGFX/build/STM32H747I_DISCO/Drivers/STM32H7xx_HAL_Driver/Src/stm32h7xx_hal.o
LOAD CM4/TouchGFX/build/STM32H747I_DISCO/Drivers/STM32H7xx_HAL_Driver/Src/stm32h7xx_hal_cortex.o
LOAD CM4/TouchGFX/build/STM32H747I_DISCO/Drivers/STM32H7xx_HAL_Driver/Src/stm32h7xx_hal_crc.o
LOAD CM4/TouchGFX/build/STM32H747I_DISCO/Drivers/STM32H7xx_HAL_Driver/Src/stm32h7xx_hal_crc_ex.o
LOAD CM4/TouchGFX/build/STM32H747I_DISCO/Drivers/STM32H7xx_HAL_Driver/Src/stm32h7xx_hal_dma.o
LOAD CM4/TouchGFX/build/STM32H747I_DISCO/Drivers/STM32H7xx_HAL_Driver/Src/stm32h7xx_hal_dma_ex.o
LOAD CM4/TouchGFX/build/STM32H747I_DISCO/Drivers/STM32H7xx_HAL_Driver/Src/stm32h7xx_hal_dma2d.o
LOAD CM4/TouchGFX/build/STM32H747I_DISCO/Drivers/STM32H7xx_HAL_Driver/Src/stm32h7xx_hal_dsi.o
LOAD CM4/TouchGFX/build/STM32H747I_DISCO/Drivers/STM32H7xx_HAL_Driver/Src/stm32h7xx_hal_exti.o
LOAD CM4/TouchGFX/build/STM32H747I_DISCO/Drivers/STM32H7xx_HAL_Driver/Src/stm32h7xx_hal_flash.o
LOAD CM4/TouchGFX/build/STM32H747I_DISCO/Drivers/STM32H7xx_HAL_Driver/Src/stm32h7xx_hal_flash_ex.o
LOAD CM4/TouchGFX/build/STM32H747I_DISCO/Drivers/STM32H7xx_HAL_Driver/Src/stm32h7xx_hal_gpio.o
LOAD CM4/TouchGFX/build/STM32H747I_DISCO/Drivers/STM32H7xx_HAL_Driver/Src/stm32h7xx_hal_hsem.o
LOAD CM4/TouchGFX/build/STM32H747I_DISCO/Drivers/STM32H7xx_HAL_Driver/Src/stm32h7xx_hal_i2c.o
LOAD CM4/TouchGFX/build/STM32H747I_DISCO/Drivers/STM32H7xx_HAL_Driver/Src/stm32h7xx_hal_i2c_ex.o
LOAD CM4/TouchGFX/build/STM32H747I_DISCO/Drivers/STM32H7xx_HAL_Driver/Src/stm32h7xx_hal_ltdc.o
LOAD CM4/TouchGFX/build/STM32H747I_DISCO/Drivers/STM32H7xx_HAL_Driver/Src/stm32h7xx_hal_ltdc_ex.o
LOAD CM4/TouchGFX/build/STM32H747I_DISCO/Drivers/STM32H7xx_HAL_Driver/Src/stm32h7xx_hal_mdma.o
LOAD CM4/TouchGFX/build/STM32H747I_DISCO/Drivers/STM32H7xx_HAL_Driver/Src/stm32h7xx_hal_pwr.o
LOAD CM4/TouchGFX/build/STM32H747I_DISCO/Drivers/STM32H7xx_HAL_Driver/Src/stm32h7xx_hal_pwr_ex.o
LOAD CM4/TouchGFX/build/STM32H747I_DISCO/Drivers/STM32H7xx_HAL_Driver/Src/stm32h7xx_hal_qspi.o
LOAD CM4/TouchGFX/build/STM32H747I_DISCO/Drivers/STM32H7xx_HAL_Driver/Src/stm32h7xx_hal_rcc.o
LOAD CM4/TouchGFX/build/STM32H747I_DISCO/Drivers/STM32H7xx_HAL_Driver/Src/stm32h7xx_hal_rcc_ex.o
LOAD CM4/TouchGFX/build/STM32H747I_DISCO/Drivers/STM32H7xx_HAL_Driver/Src/stm32h7xx_hal_sdram.o
LOAD CM4/TouchGFX/build/STM32H747I_DISCO/Drivers/STM32H7xx_HAL_Driver/Src/stm32h7xx_hal_tim.o
LOAD CM4/TouchGFX/build/STM32H747I_DISCO/Drivers/STM32H7xx_HAL_Driver/Src/stm32h7xx_hal_tim_ex.o
LOAD CM4/TouchGFX/build/STM32H747I_DISCO/Drivers/STM32H7xx_HAL_Driver/Src/stm32h7xx_ll_fmc.o
LOAD CM4/TouchGFX/build/STM32H747I_DISCO/CM4/Core/Src/main.o
LOAD CM4/TouchGFX/build/STM32H747I_DISCO/CM4/Core/Src/stm32h7xx_it.o
LOAD CM4/TouchGFX/build/STM32H747I_DISCO/CM4/Core/Src/stm32h7xx_hal_msp.o
LOAD CM4/TouchGFX/build/STM32H747I_DISCO/STM32CubeIDE/CM4/Application/User/Core/syscalls.o
LOAD CM4/TouchGFX/build/STM32H747I_DISCO/STM32CubeIDE/CM4/Application/User/Core/sysmem.o
LOAD CM4/TouchGFX/build/STM32H747I_DISCO/Common/Src/system_stm32h7xx_dualcore_boot_cm4_cm7.o
LOAD CM4/TouchGFX/build/STM32H747I_DISCO/STM32CubeIDE/CM4/Application/User/Startup/startup_stm32h747xihx.o
START GROUP
END GROUP
LOAD c:/touchgfx/4.24.1/env/mingw/msys/1.0/gnu-arm-gcc/bin/../lib/gcc/arm-none-eabi/7.3.1/../../../../arm-none-eabi/lib/thumb/v7e-m/fpv4-sp/hard\libstdc++.a
LOAD c:/touchgfx/4.24.1/env/mingw/msys/1.0/gnu-arm-gcc/bin/../lib/gcc/arm-none-eabi/7.3.1/../../../../arm-none-eabi/lib/thumb/v7e-m/fpv4-sp/hard\libm.a
LOAD c:/touchgfx/4.24.1/env/mingw/msys/1.0/gnu-arm-gcc/bin/../lib/gcc/arm-none-eabi/7.3.1/../../../../arm-none-eabi/lib/thumb/v7e-m/fpv4-sp/hard\libc.a
START GROUP
LOAD c:/touchgfx/4.24.1/env/mingw/msys/1.0/gnu-arm-gcc/bin/../lib/gcc/arm-none-eabi/7.3.1/thumb/v7e-m/fpv4-sp/hard\libgcc.a
LOAD c:/touchgfx/4.24.1/env/mingw/msys/1.0/gnu-arm-gcc/bin/../lib/gcc/arm-none-eabi/7.3.1/../../../../arm-none-eabi/lib/thumb/v7e-m/fpv4-sp/hard\libg.a
LOAD c:/touchgfx/4.24.1/env/mingw/msys/1.0/gnu-arm-gcc/bin/../lib/gcc/arm-none-eabi/7.3.1/../../../../arm-none-eabi/lib/thumb/v7e-m/fpv4-sp/hard\libc.a
END GROUP
START GROUP
LOAD c:/touchgfx/4.24.1/env/mingw/msys/1.0/gnu-arm-gcc/bin/../lib/gcc/arm-none-eabi/7.3.1/thumb/v7e-m/fpv4-sp/hard\libgcc.a
LOAD c:/touchgfx/4.24.1/env/mingw/msys/1.0/gnu-arm-gcc/bin/../lib/gcc/arm-none-eabi/7.3.1/../../../../arm-none-eabi/lib/thumb/v7e-m/fpv4-sp/hard\libc.a
LOAD c:/touchgfx/4.24.1/env/mingw/msys/1.0/gnu-arm-gcc/bin/../lib/gcc/arm-none-eabi/7.3.1/../../../../arm-none-eabi/lib/thumb/v7e-m/fpv4-sp/hard\libnosys.a
END GROUP
LOAD c:/touchgfx/4.24.1/env/mingw/msys/1.0/gnu-arm-gcc/bin/../lib/gcc/arm-none-eabi/7.3.1/thumb/v7e-m/fpv4-sp/hard/crtend.o
LOAD c:/touchgfx/4.24.1/env/mingw/msys/1.0/gnu-arm-gcc/bin/../lib/gcc/arm-none-eabi/7.3.1/thumb/v7e-m/fpv4-sp/hard/crtn.o
                0x10048000                _estack = (ORIGIN (RAM) + LENGTH (RAM))
                0x00001000                _Min_Heap_Size = 0x1000
                0x00001000                _Min_Stack_Size = 0x1000

.isr_vector     0x08100000      0x298
                0x08100000                . = ALIGN (0x4)
 *(.isr_vector)
 .isr_vector    0x08100000      0x298 CM4/TouchGFX/build/STM32H747I_DISCO/STM32CubeIDE/CM4/Application/User/Startup/startup_stm32h747xihx.o
                0x08100000                g_pfnVectors
                0x08100298                . = ALIGN (0x4)

.text           0x081002c0     0x6e44
                0x081002c0                . = ALIGN (0x4)
 *(.text)
 .text          0x081002c0       0x40 c:/touchgfx/4.24.1/env/mingw/msys/1.0/gnu-arm-gcc/bin/../lib/gcc/arm-none-eabi/7.3.1/thumb/v7e-m/fpv4-sp/hard/crtbegin.o
 .text          0x08100300       0xdc c:/touchgfx/4.24.1/env/mingw/msys/1.0/gnu-arm-gcc/bin/../lib/gcc/arm-none-eabi/7.3.1/../../../../arm-none-eabi/lib/thumb/v7e-m/fpv4-sp/hard\libc.a(lib_a-strlen.o)
                0x08100300                strlen
 *fill*         0x081003dc        0x4 
 .text          0x081003e0       0xa0 c:/touchgfx/4.24.1/env/mingw/msys/1.0/gnu-arm-gcc/bin/../lib/gcc/arm-none-eabi/7.3.1/../../../../arm-none-eabi/lib/thumb/v7e-m/fpv4-sp/hard\libc.a(lib_a-memchr.o)
                0x081003e0                memchr
 .text          0x08100480      0x134 c:/touchgfx/4.24.1/env/mingw/msys/1.0/gnu-arm-gcc/bin/../lib/gcc/arm-none-eabi/7.3.1/../../../../arm-none-eabi/lib/thumb/v7e-m/fpv4-sp/hard\libc.a(lib_a-memcpy.o)
                0x08100480                memcpy
 .text          0x081005b4      0x378 c:/touchgfx/4.24.1/env/mingw/msys/1.0/gnu-arm-gcc/bin/../lib/gcc/arm-none-eabi/7.3.1/thumb/v7e-m/fpv4-sp/hard\libgcc.a(_arm_addsubdf3.o)
                0x081005b4                __aeabi_drsub
                0x081005bc                __aeabi_dsub
                0x081005bc                __subdf3
                0x081005c0                __aeabi_dadd
                0x081005c0                __adddf3
                0x08100838                __floatunsidf
                0x08100838                __aeabi_ui2d
                0x08100858                __floatsidf
                0x08100858                __aeabi_i2d
                0x0810087c                __aeabi_f2d
                0x0810087c                __extendsfdf2
                0x081008c0                __floatundidf
                0x081008c0                __aeabi_ul2d
                0x081008d0                __floatdidf
                0x081008d0                __aeabi_l2d
 .text          0x0810092c      0x424 c:/touchgfx/4.24.1/env/mingw/msys/1.0/gnu-arm-gcc/bin/../lib/gcc/arm-none-eabi/7.3.1/thumb/v7e-m/fpv4-sp/hard\libgcc.a(_arm_muldivdf3.o)
                0x0810092c                __aeabi_dmul
                0x0810092c                __muldf3
                0x08100b80                __divdf3
                0x08100b80                __aeabi_ddiv
 .text          0x08100d50      0x110 c:/touchgfx/4.24.1/env/mingw/msys/1.0/gnu-arm-gcc/bin/../lib/gcc/arm-none-eabi/7.3.1/thumb/v7e-m/fpv4-sp/hard\libgcc.a(_arm_cmpdf2.o)
                0x08100d50                __gtdf2
                0x08100d50                __gedf2
                0x08100d58                __ltdf2
                0x08100d58                __ledf2
                0x08100d60                __nedf2
                0x08100d60                __eqdf2
                0x08100d60                __cmpdf2
                0x08100ddc                __aeabi_cdrcmple
                0x08100dec                __aeabi_cdcmpeq
                0x08100dec                __aeabi_cdcmple
                0x08100dfc                __aeabi_dcmpeq
                0x08100e10                __aeabi_dcmplt
                0x08100e24                __aeabi_dcmple
                0x08100e38                __aeabi_dcmpge
                0x08100e4c                __aeabi_dcmpgt
 .text          0x08100e60       0x2c c:/touchgfx/4.24.1/env/mingw/msys/1.0/gnu-arm-gcc/bin/../lib/gcc/arm-none-eabi/7.3.1/thumb/v7e-m/fpv4-sp/hard\libgcc.a(_arm_unorddf2.o)
                0x08100e60                __unorddf2
                0x08100e60                __aeabi_dcmpun
 .text          0x08100e8c       0x50 c:/touchgfx/4.24.1/env/mingw/msys/1.0/gnu-arm-gcc/bin/../lib/gcc/arm-none-eabi/7.3.1/thumb/v7e-m/fpv4-sp/hard\libgcc.a(_arm_fixdfsi.o)
                0x08100e8c                __aeabi_d2iz
                0x08100e8c                __fixdfsi
 .text          0x08100edc       0x30 c:/touchgfx/4.24.1/env/mingw/msys/1.0/gnu-arm-gcc/bin/../lib/gcc/arm-none-eabi/7.3.1/thumb/v7e-m/fpv4-sp/hard\libgcc.a(_aeabi_uldivmod.o)
                0x08100edc                __aeabi_uldivmod
 .text          0x08100f0c      0x2cc c:/touchgfx/4.24.1/env/mingw/msys/1.0/gnu-arm-gcc/bin/../lib/gcc/arm-none-eabi/7.3.1/thumb/v7e-m/fpv4-sp/hard\libgcc.a(_udivmoddi4.o)
                0x08100f0c                __udivmoddi4
 .text          0x081011d8        0x4 c:/touchgfx/4.24.1/env/mingw/msys/1.0/gnu-arm-gcc/bin/../lib/gcc/arm-none-eabi/7.3.1/thumb/v7e-m/fpv4-sp/hard\libgcc.a(_dvmd_tls.o)
                0x081011d8                __aeabi_idiv0
                0x081011d8                __aeabi_ldiv0
 *(.text*)
 .text.HAL_InitTick
                0x081011dc       0x4c CM4/TouchGFX/build/STM32H747I_DISCO/Drivers/STM32H7xx_HAL_Driver/Src/stm32h7xx_hal.o
                0x081011dc                HAL_InitTick
 .text.HAL_Init
                0x08101228       0x94 CM4/TouchGFX/build/STM32H747I_DISCO/Drivers/STM32H7xx_HAL_Driver/Src/stm32h7xx_hal.o
                0x08101228                HAL_Init
 .text.HAL_IncTick
                0x081012bc       0x18 CM4/TouchGFX/build/STM32H747I_DISCO/Drivers/STM32H7xx_HAL_Driver/Src/stm32h7xx_hal.o
                0x081012bc                HAL_IncTick
 .text.HAL_NVIC_SetPriorityGrouping
                0x081012d4       0x24 CM4/TouchGFX/build/STM32H747I_DISCO/Drivers/STM32H7xx_HAL_Driver/Src/stm32h7xx_hal_cortex.o
                0x081012d4                HAL_NVIC_SetPriorityGrouping
 .text.HAL_NVIC_SetPriority
                0x081012f8       0x68 CM4/TouchGFX/build/STM32H747I_DISCO/Drivers/STM32H7xx_HAL_Driver/Src/stm32h7xx_hal_cortex.o
                0x081012f8                HAL_NVIC_SetPriority
 .text.HAL_NVIC_EnableIRQ
                0x08101360       0x1c CM4/TouchGFX/build/STM32H747I_DISCO/Drivers/STM32H7xx_HAL_Driver/Src/stm32h7xx_hal_cortex.o
                0x08101360                HAL_NVIC_EnableIRQ
 .text.HAL_SYSTICK_Config
                0x0810137c       0x2c CM4/TouchGFX/build/STM32H747I_DISCO/Drivers/STM32H7xx_HAL_Driver/Src/stm32h7xx_hal_cortex.o
                0x0810137c                HAL_SYSTICK_Config
 .text.HAL_GetCurrentCPUID
                0x081013a8       0x18 CM4/TouchGFX/build/STM32H747I_DISCO/Drivers/STM32H7xx_HAL_Driver/Src/stm32h7xx_hal_cortex.o
                0x081013a8                HAL_GetCurrentCPUID
 .text.HAL_DMA_IRQHandler
                0x081013c0      0x548 CM4/TouchGFX/build/STM32H747I_DISCO/Drivers/STM32H7xx_HAL_Driver/Src/stm32h7xx_hal_dma.o
                0x081013c0                HAL_DMA_IRQHandler
 .text.HAL_GPIO_Init
                0x08101908      0x1dc CM4/TouchGFX/build/STM32H747I_DISCO/Drivers/STM32H7xx_HAL_Driver/Src/stm32h7xx_hal_gpio.o
                0x08101908                HAL_GPIO_Init
 .text.HAL_HSEM_ActivateNotification
                0x08101ae4       0x10 CM4/TouchGFX/build/STM32H747I_DISCO/Drivers/STM32H7xx_HAL_Driver/Src/stm32h7xx_hal_hsem.o
                0x08101ae4                HAL_HSEM_ActivateNotification
 .text.HAL_PWREx_EnterSTOPMode
                0x08101af4       0x84 CM4/TouchGFX/build/STM32H747I_DISCO/Drivers/STM32H7xx_HAL_Driver/Src/stm32h7xx_hal_pwr_ex.o
                0x08101af4                HAL_PWREx_EnterSTOPMode
 .text.HAL_PWREx_ClearPendingEvent
                0x08101b78       0x12 CM4/TouchGFX/build/STM32H747I_DISCO/Drivers/STM32H7xx_HAL_Driver/Src/stm32h7xx_hal_pwr_ex.o
                0x08101b78                HAL_PWREx_ClearPendingEvent
 *fill*         0x08101b8a        0x2 
 .text.HAL_RCC_GetSysClockFreq
                0x08101b8c      0x138 CM4/TouchGFX/build/STM32H747I_DISCO/Drivers/STM32H7xx_HAL_Driver/Src/stm32h7xx_hal_rcc.o
                0x08101b8c                HAL_RCC_GetSysClockFreq
 .text.TIM_OC1_SetConfig
                0x08101cc4       0x98 CM4/TouchGFX/build/STM32H747I_DISCO/Drivers/STM32H7xx_HAL_Driver/Src/stm32h7xx_hal_tim.o
 .text.TIM_OC3_SetConfig
                0x08101d5c       0x88 CM4/TouchGFX/build/STM32H747I_DISCO/Drivers/STM32H7xx_HAL_Driver/Src/stm32h7xx_hal_tim.o
 .text.TIM_OC4_SetConfig
                0x08101de4       0x68 CM4/TouchGFX/build/STM32H747I_DISCO/Drivers/STM32H7xx_HAL_Driver/Src/stm32h7xx_hal_tim.o
 .text.TIM_OC5_SetConfig
                0x08101e4c       0x68 CM4/TouchGFX/build/STM32H747I_DISCO/Drivers/STM32H7xx_HAL_Driver/Src/stm32h7xx_hal_tim.o
 .text.TIM_OC6_SetConfig
                0x08101eb4       0x68 CM4/TouchGFX/build/STM32H747I_DISCO/Drivers/STM32H7xx_HAL_Driver/Src/stm32h7xx_hal_tim.o
 .text.HAL_TIM_OC_DelayElapsedCallback
                0x08101f1c        0x2 CM4/TouchGFX/build/STM32H747I_DISCO/Drivers/STM32H7xx_HAL_Driver/Src/stm32h7xx_hal_tim.o
                0x08101f1c                HAL_TIM_OC_DelayElapsedCallback
 .text.HAL_TIM_IC_CaptureCallback
                0x08101f1e        0x2 CM4/TouchGFX/build/STM32H747I_DISCO/Drivers/STM32H7xx_HAL_Driver/Src/stm32h7xx_hal_tim.o
                0x08101f1e                HAL_TIM_IC_CaptureCallback
 .text.HAL_TIM_PWM_PulseFinishedCallback
                0x08101f20        0x2 CM4/TouchGFX/build/STM32H747I_DISCO/Drivers/STM32H7xx_HAL_Driver/Src/stm32h7xx_hal_tim.o
                0x08101f20                HAL_TIM_PWM_PulseFinishedCallback
 .text.HAL_TIM_TriggerCallback
                0x08101f22        0x2 CM4/TouchGFX/build/STM32H747I_DISCO/Drivers/STM32H7xx_HAL_Driver/Src/stm32h7xx_hal_tim.o
                0x08101f22                HAL_TIM_TriggerCallback
 .text.HAL_TIM_IRQHandler
                0x08101f24      0x140 CM4/TouchGFX/build/STM32H747I_DISCO/Drivers/STM32H7xx_HAL_Driver/Src/stm32h7xx_hal_tim.o
                0x08101f24                HAL_TIM_IRQHandler
 .text.TIM_Base_SetConfig
                0x08102064       0xd8 CM4/TouchGFX/build/STM32H747I_DISCO/Drivers/STM32H7xx_HAL_Driver/Src/stm32h7xx_hal_tim.o
                0x08102064                TIM_Base_SetConfig
 .text.HAL_TIM_PWM_Init
                0x0810213c       0x60 CM4/TouchGFX/build/STM32H747I_DISCO/Drivers/STM32H7xx_HAL_Driver/Src/stm32h7xx_hal_tim.o
                0x0810213c                HAL_TIM_PWM_Init
 .text.TIM_OC2_SetConfig
                0x0810219c       0x8c CM4/TouchGFX/build/STM32H747I_DISCO/Drivers/STM32H7xx_HAL_Driver/Src/stm32h7xx_hal_tim.o
                0x0810219c                TIM_OC2_SetConfig
 .text.HAL_TIM_PWM_ConfigChannel
                0x08102228      0x106 CM4/TouchGFX/build/STM32H747I_DISCO/Drivers/STM32H7xx_HAL_Driver/Src/stm32h7xx_hal_tim.o
                0x08102228                HAL_TIM_PWM_ConfigChannel
 .text.TIM_CCxChannelCmd
                0x0810232e       0x1c CM4/TouchGFX/build/STM32H747I_DISCO/Drivers/STM32H7xx_HAL_Driver/Src/stm32h7xx_hal_tim.o
                0x0810232e                TIM_CCxChannelCmd
 *fill*         0x0810234a        0x2 
 .text.HAL_TIM_OC_Start
                0x0810234c      0x118 CM4/TouchGFX/build/STM32H747I_DISCO/Drivers/STM32H7xx_HAL_Driver/Src/stm32h7xx_hal_tim.o
                0x0810234c                HAL_TIM_OC_Start
 .text.HAL_TIM_PWM_Start
                0x08102464        0x4 CM4/TouchGFX/build/STM32H747I_DISCO/Drivers/STM32H7xx_HAL_Driver/Src/stm32h7xx_hal_tim.o
                0x08102464                HAL_TIM_PWM_Start
 .text.HAL_TIM_OC_Stop
                0x08102468       0xac CM4/TouchGFX/build/STM32H747I_DISCO/Drivers/STM32H7xx_HAL_Driver/Src/stm32h7xx_hal_tim.o
                0x08102468                HAL_TIM_OC_Stop
 .text.HAL_TIM_PWM_Stop
                0x08102514        0x4 CM4/TouchGFX/build/STM32H747I_DISCO/Drivers/STM32H7xx_HAL_Driver/Src/stm32h7xx_hal_tim.o
                0x08102514                HAL_TIM_PWM_Stop
 .text.TIM_CCxNChannelCmd
                0x08102518       0x1c CM4/TouchGFX/build/STM32H747I_DISCO/Drivers/STM32H7xx_HAL_Driver/Src/stm32h7xx_hal_tim_ex.o
 .text.HAL_TIMEx_OCN_Start
                0x08102534       0xc4 CM4/TouchGFX/build/STM32H747I_DISCO/Drivers/STM32H7xx_HAL_Driver/Src/stm32h7xx_hal_tim_ex.o
                0x08102534                HAL_TIMEx_OCN_Start
 .text.HAL_TIMEx_OCN_Stop
                0x081025f8       0x6c CM4/TouchGFX/build/STM32H747I_DISCO/Drivers/STM32H7xx_HAL_Driver/Src/stm32h7xx_hal_tim_ex.o
                0x081025f8                HAL_TIMEx_OCN_Stop
 .text.HAL_TIMEx_PWMN_Start
                0x08102664        0x4 CM4/TouchGFX/build/STM32H747I_DISCO/Drivers/STM32H7xx_HAL_Driver/Src/stm32h7xx_hal_tim_ex.o
                0x08102664                HAL_TIMEx_PWMN_Start
 .text.HAL_TIMEx_PWMN_Stop
                0x08102668        0x4 CM4/TouchGFX/build/STM32H747I_DISCO/Drivers/STM32H7xx_HAL_Driver/Src/stm32h7xx_hal_tim_ex.o
                0x08102668                HAL_TIMEx_PWMN_Stop
 .text.HAL_TIMEx_MasterConfigSynchronization
                0x0810266c       0x9c CM4/TouchGFX/build/STM32H747I_DISCO/Drivers/STM32H7xx_HAL_Driver/Src/stm32h7xx_hal_tim_ex.o
                0x0810266c                HAL_TIMEx_MasterConfigSynchronization
 .text.HAL_TIMEx_ConfigBreakDeadTime
                0x08102708       0x84 CM4/TouchGFX/build/STM32H747I_DISCO/Drivers/STM32H7xx_HAL_Driver/Src/stm32h7xx_hal_tim_ex.o
                0x08102708                HAL_TIMEx_ConfigBreakDeadTime
 .text.HAL_TIMEx_CommutCallback
                0x0810278c        0x2 CM4/TouchGFX/build/STM32H747I_DISCO/Drivers/STM32H7xx_HAL_Driver/Src/stm32h7xx_hal_tim_ex.o
                0x0810278c                HAL_TIMEx_CommutCallback
 .text.HAL_TIMEx_BreakCallback
                0x0810278e        0x2 CM4/TouchGFX/build/STM32H747I_DISCO/Drivers/STM32H7xx_HAL_Driver/Src/stm32h7xx_hal_tim_ex.o
                0x0810278e                HAL_TIMEx_BreakCallback
 .text.HAL_TIMEx_Break2Callback
                0x08102790        0x2 CM4/TouchGFX/build/STM32H747I_DISCO/Drivers/STM32H7xx_HAL_Driver/Src/stm32h7xx_hal_tim_ex.o
                0x08102790                HAL_TIMEx_Break2Callback
 *fill*         0x08102792        0x2 
 .text.httpInit
                0x08102794       0x78 CM4/TouchGFX/build/STM32H747I_DISCO/CM4/Core/Src/main.o
                0x08102794                httpInit
 .text.networkSet
                0x0810280c       0x28 CM4/TouchGFX/build/STM32H747I_DISCO/CM4/Core/Src/main.o
                0x0810280c                networkSet
 .text.checkNetwork
                0x08102834       0x9c CM4/TouchGFX/build/STM32H747I_DISCO/CM4/Core/Src/main.o
                0x08102834                checkNetwork
 .text.startup.main
                0x081028d0      0x2e0 CM4/TouchGFX/build/STM32H747I_DISCO/CM4/Core/Src/main.o
                0x081028d0                main
 .text.SetCommutationStep
                0x08102bb0      0x168 CM4/TouchGFX/build/STM32H747I_DISCO/CM4/Core/Src/main.o
                0x08102bb0                SetCommutationStep
 .text.HAL_TIM_PeriodElapsedCallback
                0x08102d18       0x60 CM4/TouchGFX/build/STM32H747I_DISCO/CM4/Core/Src/main.o
                0x08102d18                HAL_TIM_PeriodElapsedCallback
 .text.NMI_Handler
                0x08102d78        0x2 CM4/TouchGFX/build/STM32H747I_DISCO/CM4/Core/Src/stm32h7xx_it.o
                0x08102d78                NMI_Handler
 .text.HardFault_Handler
                0x08102d7a        0x2 CM4/TouchGFX/build/STM32H747I_DISCO/CM4/Core/Src/stm32h7xx_it.o
                0x08102d7a                HardFault_Handler
 .text.MemManage_Handler
                0x08102d7c        0x2 CM4/TouchGFX/build/STM32H747I_DISCO/CM4/Core/Src/stm32h7xx_it.o
                0x08102d7c                MemManage_Handler
 .text.BusFault_Handler
                0x08102d7e        0x2 CM4/TouchGFX/build/STM32H747I_DISCO/CM4/Core/Src/stm32h7xx_it.o
                0x08102d7e                BusFault_Handler
 .text.UsageFault_Handler
                0x08102d80        0x2 CM4/TouchGFX/build/STM32H747I_DISCO/CM4/Core/Src/stm32h7xx_it.o
                0x08102d80                UsageFault_Handler
 .text.SVC_Handler
                0x08102d82        0x2 CM4/TouchGFX/build/STM32H747I_DISCO/CM4/Core/Src/stm32h7xx_it.o
                0x08102d82                SVC_Handler
 .text.DebugMon_Handler
                0x08102d84        0x2 CM4/TouchGFX/build/STM32H747I_DISCO/CM4/Core/Src/stm32h7xx_it.o
                0x08102d84                DebugMon_Handler
 .text.PendSV_Handler
                0x08102d86        0x2 CM4/TouchGFX/build/STM32H747I_DISCO/CM4/Core/Src/stm32h7xx_it.o
                0x08102d86                PendSV_Handler
 .text.SysTick_Handler
                0x08102d88        0x4 CM4/TouchGFX/build/STM32H747I_DISCO/CM4/Core/Src/stm32h7xx_it.o
                0x08102d88                SysTick_Handler
 .text.DMA1_Stream0_IRQHandler
                0x08102d8c        0xc CM4/TouchGFX/build/STM32H747I_DISCO/CM4/Core/Src/stm32h7xx_it.o
                0x08102d8c                DMA1_Stream0_IRQHandler
 .text.TIM1_UP_IRQHandler
                0x08102d98        0xc CM4/TouchGFX/build/STM32H747I_DISCO/CM4/Core/Src/stm32h7xx_it.o
                0x08102d98                TIM1_UP_IRQHandler
 .text.UART4_IRQHandler
                0x08102da4        0xc CM4/TouchGFX/build/STM32H747I_DISCO/CM4/Core/Src/stm32h7xx_it.o
                0x08102da4                UART4_IRQHandler
 .text.HAL_MspInit
                0x08102db0       0x24 CM4/TouchGFX/build/STM32H747I_DISCO/CM4/Core/Src/stm32h7xx_hal_msp.o
                0x08102db0                HAL_MspInit
 .text.HAL_TIM_PWM_MspInit
                0x08102dd4       0x48 CM4/TouchGFX/build/STM32H747I_DISCO/CM4/Core/Src/stm32h7xx_hal_msp.o
                0x08102dd4                HAL_TIM_PWM_MspInit
 .text.HAL_TIM_MspPostInit
                0x08102e1c       0x8c CM4/TouchGFX/build/STM32H747I_DISCO/CM4/Core/Src/stm32h7xx_hal_msp.o
                0x08102e1c                HAL_TIM_MspPostInit
 .text._sbrk    0x08102ea8       0x40 CM4/TouchGFX/build/STM32H747I_DISCO/STM32CubeIDE/CM4/Application/User/Core/sysmem.o
                0x08102ea8                _sbrk
 .text.SystemInit
                0x08102ee8       0x24 CM4/TouchGFX/build/STM32H747I_DISCO/Common/Src/system_stm32h7xx_dualcore_boot_cm4_cm7.o
                0x08102ee8                SystemInit
 .text.Reset_Handler
                0x08102f0c       0x50 CM4/TouchGFX/build/STM32H747I_DISCO/STM32CubeIDE/CM4/Application/User/Startup/startup_stm32h747xihx.o
                0x08102f0c                Reset_Handler
 .text.Default_Handler
                0x08102f5c        0x2 CM4/TouchGFX/build/STM32H747I_DISCO/STM32CubeIDE/CM4/Application/User/Startup/startup_stm32h747xihx.o
                0x08102f5c                RTC_Alarm_IRQHandler
                0x08102f5c                EXTI2_IRQHandler
                0x08102f5c                TIM8_CC_IRQHandler
                0x08102f5c                HRTIM1_Master_IRQHandler
                0x08102f5c                UART8_IRQHandler
                0x08102f5c                SPI4_IRQHandler
                0x08102f5c                TIM1_CC_IRQHandler
                0x08102f5c                BDMA_Channel6_IRQHandler
                0x08102f5c                DMA2_Stream5_IRQHandler
                0x08102f5c                HRTIM1_FLT_IRQHandler
                0x08102f5c                JPEG_IRQHandler
                0x08102f5c                DMA1_Stream5_IRQHandler
                0x08102f5c                BDMA_Channel1_IRQHandler
                0x08102f5c                HRTIM1_TIMD_IRQHandler
                0x08102f5c                TAMP_STAMP_IRQHandler
                0x08102f5c                EXTI3_IRQHandler
                0x08102f5c                LPTIM4_IRQHandler
                0x08102f5c                TIM8_TRG_COM_TIM14_IRQHandler
                0x08102f5c                LPTIM2_IRQHandler
                0x08102f5c                DFSDM1_FLT1_IRQHandler
                0x08102f5c                DMAMUX2_OVR_IRQHandler
                0x08102f5c                TIM8_UP_TIM13_IRQHandler
                0x08102f5c                I2C3_ER_IRQHandler
                0x08102f5c                DFSDM1_FLT2_IRQHandler
                0x08102f5c                MDMA_IRQHandler
                0x08102f5c                LPTIM3_IRQHandler
                0x08102f5c                HSEM1_IRQHandler
                0x08102f5c                EXTI0_IRQHandler
                0x08102f5c                I2C2_EV_IRQHandler
                0x08102f5c                DMA1_Stream2_IRQHandler
                0x08102f5c                FPU_IRQHandler
                0x08102f5c                OTG_HS_WKUP_IRQHandler
                0x08102f5c                FDCAN1_IT1_IRQHandler
                0x08102f5c                LTDC_ER_IRQHandler
                0x08102f5c                DMA2_Stream2_IRQHandler
                0x08102f5c                HRTIM1_TIME_IRQHandler
                0x08102f5c                SPI1_IRQHandler
                0x08102f5c                TIM6_DAC_IRQHandler
                0x08102f5c                DCMI_IRQHandler
                0x08102f5c                HRTIM1_TIMC_IRQHandler
                0x08102f5c                DMA2_Stream3_IRQHandler
                0x08102f5c                SAI2_IRQHandler
                0x08102f5c                DFSDM1_FLT3_IRQHandler
                0x08102f5c                USART6_IRQHandler
                0x08102f5c                TIM17_IRQHandler
                0x08102f5c                USART3_IRQHandler
                0x08102f5c                BDMA_Channel7_IRQHandler
                0x08102f5c                LPTIM5_IRQHandler
                0x08102f5c                UART5_IRQHandler
                0x08102f5c                ADC3_IRQHandler
                0x08102f5c                DMA2_Stream0_IRQHandler
                0x08102f5c                TIM4_IRQHandler
                0x08102f5c                BDMA_Channel2_IRQHandler
                0x08102f5c                QUADSPI_IRQHandler
                0x08102f5c                I2C1_EV_IRQHandler
                0x08102f5c                DMA1_Stream6_IRQHandler
                0x08102f5c                DMAMUX1_OVR_IRQHandler
                0x08102f5c                DMA1_Stream1_IRQHandler
                0x08102f5c                TIM16_IRQHandler
                0x08102f5c                BDMA_Channel5_IRQHandler
                0x08102f5c                TIM3_IRQHandler
                0x08102f5c                RCC_IRQHandler
                0x08102f5c                TIM8_BRK_TIM12_IRQHandler
                0x08102f5c                TIM1_TRG_COM_IRQHandler
                0x08102f5c                Default_Handler
                0x08102f5c                ECC_IRQHandler
                0x08102f5c                CEC_IRQHandler
                0x08102f5c                EXTI15_10_IRQHandler
                0x08102f5c                BDMA_Channel0_IRQHandler
                0x08102f5c                ADC_IRQHandler
                0x08102f5c                DMA1_Stream7_IRQHandler
                0x08102f5c                HRTIM1_TIMA_IRQHandler
                0x08102f5c                SPI5_IRQHandler
                0x08102f5c                TIM7_IRQHandler
                0x08102f5c                SDMMC1_IRQHandler
                0x08102f5c                TIM5_IRQHandler
                0x08102f5c                DMA2_Stream7_IRQHandler
                0x08102f5c                TIM15_IRQHandler
                0x08102f5c                PVD_AVD_IRQHandler
                0x08102f5c                I2C3_EV_IRQHandler
                0x08102f5c                EXTI9_5_IRQHandler
                0x08102f5c                RTC_WKUP_IRQHandler
                0x08102f5c                LTDC_IRQHandler
                0x08102f5c                SAI3_IRQHandler
                0x08102f5c                ETH_WKUP_IRQHandler
                0x08102f5c                SPDIF_RX_IRQHandler
                0x08102f5c                SPI2_IRQHandler
                0x08102f5c                OTG_HS_EP1_IN_IRQHandler
                0x08102f5c                CRS_IRQHandler
                0x08102f5c                CM7_SEV_IRQHandler
                0x08102f5c                EXTI4_IRQHandler
                0x08102f5c                RNG_IRQHandler
                0x08102f5c                CM4_SEV_IRQHandler
                0x08102f5c                HRTIM1_TIMB_IRQHandler
                0x08102f5c                FDCAN2_IT1_IRQHandler
                0x08102f5c                DSI_IRQHandler
                0x08102f5c                ETH_IRQHandler
                0x08102f5c                WWDG_RST_IRQHandler
                0x08102f5c                BDMA_Channel4_IRQHandler
                0x08102f5c                OTG_HS_EP1_OUT_IRQHandler
                0x08102f5c                WWDG_IRQHandler
                0x08102f5c                SPI6_IRQHandler
                0x08102f5c                MDIOS_IRQHandler
                0x08102f5c                I2C4_EV_IRQHandler
                0x08102f5c                FDCAN2_IT0_IRQHandler
                0x08102f5c                LPUART1_IRQHandler
                0x08102f5c                FDCAN1_IT0_IRQHandler
                0x08102f5c                TIM2_IRQHandler
                0x08102f5c                OTG_FS_WKUP_IRQHandler
                0x08102f5c                OTG_HS_IRQHandler
                0x08102f5c                HSEM2_IRQHandler
                0x08102f5c                DMA2D_IRQHandler
                0x08102f5c                TIM1_BRK_IRQHandler
                0x08102f5c                EXTI1_IRQHandler
                0x08102f5c                SDMMC2_IRQHandler
                0x08102f5c                OTG_FS_EP1_OUT_IRQHandler
                0x08102f5c                BDMA_Channel3_IRQHandler
                0x08102f5c                HOLD_CORE_IRQHandler
                0x08102f5c                UART7_IRQHandler
                0x08102f5c                MDIOS_WKUP_IRQHandler
                0x08102f5c                USART2_IRQHandler
                0x08102f5c                DFSDM1_FLT0_IRQHandler
                0x08102f5c                SAI4_IRQHandler
                0x08102f5c                I2C2_ER_IRQHandler
                0x08102f5c                DMA2_Stream1_IRQHandler
                0x08102f5c                FLASH_IRQHandler
                0x08102f5c                DMA2_Stream4_IRQHandler
                0x08102f5c                USART1_IRQHandler
                0x08102f5c                OTG_FS_IRQHandler
                0x08102f5c                SPI3_IRQHandler
                0x08102f5c                WAKEUP_PIN_IRQHandler
                0x08102f5c                DMA1_Stream4_IRQHandler
                0x08102f5c                OTG_FS_EP1_IN_IRQHandler
                0x08102f5c                I2C1_ER_IRQHandler
                0x08102f5c                FMC_IRQHandler
                0x08102f5c                FDCAN_CAL_IRQHandler
                0x08102f5c                SWPMI1_IRQHandler
                0x08102f5c                COMP1_IRQHandler
                0x08102f5c                LPTIM1_IRQHandler
                0x08102f5c                I2C4_ER_IRQHandler
                0x08102f5c                DMA2_Stream6_IRQHandler
                0x08102f5c                SAI1_IRQHandler
                0x08102f5c                DMA1_Stream3_IRQHandler
 *fill*         0x08102f5e        0x2 
 .text.atoi     0x08102f60        0x8 c:/touchgfx/4.24.1/env/mingw/msys/1.0/gnu-arm-gcc/bin/../lib/gcc/arm-none-eabi/7.3.1/../../../../arm-none-eabi/lib/thumb/v7e-m/fpv4-sp/hard\libc.a(lib_a-atoi.o)
                0x08102f60                atoi
 .text.__errno  0x08102f68        0xc c:/touchgfx/4.24.1/env/mingw/msys/1.0/gnu-arm-gcc/bin/../lib/gcc/arm-none-eabi/7.3.1/../../../../arm-none-eabi/lib/thumb/v7e-m/fpv4-sp/hard\libc.a(lib_a-errno.o)
                0x08102f68                __errno
 .text.__libc_init_array
                0x08102f74       0x48 c:/touchgfx/4.24.1/env/mingw/msys/1.0/gnu-arm-gcc/bin/../lib/gcc/arm-none-eabi/7.3.1/../../../../arm-none-eabi/lib/thumb/v7e-m/fpv4-sp/hard\libc.a(lib_a-init.o)
                0x08102f74                __libc_init_array
 .text.memset   0x08102fbc       0x94 c:/touchgfx/4.24.1/env/mingw/msys/1.0/gnu-arm-gcc/bin/../lib/gcc/arm-none-eabi/7.3.1/../../../../arm-none-eabi/lib/thumb/v7e-m/fpv4-sp/hard\libc.a(lib_a-memset.o)
                0x08102fbc                memset
 .text.sprintf  0x08103050       0x44 c:/touchgfx/4.24.1/env/mingw/msys/1.0/gnu-arm-gcc/bin/../lib/gcc/arm-none-eabi/7.3.1/../../../../arm-none-eabi/lib/thumb/v7e-m/fpv4-sp/hard\libc.a(lib_a-sprintf.o)
                0x08103050                sprintf
 .text._strtol_l.isra.0
                0x08103094      0x124 c:/touchgfx/4.24.1/env/mingw/msys/1.0/gnu-arm-gcc/bin/../lib/gcc/arm-none-eabi/7.3.1/../../../../arm-none-eabi/lib/thumb/v7e-m/fpv4-sp/hard\libc.a(lib_a-strtol.o)
 .text.strtol   0x081031b8       0x2c c:/touchgfx/4.24.1/env/mingw/msys/1.0/gnu-arm-gcc/bin/../lib/gcc/arm-none-eabi/7.3.1/../../../../arm-none-eabi/lib/thumb/v7e-m/fpv4-sp/hard\libc.a(lib_a-strtol.o)
                0x081031b8                strtol
 *fill*         0x081031e4        0x4 
 .text._svfprintf_r
                0x081031e8     0x19cc c:/touchgfx/4.24.1/env/mingw/msys/1.0/gnu-arm-gcc/bin/../lib/gcc/arm-none-eabi/7.3.1/../../../../arm-none-eabi/lib/thumb/v7e-m/fpv4-sp/hard\libc.a(lib_a-svfprintf.o)
                0x081031e8                _svfprintf_r
 .text.startup.register_fini
                0x08104bb4       0x14 c:/touchgfx/4.24.1/env/mingw/msys/1.0/gnu-arm-gcc/bin/../lib/gcc/arm-none-eabi/7.3.1/../../../../arm-none-eabi/lib/thumb/v7e-m/fpv4-sp/hard\libc.a(lib_a-__call_atexit.o)
 .text.atexit   0x08104bc8        0xc c:/touchgfx/4.24.1/env/mingw/msys/1.0/gnu-arm-gcc/bin/../lib/gcc/arm-none-eabi/7.3.1/../../../../arm-none-eabi/lib/thumb/v7e-m/fpv4-sp/hard\libc.a(lib_a-atexit.o)
                0x08104bc8                atexit
 .text.quorem   0x08104bd4      0x124 c:/touchgfx/4.24.1/env/mingw/msys/1.0/gnu-arm-gcc/bin/../lib/gcc/arm-none-eabi/7.3.1/../../../../arm-none-eabi/lib/thumb/v7e-m/fpv4-sp/hard\libc.a(lib_a-dtoa.o)
 .text._dtoa_r  0x08104cf8      0xe20 c:/touchgfx/4.24.1/env/mingw/msys/1.0/gnu-arm-gcc/bin/../lib/gcc/arm-none-eabi/7.3.1/../../../../arm-none-eabi/lib/thumb/v7e-m/fpv4-sp/hard\libc.a(lib_a-dtoa.o)
                0x08104cf8                _dtoa_r
 .text.__libc_fini_array
                0x08105b18       0x34 c:/touchgfx/4.24.1/env/mingw/msys/1.0/gnu-arm-gcc/bin/../lib/gcc/arm-none-eabi/7.3.1/../../../../arm-none-eabi/lib/thumb/v7e-m/fpv4-sp/hard\libc.a(lib_a-fini.o)
                0x08105b18                __libc_fini_array
 .text._malloc_trim_r
                0x08105b4c       0xa0 c:/touchgfx/4.24.1/env/mingw/msys/1.0/gnu-arm-gcc/bin/../lib/gcc/arm-none-eabi/7.3.1/../../../../arm-none-eabi/lib/thumb/v7e-m/fpv4-sp/hard\libc.a(lib_a-freer.o)
                0x08105b4c                _malloc_trim_r
 .text._free_r  0x08105bec      0x1e8 c:/touchgfx/4.24.1/env/mingw/msys/1.0/gnu-arm-gcc/bin/../lib/gcc/arm-none-eabi/7.3.1/../../../../arm-none-eabi/lib/thumb/v7e-m/fpv4-sp/hard\libc.a(lib_a-freer.o)
                0x08105bec                _free_r
 .text.__locale_ctype_ptr_l
                0x08105dd4        0x8 c:/touchgfx/4.24.1/env/mingw/msys/1.0/gnu-arm-gcc/bin/../lib/gcc/arm-none-eabi/7.3.1/../../../../arm-none-eabi/lib/thumb/v7e-m/fpv4-sp/hard\libc.a(lib_a-locale.o)
                0x08105dd4                __locale_ctype_ptr_l
 .text._localeconv_r
                0x08105ddc       0x1c c:/touchgfx/4.24.1/env/mingw/msys/1.0/gnu-arm-gcc/bin/../lib/gcc/arm-none-eabi/7.3.1/../../../../arm-none-eabi/lib/thumb/v7e-m/fpv4-sp/hard\libc.a(lib_a-localeconv.o)
                0x08105ddc                _localeconv_r
 .text.__retarget_lock_acquire_recursive
                0x08105df8        0x4 c:/touchgfx/4.24.1/env/mingw/msys/1.0/gnu-arm-gcc/bin/../lib/gcc/arm-none-eabi/7.3.1/../../../../arm-none-eabi/lib/thumb/v7e-m/fpv4-sp/hard\libc.a(lib_a-lock.o)
                0x08105df8                __retarget_lock_acquire_recursive
 .text.__retarget_lock_release_recursive
                0x08105dfc        0x4 c:/touchgfx/4.24.1/env/mingw/msys/1.0/gnu-arm-gcc/bin/../lib/gcc/arm-none-eabi/7.3.1/../../../../arm-none-eabi/lib/thumb/v7e-m/fpv4-sp/hard\libc.a(lib_a-lock.o)
                0x08105dfc                __retarget_lock_release_recursive
 .text._malloc_r
                0x08105e00      0x548 c:/touchgfx/4.24.1/env/mingw/msys/1.0/gnu-arm-gcc/bin/../lib/gcc/arm-none-eabi/7.3.1/../../../../arm-none-eabi/lib/thumb/v7e-m/fpv4-sp/hard\libc.a(lib_a-mallocr.o)
                0x08105e00                _malloc_r
 .text.__ascii_mbtowc
                0x08106348       0x2c c:/touchgfx/4.24.1/env/mingw/msys/1.0/gnu-arm-gcc/bin/../lib/gcc/arm-none-eabi/7.3.1/../../../../arm-none-eabi/lib/thumb/v7e-m/fpv4-sp/hard\libc.a(lib_a-mbtowc_r.o)
                0x08106348                __ascii_mbtowc
 .text.__malloc_lock
                0x08106374        0xc c:/touchgfx/4.24.1/env/mingw/msys/1.0/gnu-arm-gcc/bin/../lib/gcc/arm-none-eabi/7.3.1/../../../../arm-none-eabi/lib/thumb/v7e-m/fpv4-sp/hard\libc.a(lib_a-mlock.o)
                0x08106374                __malloc_lock
 .text.__malloc_unlock
                0x08106380        0xc c:/touchgfx/4.24.1/env/mingw/msys/1.0/gnu-arm-gcc/bin/../lib/gcc/arm-none-eabi/7.3.1/../../../../arm-none-eabi/lib/thumb/v7e-m/fpv4-sp/hard\libc.a(lib_a-mlock.o)
                0x08106380                __malloc_unlock
 .text._Balloc  0x0810638c       0x4c c:/touchgfx/4.24.1/env/mingw/msys/1.0/gnu-arm-gcc/bin/../lib/gcc/arm-none-eabi/7.3.1/../../../../arm-none-eabi/lib/thumb/v7e-m/fpv4-sp/hard\libc.a(lib_a-mprec.o)
                0x0810638c                _Balloc
 .text._Bfree   0x081063d8       0x14 c:/touchgfx/4.24.1/env/mingw/msys/1.0/gnu-arm-gcc/bin/../lib/gcc/arm-none-eabi/7.3.1/../../../../arm-none-eabi/lib/thumb/v7e-m/fpv4-sp/hard\libc.a(lib_a-mprec.o)
                0x081063d8                _Bfree
 .text.__multadd
                0x081063ec       0x80 c:/touchgfx/4.24.1/env/mingw/msys/1.0/gnu-arm-gcc/bin/../lib/gcc/arm-none-eabi/7.3.1/../../../../arm-none-eabi/lib/thumb/v7e-m/fpv4-sp/hard\libc.a(lib_a-mprec.o)
                0x081063ec                __multadd
 .text.__hi0bits
                0x0810646c       0x40 c:/touchgfx/4.24.1/env/mingw/msys/1.0/gnu-arm-gcc/bin/../lib/gcc/arm-none-eabi/7.3.1/../../../../arm-none-eabi/lib/thumb/v7e-m/fpv4-sp/hard\libc.a(lib_a-mprec.o)
                0x0810646c                __hi0bits
 .text.__lo0bits
                0x081064ac       0x60 c:/touchgfx/4.24.1/env/mingw/msys/1.0/gnu-arm-gcc/bin/../lib/gcc/arm-none-eabi/7.3.1/../../../../arm-none-eabi/lib/thumb/v7e-m/fpv4-sp/hard\libc.a(lib_a-mprec.o)
                0x081064ac                __lo0bits
 .text.__i2b    0x0810650c       0x14 c:/touchgfx/4.24.1/env/mingw/msys/1.0/gnu-arm-gcc/bin/../lib/gcc/arm-none-eabi/7.3.1/../../../../arm-none-eabi/lib/thumb/v7e-m/fpv4-sp/hard\libc.a(lib_a-mprec.o)
                0x0810650c                __i2b
 .text.__multiply
                0x08106520      0x14c c:/touchgfx/4.24.1/env/mingw/msys/1.0/gnu-arm-gcc/bin/../lib/gcc/arm-none-eabi/7.3.1/../../../../arm-none-eabi/lib/thumb/v7e-m/fpv4-sp/hard\libc.a(lib_a-mprec.o)
                0x08106520                __multiply
 .text.__pow5mult
                0x0810666c       0xa0 c:/touchgfx/4.24.1/env/mingw/msys/1.0/gnu-arm-gcc/bin/../lib/gcc/arm-none-eabi/7.3.1/../../../../arm-none-eabi/lib/thumb/v7e-m/fpv4-sp/hard\libc.a(lib_a-mprec.o)
                0x0810666c                __pow5mult
 .text.__lshift
                0x0810670c       0xac c:/touchgfx/4.24.1/env/mingw/msys/1.0/gnu-arm-gcc/bin/../lib/gcc/arm-none-eabi/7.3.1/../../../../arm-none-eabi/lib/thumb/v7e-m/fpv4-sp/hard\libc.a(lib_a-mprec.o)
                0x0810670c                __lshift
 .text.__mcmp   0x081067b8       0x38 c:/touchgfx/4.24.1/env/mingw/msys/1.0/gnu-arm-gcc/bin/../lib/gcc/arm-none-eabi/7.3.1/../../../../arm-none-eabi/lib/thumb/v7e-m/fpv4-sp/hard\libc.a(lib_a-mprec.o)
                0x081067b8                __mcmp
 .text.__mdiff  0x081067f0       0xec c:/touchgfx/4.24.1/env/mingw/msys/1.0/gnu-arm-gcc/bin/../lib/gcc/arm-none-eabi/7.3.1/../../../../arm-none-eabi/lib/thumb/v7e-m/fpv4-sp/hard\libc.a(lib_a-mprec.o)
                0x081067f0                __mdiff
 .text.__d2b    0x081068dc       0xc4 c:/touchgfx/4.24.1/env/mingw/msys/1.0/gnu-arm-gcc/bin/../lib/gcc/arm-none-eabi/7.3.1/../../../../arm-none-eabi/lib/thumb/v7e-m/fpv4-sp/hard\libc.a(lib_a-mprec.o)
                0x081068dc                __d2b
 .text.frexp    0x081069a0       0x68 c:/touchgfx/4.24.1/env/mingw/msys/1.0/gnu-arm-gcc/bin/../lib/gcc/arm-none-eabi/7.3.1/../../../../arm-none-eabi/lib/thumb/v7e-m/fpv4-sp/hard\libc.a(lib_a-s_frexp.o)
                0x081069a0                frexp
 .text._sbrk_r  0x08106a08       0x24 c:/touchgfx/4.24.1/env/mingw/msys/1.0/gnu-arm-gcc/bin/../lib/gcc/arm-none-eabi/7.3.1/../../../../arm-none-eabi/lib/thumb/v7e-m/fpv4-sp/hard\libc.a(lib_a-sbrkr.o)
                0x08106a08                _sbrk_r
 .text.strncpy  0x08106a2c       0x64 c:/touchgfx/4.24.1/env/mingw/msys/1.0/gnu-arm-gcc/bin/../lib/gcc/arm-none-eabi/7.3.1/../../../../arm-none-eabi/lib/thumb/v7e-m/fpv4-sp/hard\libc.a(lib_a-strncpy.o)
                0x08106a2c                strncpy
 .text.__ssprint_r
                0x08106a90       0xf4 c:/touchgfx/4.24.1/env/mingw/msys/1.0/gnu-arm-gcc/bin/../lib/gcc/arm-none-eabi/7.3.1/../../../../arm-none-eabi/lib/thumb/v7e-m/fpv4-sp/hard\libc.a(lib_a-svfiprintf.o)
                0x08106a90                __ssprint_r
 .text.__ascii_wctomb
                0x08106b84       0x1c c:/touchgfx/4.24.1/env/mingw/msys/1.0/gnu-arm-gcc/bin/../lib/gcc/arm-none-eabi/7.3.1/../../../../arm-none-eabi/lib/thumb/v7e-m/fpv4-sp/hard\libc.a(lib_a-wctomb_r.o)
                0x08106b84                __ascii_wctomb
 .text.__register_exitproc
                0x08106ba0       0xc0 c:/touchgfx/4.24.1/env/mingw/msys/1.0/gnu-arm-gcc/bin/../lib/gcc/arm-none-eabi/7.3.1/../../../../arm-none-eabi/lib/thumb/v7e-m/fpv4-sp/hard\libc.a(lib_a-__atexit.o)
                0x08106ba0                __register_exitproc
 .text._calloc_r
                0x08106c60       0x68 c:/touchgfx/4.24.1/env/mingw/msys/1.0/gnu-arm-gcc/bin/../lib/gcc/arm-none-eabi/7.3.1/../../../../arm-none-eabi/lib/thumb/v7e-m/fpv4-sp/hard\libc.a(lib_a-callocr.o)
                0x08106c60                _calloc_r
 .text.memmove  0x08106cc8       0xc8 c:/touchgfx/4.24.1/env/mingw/msys/1.0/gnu-arm-gcc/bin/../lib/gcc/arm-none-eabi/7.3.1/../../../../arm-none-eabi/lib/thumb/v7e-m/fpv4-sp/hard\libc.a(lib_a-memmove.o)
                0x08106cc8                memmove
 .text._realloc_r
                0x08106d90      0x35c c:/touchgfx/4.24.1/env/mingw/msys/1.0/gnu-arm-gcc/bin/../lib/gcc/arm-none-eabi/7.3.1/../../../../arm-none-eabi/lib/thumb/v7e-m/fpv4-sp/hard\libc.a(lib_a-reallocr.o)
                0x08106d90                _realloc_r
 *(.glue_7)
 .glue_7        0x081070ec        0x0 linker stubs
 *(.glue_7t)
 .glue_7t       0x081070ec        0x0 linker stubs
 *(.eh_frame)
 .eh_frame      0x081070ec        0x0 c:/touchgfx/4.24.1/env/mingw/msys/1.0/gnu-arm-gcc/bin/../lib/gcc/arm-none-eabi/7.3.1/thumb/v7e-m/fpv4-sp/hard/crtbegin.o
 *(.init)
 .init          0x081070ec        0x4 c:/touchgfx/4.24.1/env/mingw/msys/1.0/gnu-arm-gcc/bin/../lib/gcc/arm-none-eabi/7.3.1/thumb/v7e-m/fpv4-sp/hard/crti.o
                0x081070ec                _init
 .init          0x081070f0        0x8 c:/touchgfx/4.24.1/env/mingw/msys/1.0/gnu-arm-gcc/bin/../lib/gcc/arm-none-eabi/7.3.1/thumb/v7e-m/fpv4-sp/hard/crtn.o
 *(.fini)
 .fini          0x081070f8        0x4 c:/touchgfx/4.24.1/env/mingw/msys/1.0/gnu-arm-gcc/bin/../lib/gcc/arm-none-eabi/7.3.1/thumb/v7e-m/fpv4-sp/hard/crti.o
                0x081070f8                _fini
 .fini          0x081070fc        0x8 c:/touchgfx/4.24.1/env/mingw/msys/1.0/gnu-arm-gcc/bin/../lib/gcc/arm-none-eabi/7.3.1/thumb/v7e-m/fpv4-sp/hard/crtn.o
                0x08107104                . = ALIGN (0x4)
                0x08107104                _etext = .

.vfp11_veneer   0x08107104        0x0
 .vfp11_veneer  0x08107104        0x0 linker stubs

.v4_bx          0x08107104        0x0
 .v4_bx         0x08107104        0x0 linker stubs

.iplt           0x08107104        0x0
 .iplt          0x08107104        0x0 c:/touchgfx/4.24.1/env/mingw/msys/1.0/gnu-arm-gcc/bin/../lib/gcc/arm-none-eabi/7.3.1/thumb/v7e-m/fpv4-sp/hard/crtbegin.o

.rodata         0x08107108      0x4b8
                0x08107108                . = ALIGN (0x4)
 *(.rodata)
 *(.rodata*)
 .rodata.checkNetwork.str1.1
                0x08107108        0x8 CM4/TouchGFX/build/STM32H747I_DISCO/CM4/Core/Src/main.o
 .rodata.main.str1.1
                0x08107110       0x42 CM4/TouchGFX/build/STM32H747I_DISCO/CM4/Core/Src/main.o
 .rodata.str1.1
                0x08107152      0x1d1 CM4/TouchGFX/build/STM32H747I_DISCO/CM4/Core/Src/main.o
 .rodata.D1CorePrescTable
                0x08107323       0x10 CM4/TouchGFX/build/STM32H747I_DISCO/Common/Src/system_stm32h7xx_dualcore_boot_cm4_cm7.o
                0x08107323                D1CorePrescTable
 *fill*         0x08107333        0x1 
 .rodata._global_impure_ptr
                0x08107334        0x4 c:/touchgfx/4.24.1/env/mingw/msys/1.0/gnu-arm-gcc/bin/../lib/gcc/arm-none-eabi/7.3.1/../../../../arm-none-eabi/lib/thumb/v7e-m/fpv4-sp/hard\libc.a(lib_a-impure.o)
                0x08107334                _global_impure_ptr
 .rodata._svfprintf_r.str1.4
                0x08107338       0x42 c:/touchgfx/4.24.1/env/mingw/msys/1.0/gnu-arm-gcc/bin/../lib/gcc/arm-none-eabi/7.3.1/../../../../arm-none-eabi/lib/thumb/v7e-m/fpv4-sp/hard\libc.a(lib_a-svfprintf.o)
 *fill*         0x0810737a        0x2 
 .rodata.blanks.8590
                0x0810737c       0x10 c:/touchgfx/4.24.1/env/mingw/msys/1.0/gnu-arm-gcc/bin/../lib/gcc/arm-none-eabi/7.3.1/../../../../arm-none-eabi/lib/thumb/v7e-m/fpv4-sp/hard\libc.a(lib_a-svfprintf.o)
 .rodata.zeroes.8591
                0x0810738c       0x10 c:/touchgfx/4.24.1/env/mingw/msys/1.0/gnu-arm-gcc/bin/../lib/gcc/arm-none-eabi/7.3.1/../../../../arm-none-eabi/lib/thumb/v7e-m/fpv4-sp/hard\libc.a(lib_a-svfprintf.o)
 .rodata._dtoa_r.str1.4
                0x0810739c       0x10 c:/touchgfx/4.24.1/env/mingw/msys/1.0/gnu-arm-gcc/bin/../lib/gcc/arm-none-eabi/7.3.1/../../../../arm-none-eabi/lib/thumb/v7e-m/fpv4-sp/hard\libc.a(lib_a-dtoa.o)
                                 0x12 (size before relaxing)
 .rodata._setlocale_r.str1.4
                0x081073ac        0xa c:/touchgfx/4.24.1/env/mingw/msys/1.0/gnu-arm-gcc/bin/../lib/gcc/arm-none-eabi/7.3.1/../../../../arm-none-eabi/lib/thumb/v7e-m/fpv4-sp/hard\libc.a(lib_a-locale.o)
                                  0xd (size before relaxing)
 *fill*         0x081073b6        0x2 
 .rodata.str1.4
                0x081073b8        0x4 c:/touchgfx/4.24.1/env/mingw/msys/1.0/gnu-arm-gcc/bin/../lib/gcc/arm-none-eabi/7.3.1/../../../../arm-none-eabi/lib/thumb/v7e-m/fpv4-sp/hard\libc.a(lib_a-locale.o)
                                  0x2 (size before relaxing)
 *fill*         0x081073bc        0x4 
 .rodata.__mprec_bigtens
                0x081073c0       0x28 c:/touchgfx/4.24.1/env/mingw/msys/1.0/gnu-arm-gcc/bin/../lib/gcc/arm-none-eabi/7.3.1/../../../../arm-none-eabi/lib/thumb/v7e-m/fpv4-sp/hard\libc.a(lib_a-mprec.o)
                0x081073c0                __mprec_bigtens
 .rodata.__mprec_tens
                0x081073e8       0xc8 c:/touchgfx/4.24.1/env/mingw/msys/1.0/gnu-arm-gcc/bin/../lib/gcc/arm-none-eabi/7.3.1/../../../../arm-none-eabi/lib/thumb/v7e-m/fpv4-sp/hard\libc.a(lib_a-mprec.o)
                0x081073e8                __mprec_tens
 .rodata.p05.7367
                0x081074b0        0xc c:/touchgfx/4.24.1/env/mingw/msys/1.0/gnu-arm-gcc/bin/../lib/gcc/arm-none-eabi/7.3.1/../../../../arm-none-eabi/lib/thumb/v7e-m/fpv4-sp/hard\libc.a(lib_a-mprec.o)
 .rodata._ctype_
                0x081074bc      0x101 c:/touchgfx/4.24.1/env/mingw/msys/1.0/gnu-arm-gcc/bin/../lib/gcc/arm-none-eabi/7.3.1/../../../../arm-none-eabi/lib/thumb/v7e-m/fpv4-sp/hard\libc.a(lib_a-ctype_.o)
                0x081074bc                _ctype_
                0x081075c0                . = ALIGN (0x4)
 *fill*         0x081075bd        0x3 

.ARM.extab
 *(.ARM.extab* .gnu.linkonce.armextab.*)

.ARM            0x081075c0        0x8
                0x081075c0                __exidx_start = .
 *(.ARM.exidx*)
 .ARM.exidx     0x081075c0        0x8 c:/touchgfx/4.24.1/env/mingw/msys/1.0/gnu-arm-gcc/bin/../lib/gcc/arm-none-eabi/7.3.1/thumb/v7e-m/fpv4-sp/hard\libgcc.a(_udivmoddi4.o)
                0x081075c8                __exidx_end = .

.rel.dyn        0x081075c8        0x0
 .rel.iplt      0x081075c8        0x0 c:/touchgfx/4.24.1/env/mingw/msys/1.0/gnu-arm-gcc/bin/../lib/gcc/arm-none-eabi/7.3.1/thumb/v7e-m/fpv4-sp/hard/crtbegin.o

.preinit_array  0x081075c8        0x0
                0x081075c8                PROVIDE (__preinit_array_start = .)
 *(.preinit_array*)
                0x081075c8                PROVIDE (__preinit_array_end = .)

.init_array     0x081075c8        0x8
                0x081075c8                PROVIDE (__init_array_start = .)
 *(SORT_BY_NAME(.init_array.*))
 .init_array.00000
                0x081075c8        0x4 c:/touchgfx/4.24.1/env/mingw/msys/1.0/gnu-arm-gcc/bin/../lib/gcc/arm-none-eabi/7.3.1/../../../../arm-none-eabi/lib/thumb/v7e-m/fpv4-sp/hard\libc.a(lib_a-__call_atexit.o)
 *(.init_array*)
 .init_array    0x081075cc        0x4 c:/touchgfx/4.24.1/env/mingw/msys/1.0/gnu-arm-gcc/bin/../lib/gcc/arm-none-eabi/7.3.1/thumb/v7e-m/fpv4-sp/hard/crtbegin.o
                0x081075d0                PROVIDE (__init_array_end = .)

.fini_array     0x081075d0        0x4
                0x081075d0                PROVIDE (__fini_array_start = .)
 *(SORT_BY_NAME(.fini_array.*))
 *(.fini_array*)
 .fini_array    0x081075d0        0x4 c:/touchgfx/4.24.1/env/mingw/msys/1.0/gnu-arm-gcc/bin/../lib/gcc/arm-none-eabi/7.3.1/thumb/v7e-m/fpv4-sp/hard/crtbegin.o
                0x081075d4                PROVIDE (__fini_array_end = .)
                0x081075d4                _sidata = LOADADDR (.data)

.data           0x10000000      0xad0 load address 0x081075d4
                0x10000000                . = ALIGN (0x4)
                0x10000000                _sdata = .
 *(.data)
 *(.data*)
 .data.uwTickFreq
                0x10000000        0x1 CM4/TouchGFX/build/STM32H747I_DISCO/Drivers/STM32H7xx_HAL_Driver/Src/stm32h7xx_hal.o
                0x10000000                uwTickFreq
 *fill*         0x10000001        0x3 
 .data.uwTickPrio
                0x10000004        0x4 CM4/TouchGFX/build/STM32H747I_DISCO/Drivers/STM32H7xx_HAL_Driver/Src/stm32h7xx_hal.o
                0x10000004                uwTickPrio
 .data.HTTPcommands1
                0x10000008       0x10 CM4/TouchGFX/build/STM32H747I_DISCO/CM4/Core/Src/main.o
                0x10000008                HTTPcommands1
 .data.HTTPcommands2
                0x10000018       0x10 CM4/TouchGFX/build/STM32H747I_DISCO/CM4/Core/Src/main.o
                0x10000018                HTTPcommands2
 .data.HTTPcommands3
                0x10000028        0xc CM4/TouchGFX/build/STM32H747I_DISCO/CM4/Core/Src/main.o
                0x10000028                HTTPcommands3
 .data.Networkcommands
                0x10000034       0x1c CM4/TouchGFX/build/STM32H747I_DISCO/CM4/Core/Src/main.o
                0x10000034                Networkcommands
 .data.duty     0x10000050        0x2 CM4/TouchGFX/build/STM32H747I_DISCO/CM4/Core/Src/main.o
                0x10000050                duty
 .data.payload  0x10000052       0xc8 CM4/TouchGFX/build/STM32H747I_DISCO/CM4/Core/Src/main.o
                0x10000052                payload
 .data.repeat   0x1000011a        0x2 CM4/TouchGFX/build/STM32H747I_DISCO/CM4/Core/Src/main.o
                0x1000011a                repeat
 .data.SystemCoreClock
                0x1000011c        0x4 CM4/TouchGFX/build/STM32H747I_DISCO/Common/Src/system_stm32h7xx_dualcore_boot_cm4_cm7.o
                0x1000011c                SystemCoreClock
 .data.SystemD2Clock
                0x10000120        0x4 CM4/TouchGFX/build/STM32H747I_DISCO/Common/Src/system_stm32h7xx_dualcore_boot_cm4_cm7.o
                0x10000120                SystemD2Clock
 .data._impure_ptr
                0x10000124        0x4 c:/touchgfx/4.24.1/env/mingw/msys/1.0/gnu-arm-gcc/bin/../lib/gcc/arm-none-eabi/7.3.1/../../../../arm-none-eabi/lib/thumb/v7e-m/fpv4-sp/hard\libc.a(lib_a-impure.o)
                0x10000124                _impure_ptr
 .data.impure_data
                0x10000128      0x428 c:/touchgfx/4.24.1/env/mingw/msys/1.0/gnu-arm-gcc/bin/../lib/gcc/arm-none-eabi/7.3.1/../../../../arm-none-eabi/lib/thumb/v7e-m/fpv4-sp/hard\libc.a(lib_a-impure.o)
 .data.__atexit_recursive_mutex
                0x10000550        0x4 c:/touchgfx/4.24.1/env/mingw/msys/1.0/gnu-arm-gcc/bin/../lib/gcc/arm-none-eabi/7.3.1/../../../../arm-none-eabi/lib/thumb/v7e-m/fpv4-sp/hard\libc.a(lib_a-__call_atexit.o)
                0x10000550                __atexit_recursive_mutex
 .data.__global_locale
                0x10000554      0x16c c:/touchgfx/4.24.1/env/mingw/msys/1.0/gnu-arm-gcc/bin/../lib/gcc/arm-none-eabi/7.3.1/../../../../arm-none-eabi/lib/thumb/v7e-m/fpv4-sp/hard\libc.a(lib_a-locale.o)
                0x10000554                __global_locale
 .data.__malloc_av_
                0x100006c0      0x408 c:/touchgfx/4.24.1/env/mingw/msys/1.0/gnu-arm-gcc/bin/../lib/gcc/arm-none-eabi/7.3.1/../../../../arm-none-eabi/lib/thumb/v7e-m/fpv4-sp/hard\libc.a(lib_a-mallocr.o)
                0x100006c0                __malloc_av_
 .data.__malloc_sbrk_base
                0x10000ac8        0x4 c:/touchgfx/4.24.1/env/mingw/msys/1.0/gnu-arm-gcc/bin/../lib/gcc/arm-none-eabi/7.3.1/../../../../arm-none-eabi/lib/thumb/v7e-m/fpv4-sp/hard\libc.a(lib_a-mallocr.o)
                0x10000ac8                __malloc_sbrk_base
 .data.__malloc_trim_threshold
                0x10000acc        0x4 c:/touchgfx/4.24.1/env/mingw/msys/1.0/gnu-arm-gcc/bin/../lib/gcc/arm-none-eabi/7.3.1/../../../../arm-none-eabi/lib/thumb/v7e-m/fpv4-sp/hard\libc.a(lib_a-mallocr.o)
                0x10000acc                __malloc_trim_threshold
 *(.RamFunc)
 *(.RamFunc*)
                0x10000ad0                . = ALIGN (0x4)
                0x10000ad0                _edata = .

.igot.plt       0x10000ad0        0x0 load address 0x081080a4
 .igot.plt      0x10000ad0        0x0 c:/touchgfx/4.24.1/env/mingw/msys/1.0/gnu-arm-gcc/bin/../lib/gcc/arm-none-eabi/7.3.1/thumb/v7e-m/fpv4-sp/hard/crtbegin.o
                0x10000ad0                . = ALIGN (0x4)

.bss            0x10000ad0      0x2bc load address 0x081080a4
                0x10000ad0                _sbss = .
                0x10000ad0                __bss_start__ = _sbss
 *(.bss)
 .bss           0x10000ad0       0x1c c:/touchgfx/4.24.1/env/mingw/msys/1.0/gnu-arm-gcc/bin/../lib/gcc/arm-none-eabi/7.3.1/thumb/v7e-m/fpv4-sp/hard/crtbegin.o
 *(.bss*)
 .bss.Size      0x10000aec        0x1 CM4/TouchGFX/build/STM32H747I_DISCO/CM4/Core/Src/main.o
                0x10000aec                Size
 .bss.checkFlag
                0x10000aed        0x1 CM4/TouchGFX/build/STM32H747I_DISCO/CM4/Core/Src/main.o
                0x10000aed                checkFlag
 .bss.copyFlag  0x10000aee        0x1 CM4/TouchGFX/build/STM32H747I_DISCO/CM4/Core/Src/main.o
                0x10000aee                copyFlag
 .bss.finalIndex
                0x10000aef        0x1 CM4/TouchGFX/build/STM32H747I_DISCO/CM4/Core/Src/main.o
                0x10000aef                finalIndex
 .bss.isSent    0x10000af0        0x1 CM4/TouchGFX/build/STM32H747I_DISCO/CM4/Core/Src/main.o
                0x10000af0                isSent
 .bss.step      0x10000af1        0x1 CM4/TouchGFX/build/STM32H747I_DISCO/CM4/Core/Src/main.o
                0x10000af1                step
 *fill*         0x10000af2        0x2 
 .bss.__sbrk_heap_end
                0x10000af4        0x4 CM4/TouchGFX/build/STM32H747I_DISCO/STM32CubeIDE/CM4/Application/User/Core/sysmem.o
 .bss.__malloc_current_mallinfo
                0x10000af8       0x28 c:/touchgfx/4.24.1/env/mingw/msys/1.0/gnu-arm-gcc/bin/../lib/gcc/arm-none-eabi/7.3.1/../../../../arm-none-eabi/lib/thumb/v7e-m/fpv4-sp/hard\libc.a(lib_a-mallocr.o)
                0x10000af8                __malloc_current_mallinfo
 .bss.__malloc_max_sbrked_mem
                0x10000b20        0x4 c:/touchgfx/4.24.1/env/mingw/msys/1.0/gnu-arm-gcc/bin/../lib/gcc/arm-none-eabi/7.3.1/../../../../arm-none-eabi/lib/thumb/v7e-m/fpv4-sp/hard\libc.a(lib_a-mallocr.o)
                0x10000b20                __malloc_max_sbrked_mem
 .bss.__malloc_max_total_mem
                0x10000b24        0x4 c:/touchgfx/4.24.1/env/mingw/msys/1.0/gnu-arm-gcc/bin/../lib/gcc/arm-none-eabi/7.3.1/../../../../arm-none-eabi/lib/thumb/v7e-m/fpv4-sp/hard\libc.a(lib_a-mallocr.o)
                0x10000b24                __malloc_max_total_mem
 .bss.__malloc_top_pad
                0x10000b28        0x4 c:/touchgfx/4.24.1/env/mingw/msys/1.0/gnu-arm-gcc/bin/../lib/gcc/arm-none-eabi/7.3.1/../../../../arm-none-eabi/lib/thumb/v7e-m/fpv4-sp/hard\libc.a(lib_a-mallocr.o)
                0x10000b28                __malloc_top_pad
 *(COMMON)
 COMMON         0x10000b2c        0x4 CM4/TouchGFX/build/STM32H747I_DISCO/Drivers/STM32H7xx_HAL_Driver/Src/stm32h7xx_hal.o
                0x10000b2c                uwTick
 COMMON         0x10000b30      0x232 CM4/TouchGFX/build/STM32H747I_DISCO/CM4/Core/Src/main.o
                0x10000b30                dataSize
                0x10000b64                hdma_uart4_rx
                0x10000bdc                tempBuffer
                0x10000bde                rxBuffer
                0x10000c1c                htim1
                0x10000c68                endBuffer
                0x10000c9c                huart4
                0x10000d30                compareBuffer
 *fill*         0x10000d62        0x2 
 COMMON         0x10000d64       0x21 c:/touchgfx/4.24.1/env/mingw/msys/1.0/gnu-arm-gcc/bin/../lib/gcc/arm-none-eabi/7.3.1/../../../../arm-none-eabi/lib/thumb/v7e-m/fpv4-sp/hard\libc.a(lib_a-lock.o)
                0x10000d64                __lock___atexit_recursive_mutex
                0x10000d68                __lock___arc4random_mutex
                0x10000d6c                __lock___env_recursive_mutex
                0x10000d70                __lock___sinit_recursive_mutex
                0x10000d74                __lock___malloc_recursive_mutex
                0x10000d78                __lock___at_quick_exit_mutex
                0x10000d7c                __lock___dd_hash_mutex
                0x10000d80                __lock___tz_mutex
                0x10000d84                __lock___sfp_recursive_mutex
 *fill*         0x10000d85        0x3 
 COMMON         0x10000d88        0x4 c:/touchgfx/4.24.1/env/mingw/msys/1.0/gnu-arm-gcc/bin/../lib/gcc/arm-none-eabi/7.3.1/../../../../arm-none-eabi/lib/thumb/v7e-m/fpv4-sp/hard\libc.a(lib_a-reent.o)
                0x10000d88                errno
                0x10000d8c                . = ALIGN (0x4)
                0x10000d8c                _ebss = .
                0x10000d8c                __bss_end__ = _ebss

._user_heap_stack
                0x10000d8c     0x2004 load address 0x081080a4
                0x10000d90                . = ALIGN (0x8)
 *fill*         0x10000d8c        0x4 
                [!provide]                PROVIDE (end = .)
                0x10000d90                PROVIDE (_end = .)
                0x10001d90                . = (. + _Min_Heap_Size)
 *fill*         0x10000d90     0x1000 
                0x10002d90                . = (. + _Min_Stack_Size)
 *fill*         0x10001d90     0x1000 
                0x10002d90                . = ALIGN (0x8)

/DISCARD/
 libc.a(*)
 libm.a(*)
 libgcc.a(*)

.ARM.attributes
                0x00000000       0x30
 *(.ARM.attributes)
 .ARM.attributes
                0x00000000       0x22 c:/touchgfx/4.24.1/env/mingw/msys/1.0/gnu-arm-gcc/bin/../lib/gcc/arm-none-eabi/7.3.1/thumb/v7e-m/fpv4-sp/hard/crti.o
 .ARM.attributes
                0x00000022       0x34 c:/touchgfx/4.24.1/env/mingw/msys/1.0/gnu-arm-gcc/bin/../lib/gcc/arm-none-eabi/7.3.1/thumb/v7e-m/fpv4-sp/hard/crtbegin.o
 .ARM.attributes
                0x00000056       0x39 CM4/TouchGFX/build/STM32H747I_DISCO/Drivers/STM32H7xx_HAL_Driver/Src/stm32h7xx_hal.o
 .ARM.attributes
                0x0000008f       0x39 CM4/TouchGFX/build/STM32H747I_DISCO/Drivers/STM32H7xx_HAL_Driver/Src/stm32h7xx_hal_cortex.o
 .ARM.attributes
                0x000000c8       0x39 CM4/TouchGFX/build/STM32H747I_DISCO/Drivers/STM32H7xx_HAL_Driver/Src/stm32h7xx_hal_dma.o
 .ARM.attributes
                0x00000101       0x39 CM4/TouchGFX/build/STM32H747I_DISCO/Drivers/STM32H7xx_HAL_Driver/Src/stm32h7xx_hal_gpio.o
 .ARM.attributes
                0x0000013a       0x39 CM4/TouchGFX/build/STM32H747I_DISCO/Drivers/STM32H7xx_HAL_Driver/Src/stm32h7xx_hal_hsem.o
 .ARM.attributes
                0x00000173       0x39 CM4/TouchGFX/build/STM32H747I_DISCO/Drivers/STM32H7xx_HAL_Driver/Src/stm32h7xx_hal_pwr_ex.o
 .ARM.attributes
                0x000001ac       0x39 CM4/TouchGFX/build/STM32H747I_DISCO/Drivers/STM32H7xx_HAL_Driver/Src/stm32h7xx_hal_rcc.o
 .ARM.attributes
                0x000001e5       0x39 CM4/TouchGFX/build/STM32H747I_DISCO/Drivers/STM32H7xx_HAL_Driver/Src/stm32h7xx_hal_tim.o
 .ARM.attributes
                0x0000021e       0x39 CM4/TouchGFX/build/STM32H747I_DISCO/Drivers/STM32H7xx_HAL_Driver/Src/stm32h7xx_hal_tim_ex.o
 .ARM.attributes
                0x00000257       0x39 CM4/TouchGFX/build/STM32H747I_DISCO/CM4/Core/Src/main.o
 .ARM.attributes
                0x00000290       0x39 CM4/TouchGFX/build/STM32H747I_DISCO/CM4/Core/Src/stm32h7xx_it.o
 .ARM.attributes
                0x000002c9       0x39 CM4/TouchGFX/build/STM32H747I_DISCO/CM4/Core/Src/stm32h7xx_hal_msp.o
 .ARM.attributes
                0x00000302       0x39 CM4/TouchGFX/build/STM32H747I_DISCO/STM32CubeIDE/CM4/Application/User/Core/sysmem.o
 .ARM.attributes
                0x0000033b       0x39 CM4/TouchGFX/build/STM32H747I_DISCO/Common/Src/system_stm32h7xx_dualcore_boot_cm4_cm7.o
 .ARM.attributes
                0x00000374       0x21 CM4/TouchGFX/build/STM32H747I_DISCO/STM32CubeIDE/CM4/Application/User/Startup/startup_stm32h747xihx.o
 .ARM.attributes
                0x00000395       0x34 c:/touchgfx/4.24.1/env/mingw/msys/1.0/gnu-arm-gcc/bin/../lib/gcc/arm-none-eabi/7.3.1/../../../../arm-none-eabi/lib/thumb/v7e-m/fpv4-sp/hard\libc.a(lib_a-atoi.o)
 .ARM.attributes
                0x000003c9       0x34 c:/touchgfx/4.24.1/env/mingw/msys/1.0/gnu-arm-gcc/bin/../lib/gcc/arm-none-eabi/7.3.1/../../../../arm-none-eabi/lib/thumb/v7e-m/fpv4-sp/hard\libc.a(lib_a-errno.o)
 .ARM.attributes
                0x000003fd       0x34 c:/touchgfx/4.24.1/env/mingw/msys/1.0/gnu-arm-gcc/bin/../lib/gcc/arm-none-eabi/7.3.1/../../../../arm-none-eabi/lib/thumb/v7e-m/fpv4-sp/hard\libc.a(lib_a-impure.o)
 .ARM.attributes
                0x00000431       0x34 c:/touchgfx/4.24.1/env/mingw/msys/1.0/gnu-arm-gcc/bin/../lib/gcc/arm-none-eabi/7.3.1/../../../../arm-none-eabi/lib/thumb/v7e-m/fpv4-sp/hard\libc.a(lib_a-init.o)
 .ARM.attributes
                0x00000465       0x34 c:/touchgfx/4.24.1/env/mingw/msys/1.0/gnu-arm-gcc/bin/../lib/gcc/arm-none-eabi/7.3.1/../../../../arm-none-eabi/lib/thumb/v7e-m/fpv4-sp/hard\libc.a(lib_a-memset.o)
 .ARM.attributes
                0x00000499       0x34 c:/touchgfx/4.24.1/env/mingw/msys/1.0/gnu-arm-gcc/bin/../lib/gcc/arm-none-eabi/7.3.1/../../../../arm-none-eabi/lib/thumb/v7e-m/fpv4-sp/hard\libc.a(lib_a-sprintf.o)
 .ARM.attributes
                0x000004cd       0x20 c:/touchgfx/4.24.1/env/mingw/msys/1.0/gnu-arm-gcc/bin/../lib/gcc/arm-none-eabi/7.3.1/../../../../arm-none-eabi/lib/thumb/v7e-m/fpv4-sp/hard\libc.a(lib_a-strlen.o)
 .ARM.attributes
                0x000004ed       0x34 c:/touchgfx/4.24.1/env/mingw/msys/1.0/gnu-arm-gcc/bin/../lib/gcc/arm-none-eabi/7.3.1/../../../../arm-none-eabi/lib/thumb/v7e-m/fpv4-sp/hard\libc.a(lib_a-strtol.o)
 .ARM.attributes
                0x00000521       0x34 c:/touchgfx/4.24.1/env/mingw/msys/1.0/gnu-arm-gcc/bin/../lib/gcc/arm-none-eabi/7.3.1/../../../../arm-none-eabi/lib/thumb/v7e-m/fpv4-sp/hard\libc.a(lib_a-svfprintf.o)
 .ARM.attributes
                0x00000555       0x34 c:/touchgfx/4.24.1/env/mingw/msys/1.0/gnu-arm-gcc/bin/../lib/gcc/arm-none-eabi/7.3.1/../../../../arm-none-eabi/lib/thumb/v7e-m/fpv4-sp/hard\libc.a(lib_a-__call_atexit.o)
 .ARM.attributes
                0x00000589       0x34 c:/touchgfx/4.24.1/env/mingw/msys/1.0/gnu-arm-gcc/bin/../lib/gcc/arm-none-eabi/7.3.1/../../../../arm-none-eabi/lib/thumb/v7e-m/fpv4-sp/hard\libc.a(lib_a-atexit.o)
 .ARM.attributes
                0x000005bd       0x34 c:/touchgfx/4.24.1/env/mingw/msys/1.0/gnu-arm-gcc/bin/../lib/gcc/arm-none-eabi/7.3.1/../../../../arm-none-eabi/lib/thumb/v7e-m/fpv4-sp/hard\libc.a(lib_a-dtoa.o)
 .ARM.attributes
                0x000005f1       0x34 c:/touchgfx/4.24.1/env/mingw/msys/1.0/gnu-arm-gcc/bin/../lib/gcc/arm-none-eabi/7.3.1/../../../../arm-none-eabi/lib/thumb/v7e-m/fpv4-sp/hard\libc.a(lib_a-fini.o)
 .ARM.attributes
                0x00000625       0x34 c:/touchgfx/4.24.1/env/mingw/msys/1.0/gnu-arm-gcc/bin/../lib/gcc/arm-none-eabi/7.3.1/../../../../arm-none-eabi/lib/thumb/v7e-m/fpv4-sp/hard\libc.a(lib_a-freer.o)
 .ARM.attributes
                0x00000659       0x34 c:/touchgfx/4.24.1/env/mingw/msys/1.0/gnu-arm-gcc/bin/../lib/gcc/arm-none-eabi/7.3.1/../../../../arm-none-eabi/lib/thumb/v7e-m/fpv4-sp/hard\libc.a(lib_a-locale.o)
 .ARM.attributes
                0x0000068d       0x34 c:/touchgfx/4.24.1/env/mingw/msys/1.0/gnu-arm-gcc/bin/../lib/gcc/arm-none-eabi/7.3.1/../../../../arm-none-eabi/lib/thumb/v7e-m/fpv4-sp/hard\libc.a(lib_a-localeconv.o)
 .ARM.attributes
                0x000006c1       0x34 c:/touchgfx/4.24.1/env/mingw/msys/1.0/gnu-arm-gcc/bin/../lib/gcc/arm-none-eabi/7.3.1/../../../../arm-none-eabi/lib/thumb/v7e-m/fpv4-sp/hard\libc.a(lib_a-lock.o)
 .ARM.attributes
                0x000006f5       0x34 c:/touchgfx/4.24.1/env/mingw/msys/1.0/gnu-arm-gcc/bin/../lib/gcc/arm-none-eabi/7.3.1/../../../../arm-none-eabi/lib/thumb/v7e-m/fpv4-sp/hard\libc.a(lib_a-mallocr.o)
 .ARM.attributes
                0x00000729       0x34 c:/touchgfx/4.24.1/env/mingw/msys/1.0/gnu-arm-gcc/bin/../lib/gcc/arm-none-eabi/7.3.1/../../../../arm-none-eabi/lib/thumb/v7e-m/fpv4-sp/hard\libc.a(lib_a-mbtowc_r.o)
 .ARM.attributes
                0x0000075d       0x20 c:/touchgfx/4.24.1/env/mingw/msys/1.0/gnu-arm-gcc/bin/../lib/gcc/arm-none-eabi/7.3.1/../../../../arm-none-eabi/lib/thumb/v7e-m/fpv4-sp/hard\libc.a(lib_a-memchr.o)
 .ARM.attributes
                0x0000077d       0x20 c:/touchgfx/4.24.1/env/mingw/msys/1.0/gnu-arm-gcc/bin/../lib/gcc/arm-none-eabi/7.3.1/../../../../arm-none-eabi/lib/thumb/v7e-m/fpv4-sp/hard\libc.a(lib_a-memcpy.o)
 .ARM.attributes
                0x0000079d       0x34 c:/touchgfx/4.24.1/env/mingw/msys/1.0/gnu-arm-gcc/bin/../lib/gcc/arm-none-eabi/7.3.1/../../../../arm-none-eabi/lib/thumb/v7e-m/fpv4-sp/hard\libc.a(lib_a-mlock.o)
 .ARM.attributes
                0x000007d1       0x34 c:/touchgfx/4.24.1/env/mingw/msys/1.0/gnu-arm-gcc/bin/../lib/gcc/arm-none-eabi/7.3.1/../../../../arm-none-eabi/lib/thumb/v7e-m/fpv4-sp/hard\libc.a(lib_a-mprec.o)
 .ARM.attributes
                0x00000805       0x34 c:/touchgfx/4.24.1/env/mingw/msys/1.0/gnu-arm-gcc/bin/../lib/gcc/arm-none-eabi/7.3.1/../../../../arm-none-eabi/lib/thumb/v7e-m/fpv4-sp/hard\libc.a(lib_a-s_frexp.o)
 .ARM.attributes
                0x00000839       0x34 c:/touchgfx/4.24.1/env/mingw/msys/1.0/gnu-arm-gcc/bin/../lib/gcc/arm-none-eabi/7.3.1/../../../../arm-none-eabi/lib/thumb/v7e-m/fpv4-sp/hard\libc.a(lib_a-sbrkr.o)
 .ARM.attributes
                0x0000086d       0x34 c:/touchgfx/4.24.1/env/mingw/msys/1.0/gnu-arm-gcc/bin/../lib/gcc/arm-none-eabi/7.3.1/../../../../arm-none-eabi/lib/thumb/v7e-m/fpv4-sp/hard\libc.a(lib_a-strncpy.o)
 .ARM.attributes
                0x000008a1       0x34 c:/touchgfx/4.24.1/env/mingw/msys/1.0/gnu-arm-gcc/bin/../lib/gcc/arm-none-eabi/7.3.1/../../../../arm-none-eabi/lib/thumb/v7e-m/fpv4-sp/hard\libc.a(lib_a-svfiprintf.o)
 .ARM.attributes
                0x000008d5       0x34 c:/touchgfx/4.24.1/env/mingw/msys/1.0/gnu-arm-gcc/bin/../lib/gcc/arm-none-eabi/7.3.1/../../../../arm-none-eabi/lib/thumb/v7e-m/fpv4-sp/hard\libc.a(lib_a-wctomb_r.o)
 .ARM.attributes
                0x00000909       0x34 c:/touchgfx/4.24.1/env/mingw/msys/1.0/gnu-arm-gcc/bin/../lib/gcc/arm-none-eabi/7.3.1/../../../../arm-none-eabi/lib/thumb/v7e-m/fpv4-sp/hard\libc.a(lib_a-__atexit.o)
 .ARM.attributes
                0x0000093d       0x34 c:/touchgfx/4.24.1/env/mingw/msys/1.0/gnu-arm-gcc/bin/../lib/gcc/arm-none-eabi/7.3.1/../../../../arm-none-eabi/lib/thumb/v7e-m/fpv4-sp/hard\libc.a(lib_a-callocr.o)
 .ARM.attributes
                0x00000971       0x34 c:/touchgfx/4.24.1/env/mingw/msys/1.0/gnu-arm-gcc/bin/../lib/gcc/arm-none-eabi/7.3.1/../../../../arm-none-eabi/lib/thumb/v7e-m/fpv4-sp/hard\libc.a(lib_a-ctype_.o)
 .ARM.attributes
                0x000009a5       0x34 c:/touchgfx/4.24.1/env/mingw/msys/1.0/gnu-arm-gcc/bin/../lib/gcc/arm-none-eabi/7.3.1/../../../../arm-none-eabi/lib/thumb/v7e-m/fpv4-sp/hard\libc.a(lib_a-memmove.o)
 .ARM.attributes
                0x000009d9       0x34 c:/touchgfx/4.24.1/env/mingw/msys/1.0/gnu-arm-gcc/bin/../lib/gcc/arm-none-eabi/7.3.1/../../../../arm-none-eabi/lib/thumb/v7e-m/fpv4-sp/hard\libc.a(lib_a-reallocr.o)
 .ARM.attributes
                0x00000a0d       0x34 c:/touchgfx/4.24.1/env/mingw/msys/1.0/gnu-arm-gcc/bin/../lib/gcc/arm-none-eabi/7.3.1/../../../../arm-none-eabi/lib/thumb/v7e-m/fpv4-sp/hard\libc.a(lib_a-reent.o)
 .ARM.attributes
                0x00000a41       0x22 c:/touchgfx/4.24.1/env/mingw/msys/1.0/gnu-arm-gcc/bin/../lib/gcc/arm-none-eabi/7.3.1/thumb/v7e-m/fpv4-sp/hard\libgcc.a(_arm_addsubdf3.o)
 .ARM.attributes
                0x00000a63       0x22 c:/touchgfx/4.24.1/env/mingw/msys/1.0/gnu-arm-gcc/bin/../lib/gcc/arm-none-eabi/7.3.1/thumb/v7e-m/fpv4-sp/hard\libgcc.a(_arm_muldivdf3.o)
 .ARM.attributes
                0x00000a85       0x22 c:/touchgfx/4.24.1/env/mingw/msys/1.0/gnu-arm-gcc/bin/../lib/gcc/arm-none-eabi/7.3.1/thumb/v7e-m/fpv4-sp/hard\libgcc.a(_arm_cmpdf2.o)
 .ARM.attributes
                0x00000aa7       0x22 c:/touchgfx/4.24.1/env/mingw/msys/1.0/gnu-arm-gcc/bin/../lib/gcc/arm-none-eabi/7.3.1/thumb/v7e-m/fpv4-sp/hard\libgcc.a(_arm_unorddf2.o)
 .ARM.attributes
                0x00000ac9       0x22 c:/touchgfx/4.24.1/env/mingw/msys/1.0/gnu-arm-gcc/bin/../lib/gcc/arm-none-eabi/7.3.1/thumb/v7e-m/fpv4-sp/hard\libgcc.a(_arm_fixdfsi.o)
 .ARM.attributes
                0x00000aeb       0x22 c:/touchgfx/4.24.1/env/mingw/msys/1.0/gnu-arm-gcc/bin/../lib/gcc/arm-none-eabi/7.3.1/thumb/v7e-m/fpv4-sp/hard\libgcc.a(_aeabi_uldivmod.o)
 .ARM.attributes
                0x00000b0d       0x34 c:/touchgfx/4.24.1/env/mingw/msys/1.0/gnu-arm-gcc/bin/../lib/gcc/arm-none-eabi/7.3.1/thumb/v7e-m/fpv4-sp/hard\libgcc.a(_udivmoddi4.o)
 .ARM.attributes
                0x00000b41       0x22 c:/touchgfx/4.24.1/env/mingw/msys/1.0/gnu-arm-gcc/bin/../lib/gcc/arm-none-eabi/7.3.1/thumb/v7e-m/fpv4-sp/hard\libgcc.a(_dvmd_tls.o)
 .ARM.attributes
                0x00000b63       0x22 c:/touchgfx/4.24.1/env/mingw/msys/1.0/gnu-arm-gcc/bin/../lib/gcc/arm-none-eabi/7.3.1/thumb/v7e-m/fpv4-sp/hard/crtn.o
OUTPUT(CM4/TouchGFX/build/bin/target.elf elf32-littlearm)

.debug_info     0x00000000    0x19c5e
 .debug_info    0x00000000     0x2167 CM4/TouchGFX/build/STM32H747I_DISCO/Drivers/STM32H7xx_HAL_Driver/Src/stm32h7xx_hal.o
 .debug_info    0x00002167     0x1ab4 CM4/TouchGFX/build/STM32H747I_DISCO/Drivers/STM32H7xx_HAL_Driver/Src/stm32h7xx_hal_cortex.o
 .debug_info    0x00003c1b     0x1781 CM4/TouchGFX/build/STM32H747I_DISCO/Drivers/STM32H7xx_HAL_Driver/Src/stm32h7xx_hal_dma.o
 .debug_info    0x0000539c     0x172e CM4/TouchGFX/build/STM32H747I_DISCO/Drivers/STM32H7xx_HAL_Driver/Src/stm32h7xx_hal_gpio.o
 .debug_info    0x00006aca      0xe0a CM4/TouchGFX/build/STM32H747I_DISCO/Drivers/STM32H7xx_HAL_Driver/Src/stm32h7xx_hal_hsem.o
 .debug_info    0x000078d4     0x1b1b CM4/TouchGFX/build/STM32H747I_DISCO/Drivers/STM32H7xx_HAL_Driver/Src/stm32h7xx_hal_pwr_ex.o
 .debug_info    0x000093ef     0x1ad0 CM4/TouchGFX/build/STM32H747I_DISCO/Drivers/STM32H7xx_HAL_Driver/Src/stm32h7xx_hal_rcc.o
 .debug_info    0x0000aebf     0x4609 CM4/TouchGFX/build/STM32H747I_DISCO/Drivers/STM32H7xx_HAL_Driver/Src/stm32h7xx_hal_tim.o
 .debug_info    0x0000f4c8     0x2355 CM4/TouchGFX/build/STM32H747I_DISCO/Drivers/STM32H7xx_HAL_Driver/Src/stm32h7xx_hal_tim_ex.o
 .debug_info    0x0001181d     0x307a CM4/TouchGFX/build/STM32H747I_DISCO/CM4/Core/Src/main.o
 .debug_info    0x00014897     0x15b1 CM4/TouchGFX/build/STM32H747I_DISCO/CM4/Core/Src/stm32h7xx_it.o
 .debug_info    0x00015e48     0x237a CM4/TouchGFX/build/STM32H747I_DISCO/CM4/Core/Src/stm32h7xx_hal_msp.o
 .debug_info    0x000181c2      0x98f CM4/TouchGFX/build/STM32H747I_DISCO/STM32CubeIDE/CM4/Application/User/Core/sysmem.o
 .debug_info    0x00018b51     0x10eb CM4/TouchGFX/build/STM32H747I_DISCO/Common/Src/system_stm32h7xx_dualcore_boot_cm4_cm7.o
 .debug_info    0x00019c3c       0x22 CM4/TouchGFX/build/STM32H747I_DISCO/STM32CubeIDE/CM4/Application/User/Startup/startup_stm32h747xihx.o

.debug_abbrev   0x00000000     0x2b64
 .debug_abbrev  0x00000000      0x37a CM4/TouchGFX/build/STM32H747I_DISCO/Drivers/STM32H7xx_HAL_Driver/Src/stm32h7xx_hal.o
 .debug_abbrev  0x0000037a      0x3de CM4/TouchGFX/build/STM32H747I_DISCO/Drivers/STM32H7xx_HAL_Driver/Src/stm32h7xx_hal_cortex.o
 .debug_abbrev  0x00000758      0x349 CM4/TouchGFX/build/STM32H747I_DISCO/Drivers/STM32H7xx_HAL_Driver/Src/stm32h7xx_hal_dma.o
 .debug_abbrev  0x00000aa1      0x2d5 CM4/TouchGFX/build/STM32H747I_DISCO/Drivers/STM32H7xx_HAL_Driver/Src/stm32h7xx_hal_gpio.o
 .debug_abbrev  0x00000d76      0x2c6 CM4/TouchGFX/build/STM32H747I_DISCO/Drivers/STM32H7xx_HAL_Driver/Src/stm32h7xx_hal_hsem.o
 .debug_abbrev  0x0000103c      0x376 CM4/TouchGFX/build/STM32H747I_DISCO/Drivers/STM32H7xx_HAL_Driver/Src/stm32h7xx_hal_pwr_ex.o
 .debug_abbrev  0x000013b2      0x343 CM4/TouchGFX/build/STM32H747I_DISCO/Drivers/STM32H7xx_HAL_Driver/Src/stm32h7xx_hal_rcc.o
 .debug_abbrev  0x000016f5      0x3cb CM4/TouchGFX/build/STM32H747I_DISCO/Drivers/STM32H7xx_HAL_Driver/Src/stm32h7xx_hal_tim.o
 .debug_abbrev  0x00001ac0      0x34b CM4/TouchGFX/build/STM32H747I_DISCO/Drivers/STM32H7xx_HAL_Driver/Src/stm32h7xx_hal_tim_ex.o
 .debug_abbrev  0x00001e0b      0x493 CM4/TouchGFX/build/STM32H747I_DISCO/CM4/Core/Src/main.o
 .debug_abbrev  0x0000229e      0x235 CM4/TouchGFX/build/STM32H747I_DISCO/CM4/Core/Src/stm32h7xx_it.o
 .debug_abbrev  0x000024d3      0x295 CM4/TouchGFX/build/STM32H747I_DISCO/CM4/Core/Src/stm32h7xx_hal_msp.o
 .debug_abbrev  0x00002768      0x1c1 CM4/TouchGFX/build/STM32H747I_DISCO/STM32CubeIDE/CM4/Application/User/Core/sysmem.o
 .debug_abbrev  0x00002929      0x229 CM4/TouchGFX/build/STM32H747I_DISCO/Common/Src/system_stm32h7xx_dualcore_boot_cm4_cm7.o
 .debug_abbrev  0x00002b52       0x12 CM4/TouchGFX/build/STM32H747I_DISCO/STM32CubeIDE/CM4/Application/User/Startup/startup_stm32h747xihx.o

.debug_loc      0x00000000     0x7561
 .debug_loc     0x00000000      0x4b8 CM4/TouchGFX/build/STM32H747I_DISCO/Drivers/STM32H7xx_HAL_Driver/Src/stm32h7xx_hal.o
 .debug_loc     0x000004b8      0x487 CM4/TouchGFX/build/STM32H747I_DISCO/Drivers/STM32H7xx_HAL_Driver/Src/stm32h7xx_hal_cortex.o
 .debug_loc     0x0000093f      0xa9a CM4/TouchGFX/build/STM32H747I_DISCO/Drivers/STM32H7xx_HAL_Driver/Src/stm32h7xx_hal_dma.o
 .debug_loc     0x000013d9      0x2f2 CM4/TouchGFX/build/STM32H747I_DISCO/Drivers/STM32H7xx_HAL_Driver/Src/stm32h7xx_hal_gpio.o
 .debug_loc     0x000016cb      0x149 CM4/TouchGFX/build/STM32H747I_DISCO/Drivers/STM32H7xx_HAL_Driver/Src/stm32h7xx_hal_hsem.o
 .debug_loc     0x00001814      0x43f CM4/TouchGFX/build/STM32H747I_DISCO/Drivers/STM32H7xx_HAL_Driver/Src/stm32h7xx_hal_pwr_ex.o
 .debug_loc     0x00001c53      0x59c CM4/TouchGFX/build/STM32H747I_DISCO/Drivers/STM32H7xx_HAL_Driver/Src/stm32h7xx_hal_rcc.o
 .debug_loc     0x000021ef     0x3be3 CM4/TouchGFX/build/STM32H747I_DISCO/Drivers/STM32H7xx_HAL_Driver/Src/stm32h7xx_hal_tim.o
 .debug_loc     0x00005dd2     0x123b CM4/TouchGFX/build/STM32H747I_DISCO/Drivers/STM32H7xx_HAL_Driver/Src/stm32h7xx_hal_tim_ex.o
 .debug_loc     0x0000700d      0x2ab CM4/TouchGFX/build/STM32H747I_DISCO/CM4/Core/Src/main.o
 .debug_loc     0x000072b8       0xe7 CM4/TouchGFX/build/STM32H747I_DISCO/CM4/Core/Src/stm32h7xx_hal_msp.o
 .debug_loc     0x0000739f       0x2c CM4/TouchGFX/build/STM32H747I_DISCO/STM32CubeIDE/CM4/Application/User/Core/sysmem.o
 .debug_loc     0x000073cb      0x196 CM4/TouchGFX/build/STM32H747I_DISCO/Common/Src/system_stm32h7xx_dualcore_boot_cm4_cm7.o

.debug_aranges  0x00000000      0xb40
 .debug_aranges
                0x00000000      0x1f8 CM4/TouchGFX/build/STM32H747I_DISCO/Drivers/STM32H7xx_HAL_Driver/Src/stm32h7xx_hal.o
 .debug_aranges
                0x000001f8       0xc0 CM4/TouchGFX/build/STM32H747I_DISCO/Drivers/STM32H7xx_HAL_Driver/Src/stm32h7xx_hal_cortex.o
 .debug_aranges
                0x000002b8       0x98 CM4/TouchGFX/build/STM32H747I_DISCO/Drivers/STM32H7xx_HAL_Driver/Src/stm32h7xx_hal_dma.o
 .debug_aranges
                0x00000350       0x58 CM4/TouchGFX/build/STM32H747I_DISCO/Drivers/STM32H7xx_HAL_Driver/Src/stm32h7xx_hal_gpio.o
 .debug_aranges
                0x000003a8       0x70 CM4/TouchGFX/build/STM32H747I_DISCO/Drivers/STM32H7xx_HAL_Driver/Src/stm32h7xx_hal_hsem.o
 .debug_aranges
                0x00000418      0x140 CM4/TouchGFX/build/STM32H747I_DISCO/Drivers/STM32H7xx_HAL_Driver/Src/stm32h7xx_hal_pwr_ex.o
 .debug_aranges
                0x00000558       0x88 CM4/TouchGFX/build/STM32H747I_DISCO/Drivers/STM32H7xx_HAL_Driver/Src/stm32h7xx_hal_rcc.o
 .debug_aranges
                0x000005e0      0x2a8 CM4/TouchGFX/build/STM32H747I_DISCO/Drivers/STM32H7xx_HAL_Driver/Src/stm32h7xx_hal_tim.o
 .debug_aranges
                0x00000888      0x130 CM4/TouchGFX/build/STM32H747I_DISCO/Drivers/STM32H7xx_HAL_Driver/Src/stm32h7xx_hal_tim_ex.o
 .debug_aranges
                0x000009b8       0x68 CM4/TouchGFX/build/STM32H747I_DISCO/CM4/Core/Src/main.o
 .debug_aranges
                0x00000a20       0x68 CM4/TouchGFX/build/STM32H747I_DISCO/CM4/Core/Src/stm32h7xx_it.o
 .debug_aranges
                0x00000a88       0x48 CM4/TouchGFX/build/STM32H747I_DISCO/CM4/Core/Src/stm32h7xx_hal_msp.o
 .debug_aranges
                0x00000ad0       0x20 CM4/TouchGFX/build/STM32H747I_DISCO/STM32CubeIDE/CM4/Application/User/Core/sysmem.o
 .debug_aranges
                0x00000af0       0x28 CM4/TouchGFX/build/STM32H747I_DISCO/Common/Src/system_stm32h7xx_dualcore_boot_cm4_cm7.o
 .debug_aranges
                0x00000b18       0x28 CM4/TouchGFX/build/STM32H747I_DISCO/STM32CubeIDE/CM4/Application/User/Startup/startup_stm32h747xihx.o

.debug_ranges   0x00000000      0xe98
 .debug_ranges  0x00000000      0x200 CM4/TouchGFX/build/STM32H747I_DISCO/Drivers/STM32H7xx_HAL_Driver/Src/stm32h7xx_hal.o
 .debug_ranges  0x00000200      0x150 CM4/TouchGFX/build/STM32H747I_DISCO/Drivers/STM32H7xx_HAL_Driver/Src/stm32h7xx_hal_cortex.o
 .debug_ranges  0x00000350       0xc0 CM4/TouchGFX/build/STM32H747I_DISCO/Drivers/STM32H7xx_HAL_Driver/Src/stm32h7xx_hal_dma.o
 .debug_ranges  0x00000410       0x60 CM4/TouchGFX/build/STM32H747I_DISCO/Drivers/STM32H7xx_HAL_Driver/Src/stm32h7xx_hal_gpio.o
 .debug_ranges  0x00000470       0x60 CM4/TouchGFX/build/STM32H747I_DISCO/Drivers/STM32H7xx_HAL_Driver/Src/stm32h7xx_hal_hsem.o
 .debug_ranges  0x000004d0      0x130 CM4/TouchGFX/build/STM32H747I_DISCO/Drivers/STM32H7xx_HAL_Driver/Src/stm32h7xx_hal_pwr_ex.o
 .debug_ranges  0x00000600       0xe8 CM4/TouchGFX/build/STM32H747I_DISCO/Drivers/STM32H7xx_HAL_Driver/Src/stm32h7xx_hal_rcc.o
 .debug_ranges  0x000006e8      0x3d0 CM4/TouchGFX/build/STM32H747I_DISCO/Drivers/STM32H7xx_HAL_Driver/Src/stm32h7xx_hal_tim.o
 .debug_ranges  0x00000ab8      0x120 CM4/TouchGFX/build/STM32H747I_DISCO/Drivers/STM32H7xx_HAL_Driver/Src/stm32h7xx_hal_tim_ex.o
 .debug_ranges  0x00000bd8      0x178 CM4/TouchGFX/build/STM32H747I_DISCO/CM4/Core/Src/main.o
 .debug_ranges  0x00000d50       0x58 CM4/TouchGFX/build/STM32H747I_DISCO/CM4/Core/Src/stm32h7xx_it.o
 .debug_ranges  0x00000da8       0xa8 CM4/TouchGFX/build/STM32H747I_DISCO/CM4/Core/Src/stm32h7xx_hal_msp.o
 .debug_ranges  0x00000e50       0x10 CM4/TouchGFX/build/STM32H747I_DISCO/STM32CubeIDE/CM4/Application/User/Core/sysmem.o
 .debug_ranges  0x00000e60       0x18 CM4/TouchGFX/build/STM32H747I_DISCO/Common/Src/system_stm32h7xx_dualcore_boot_cm4_cm7.o
 .debug_ranges  0x00000e78       0x20 CM4/TouchGFX/build/STM32H747I_DISCO/STM32CubeIDE/CM4/Application/User/Startup/startup_stm32h747xihx.o

.debug_line     0x00000000     0x7610
 .debug_line    0x00000000      0x7c4 CM4/TouchGFX/build/STM32H747I_DISCO/Drivers/STM32H7xx_HAL_Driver/Src/stm32h7xx_hal.o
 .debug_line    0x000007c4      0x5ae CM4/TouchGFX/build/STM32H747I_DISCO/Drivers/STM32H7xx_HAL_Driver/Src/stm32h7xx_hal_cortex.o
 .debug_line    0x00000d72     0x13b2 CM4/TouchGFX/build/STM32H747I_DISCO/Drivers/STM32H7xx_HAL_Driver/Src/stm32h7xx_hal_dma.o
 .debug_line    0x00002124      0x4db CM4/TouchGFX/build/STM32H747I_DISCO/Drivers/STM32H7xx_HAL_Driver/Src/stm32h7xx_hal_gpio.o
 .debug_line    0x000025ff      0x3b2 CM4/TouchGFX/build/STM32H747I_DISCO/Drivers/STM32H7xx_HAL_Driver/Src/stm32h7xx_hal_hsem.o
 .debug_line    0x000029b1      0x731 CM4/TouchGFX/build/STM32H747I_DISCO/Drivers/STM32H7xx_HAL_Driver/Src/stm32h7xx_hal_pwr_ex.o
 .debug_line    0x000030e2      0x77d CM4/TouchGFX/build/STM32H747I_DISCO/Drivers/STM32H7xx_HAL_Driver/Src/stm32h7xx_hal_rcc.o
 .debug_line    0x0000385f     0x1d78 CM4/TouchGFX/build/STM32H747I_DISCO/Drivers/STM32H7xx_HAL_Driver/Src/stm32h7xx_hal_tim.o
 .debug_line    0x000055d7      0xc88 CM4/TouchGFX/build/STM32H747I_DISCO/Drivers/STM32H7xx_HAL_Driver/Src/stm32h7xx_hal_tim_ex.o
 .debug_line    0x0000625f      0x643 CM4/TouchGFX/build/STM32H747I_DISCO/CM4/Core/Src/main.o
 .debug_line    0x000068a2      0x392 CM4/TouchGFX/build/STM32H747I_DISCO/CM4/Core/Src/stm32h7xx_it.o
 .debug_line    0x00006c34      0x438 CM4/TouchGFX/build/STM32H747I_DISCO/CM4/Core/Src/stm32h7xx_hal_msp.o
 .debug_line    0x0000706c      0x1bb CM4/TouchGFX/build/STM32H747I_DISCO/STM32CubeIDE/CM4/Application/User/Core/sysmem.o
 .debug_line    0x00007227      0x347 CM4/TouchGFX/build/STM32H747I_DISCO/Common/Src/system_stm32h7xx_dualcore_boot_cm4_cm7.o
 .debug_line    0x0000756e       0xa2 CM4/TouchGFX/build/STM32H747I_DISCO/STM32CubeIDE/CM4/Application/User/Startup/startup_stm32h747xihx.o

.debug_str      0x00000000     0x598c
 .debug_str     0x00000000     0x1bfe CM4/TouchGFX/build/STM32H747I_DISCO/Drivers/STM32H7xx_HAL_Driver/Src/stm32h7xx_hal.o
                               0x1d24 (size before relaxing)
 .debug_str     0x00001bfe      0x4e5 CM4/TouchGFX/build/STM32H747I_DISCO/Drivers/STM32H7xx_HAL_Driver/Src/stm32h7xx_hal_cortex.o
                               0x16dd (size before relaxing)
 .debug_str     0x000020e3      0x6b9 CM4/TouchGFX/build/STM32H747I_DISCO/Drivers/STM32H7xx_HAL_Driver/Src/stm32h7xx_hal_dma.o
                               0x1078 (size before relaxing)
 .debug_str     0x0000279c      0x189 CM4/TouchGFX/build/STM32H747I_DISCO/Drivers/STM32H7xx_HAL_Driver/Src/stm32h7xx_hal_gpio.o
                                0xe0a (size before relaxing)
 .debug_str     0x00002925      0x1a6 CM4/TouchGFX/build/STM32H747I_DISCO/Drivers/STM32H7xx_HAL_Driver/Src/stm32h7xx_hal_hsem.o
                                0xa8b (size before relaxing)
 .debug_str     0x00002acb      0x5de CM4/TouchGFX/build/STM32H747I_DISCO/Drivers/STM32H7xx_HAL_Driver/Src/stm32h7xx_hal_pwr_ex.o
                               0x1146 (size before relaxing)
 .debug_str     0x000030a9      0x4b9 CM4/TouchGFX/build/STM32H747I_DISCO/Drivers/STM32H7xx_HAL_Driver/Src/stm32h7xx_hal_rcc.o
                               0x10d1 (size before relaxing)
 .debug_str     0x00003562     0x1239 CM4/TouchGFX/build/STM32H747I_DISCO/Drivers/STM32H7xx_HAL_Driver/Src/stm32h7xx_hal_tim.o
                               0x1eec (size before relaxing)
 .debug_str     0x0000479b      0x6a3 CM4/TouchGFX/build/STM32H747I_DISCO/Drivers/STM32H7xx_HAL_Driver/Src/stm32h7xx_hal_tim_ex.o
                               0x17f9 (size before relaxing)
 .debug_str     0x00004e3e      0x534 CM4/TouchGFX/build/STM32H747I_DISCO/CM4/Core/Src/main.o
                               0x2258 (size before relaxing)
 .debug_str     0x00005372       0xfc CM4/TouchGFX/build/STM32H747I_DISCO/CM4/Core/Src/stm32h7xx_it.o
                               0x125e (size before relaxing)
 .debug_str     0x0000546e      0x3ca CM4/TouchGFX/build/STM32H747I_DISCO/CM4/Core/Src/stm32h7xx_hal_msp.o
                               0x211f (size before relaxing)
 .debug_str     0x00005838       0xaf CM4/TouchGFX/build/STM32H747I_DISCO/STM32CubeIDE/CM4/Application/User/Core/sysmem.o
                                0x687 (size before relaxing)
 .debug_str     0x000058e7       0x55 CM4/TouchGFX/build/STM32H747I_DISCO/Common/Src/system_stm32h7xx_dualcore_boot_cm4_cm7.o
                                0xbca (size before relaxing)
 .debug_str     0x0000593c       0x50 CM4/TouchGFX/build/STM32H747I_DISCO/STM32CubeIDE/CM4/Application/User/Startup/startup_stm32h747xihx.o
                                 0x74 (size before relaxing)

.comment        0x00000000       0x7f
 .comment       0x00000000       0x7f CM4/TouchGFX/build/STM32H747I_DISCO/Drivers/STM32H7xx_HAL_Driver/Src/stm32h7xx_hal.o
                                 0x80 (size before relaxing)
 .comment       0x0000007f       0x80 CM4/TouchGFX/build/STM32H747I_DISCO/Drivers/STM32H7xx_HAL_Driver/Src/stm32h7xx_hal_cortex.o
 .comment       0x0000007f       0x80 CM4/TouchGFX/build/STM32H747I_DISCO/Drivers/STM32H7xx_HAL_Driver/Src/stm32h7xx_hal_dma.o
 .comment       0x0000007f       0x80 CM4/TouchGFX/build/STM32H747I_DISCO/Drivers/STM32H7xx_HAL_Driver/Src/stm32h7xx_hal_gpio.o
 .comment       0x0000007f       0x80 CM4/TouchGFX/build/STM32H747I_DISCO/Drivers/STM32H7xx_HAL_Driver/Src/stm32h7xx_hal_hsem.o
 .comment       0x0000007f       0x80 CM4/TouchGFX/build/STM32H747I_DISCO/Drivers/STM32H7xx_HAL_Driver/Src/stm32h7xx_hal_pwr_ex.o
 .comment       0x0000007f       0x80 CM4/TouchGFX/build/STM32H747I_DISCO/Drivers/STM32H7xx_HAL_Driver/Src/stm32h7xx_hal_rcc.o
 .comment       0x0000007f       0x80 CM4/TouchGFX/build/STM32H747I_DISCO/Drivers/STM32H7xx_HAL_Driver/Src/stm32h7xx_hal_tim.o
 .comment       0x0000007f       0x80 CM4/TouchGFX/build/STM32H747I_DISCO/Drivers/STM32H7xx_HAL_Driver/Src/stm32h7xx_hal_tim_ex.o
 .comment       0x0000007f       0x80 CM4/TouchGFX/build/STM32H747I_DISCO/CM4/Core/Src/main.o
 .comment       0x0000007f       0x80 CM4/TouchGFX/build/STM32H747I_DISCO/CM4/Core/Src/stm32h7xx_it.o
 .comment       0x0000007f       0x80 CM4/TouchGFX/build/STM32H747I_DISCO/CM4/Core/Src/stm32h7xx_hal_msp.o
 .comment       0x0000007f       0x80 CM4/TouchGFX/build/STM32H747I_DISCO/STM32CubeIDE/CM4/Application/User/Core/sysmem.o
 .comment       0x0000007f       0x80 CM4/TouchGFX/build/STM32H747I_DISCO/Common/Src/system_stm32h7xx_dualcore_boot_cm4_cm7.o

.debug_frame    0x00000000     0x2c90
 .debug_frame   0x00000000      0x454 CM4/TouchGFX/build/STM32H747I_DISCO/Drivers/STM32H7xx_HAL_Driver/Src/stm32h7xx_hal.o
 .debug_frame   0x00000454      0x180 CM4/TouchGFX/build/STM32H747I_DISCO/Drivers/STM32H7xx_HAL_Driver/Src/stm32h7xx_hal_cortex.o
 .debug_frame   0x000005d4      0x1c4 CM4/TouchGFX/build/STM32H747I_DISCO/Drivers/STM32H7xx_HAL_Driver/Src/stm32h7xx_hal_dma.o
 .debug_frame   0x00000798       0xd8 CM4/TouchGFX/build/STM32H747I_DISCO/Drivers/STM32H7xx_HAL_Driver/Src/stm32h7xx_hal_gpio.o
 .debug_frame   0x00000870       0xc8 CM4/TouchGFX/build/STM32H747I_DISCO/Drivers/STM32H7xx_HAL_Driver/Src/stm32h7xx_hal_hsem.o
 .debug_frame   0x00000938      0x344 CM4/TouchGFX/build/STM32H747I_DISCO/Drivers/STM32H7xx_HAL_Driver/Src/stm32h7xx_hal_pwr_ex.o
 .debug_frame   0x00000c7c      0x170 CM4/TouchGFX/build/STM32H747I_DISCO/Drivers/STM32H7xx_HAL_Driver/Src/stm32h7xx_hal_rcc.o
 .debug_frame   0x00000dec      0xa24 CM4/TouchGFX/build/STM32H747I_DISCO/Drivers/STM32H7xx_HAL_Driver/Src/stm32h7xx_hal_tim.o
 .debug_frame   0x00001810      0x428 CM4/TouchGFX/build/STM32H747I_DISCO/Drivers/STM32H7xx_HAL_Driver/Src/stm32h7xx_hal_tim_ex.o
 .debug_frame   0x00001c38      0x120 CM4/TouchGFX/build/STM32H747I_DISCO/CM4/Core/Src/main.o
 .debug_frame   0x00001d58       0xd0 CM4/TouchGFX/build/STM32H747I_DISCO/CM4/Core/Src/stm32h7xx_it.o
 .debug_frame   0x00001e28       0xc0 CM4/TouchGFX/build/STM32H747I_DISCO/CM4/Core/Src/stm32h7xx_hal_msp.o
 .debug_frame   0x00001ee8       0x28 CM4/TouchGFX/build/STM32H747I_DISCO/STM32CubeIDE/CM4/Application/User/Core/sysmem.o
 .debug_frame   0x00001f10       0x38 CM4/TouchGFX/build/STM32H747I_DISCO/Common/Src/system_stm32h7xx_dualcore_boot_cm4_cm7.o
 .debug_frame   0x00001f48       0x30 c:/touchgfx/4.24.1/env/mingw/msys/1.0/gnu-arm-gcc/bin/../lib/gcc/arm-none-eabi/7.3.1/../../../../arm-none-eabi/lib/thumb/v7e-m/fpv4-sp/hard\libc.a(lib_a-atoi.o)
 .debug_frame   0x00001f78       0x20 c:/touchgfx/4.24.1/env/mingw/msys/1.0/gnu-arm-gcc/bin/../lib/gcc/arm-none-eabi/7.3.1/../../../../arm-none-eabi/lib/thumb/v7e-m/fpv4-sp/hard\libc.a(lib_a-errno.o)
 .debug_frame   0x00001f98       0x2c c:/touchgfx/4.24.1/env/mingw/msys/1.0/gnu-arm-gcc/bin/../lib/gcc/arm-none-eabi/7.3.1/../../../../arm-none-eabi/lib/thumb/v7e-m/fpv4-sp/hard\libc.a(lib_a-init.o)
 .debug_frame   0x00001fc4       0x38 c:/touchgfx/4.24.1/env/mingw/msys/1.0/gnu-arm-gcc/bin/../lib/gcc/arm-none-eabi/7.3.1/../../../../arm-none-eabi/lib/thumb/v7e-m/fpv4-sp/hard\libc.a(lib_a-memset.o)
 .debug_frame   0x00001ffc       0x80 c:/touchgfx/4.24.1/env/mingw/msys/1.0/gnu-arm-gcc/bin/../lib/gcc/arm-none-eabi/7.3.1/../../../../arm-none-eabi/lib/thumb/v7e-m/fpv4-sp/hard\libc.a(lib_a-sprintf.o)
 .debug_frame   0x0000207c       0x98 c:/touchgfx/4.24.1/env/mingw/msys/1.0/gnu-arm-gcc/bin/../lib/gcc/arm-none-eabi/7.3.1/../../../../arm-none-eabi/lib/thumb/v7e-m/fpv4-sp/hard\libc.a(lib_a-strtol.o)
 .debug_frame   0x00002114       0x40 c:/touchgfx/4.24.1/env/mingw/msys/1.0/gnu-arm-gcc/bin/../lib/gcc/arm-none-eabi/7.3.1/../../../../arm-none-eabi/lib/thumb/v7e-m/fpv4-sp/hard\libc.a(lib_a-svfprintf.o)
 .debug_frame   0x00002154       0x5c c:/touchgfx/4.24.1/env/mingw/msys/1.0/gnu-arm-gcc/bin/../lib/gcc/arm-none-eabi/7.3.1/../../../../arm-none-eabi/lib/thumb/v7e-m/fpv4-sp/hard\libc.a(lib_a-__call_atexit.o)
 .debug_frame   0x000021b0       0x20 c:/touchgfx/4.24.1/env/mingw/msys/1.0/gnu-arm-gcc/bin/../lib/gcc/arm-none-eabi/7.3.1/../../../../arm-none-eabi/lib/thumb/v7e-m/fpv4-sp/hard\libc.a(lib_a-atexit.o)
 .debug_frame   0x000021d0       0x88 c:/touchgfx/4.24.1/env/mingw/msys/1.0/gnu-arm-gcc/bin/../lib/gcc/arm-none-eabi/7.3.1/../../../../arm-none-eabi/lib/thumb/v7e-m/fpv4-sp/hard\libc.a(lib_a-dtoa.o)
 .debug_frame   0x00002258       0x34 c:/touchgfx/4.24.1/env/mingw/msys/1.0/gnu-arm-gcc/bin/../lib/gcc/arm-none-eabi/7.3.1/../../../../arm-none-eabi/lib/thumb/v7e-m/fpv4-sp/hard\libc.a(lib_a-fini.o)
 .debug_frame   0x0000228c       0x80 c:/touchgfx/4.24.1/env/mingw/msys/1.0/gnu-arm-gcc/bin/../lib/gcc/arm-none-eabi/7.3.1/../../../../arm-none-eabi/lib/thumb/v7e-m/fpv4-sp/hard\libc.a(lib_a-freer.o)
 .debug_frame   0x0000230c       0x6c c:/touchgfx/4.24.1/env/mingw/msys/1.0/gnu-arm-gcc/bin/../lib/gcc/arm-none-eabi/7.3.1/../../../../arm-none-eabi/lib/thumb/v7e-m/fpv4-sp/hard\libc.a(lib_a-locale.o)
 .debug_frame   0x00002378       0x40 c:/touchgfx/4.24.1/env/mingw/msys/1.0/gnu-arm-gcc/bin/../lib/gcc/arm-none-eabi/7.3.1/../../../../arm-none-eabi/lib/thumb/v7e-m/fpv4-sp/hard\libc.a(lib_a-localeconv.o)
 .debug_frame   0x000023b8       0xb0 c:/touchgfx/4.24.1/env/mingw/msys/1.0/gnu-arm-gcc/bin/../lib/gcc/arm-none-eabi/7.3.1/../../../../arm-none-eabi/lib/thumb/v7e-m/fpv4-sp/hard\libc.a(lib_a-lock.o)
 .debug_frame   0x00002468       0x54 c:/touchgfx/4.24.1/env/mingw/msys/1.0/gnu-arm-gcc/bin/../lib/gcc/arm-none-eabi/7.3.1/../../../../arm-none-eabi/lib/thumb/v7e-m/fpv4-sp/hard\libc.a(lib_a-mallocr.o)