C:/TouchGFXProjects/MyApplication_8/CM4/Core/Src/main.c:122:5:main	3
C:/TouchGFXProjects/MyApplication_8/CM4/Core/Src/main.c:269:13:MX_TIM1_Init	9
C:/TouchGFXProjects/MyApplication_8/CM4/Core/Src/main.c:357:13:MX_TIM4_Init	6
C:/TouchGFXProjects/MyApplication_8/CM4/Core/Src/main.c:415:13:MX_USART1_UART_Init	5
C:/TouchGFXProjects/MyApplication_8/CM4/Core/Src/main.c:461:13:MX_DMA_Init	1
C:/TouchGFXProjects/MyApplication_8/CM4/Core/Src/main.c:477:13:MX_MDMA_Init	1
C:/TouchGFXProjects/MyApplication_8/CM4/Core/Src/main.c:491:13:MX_GPIO_Init	1
C:/TouchGFXProjects/MyApplication_8/CM4/Core/Src/main.c:516:6:vApplicationStackOverflowHook	1
C:/TouchGFXProjects/MyApplication_8/CM4/Core/Src/main.c:530:6:StartDefaultTask	1
C:/TouchGFXProjects/MyApplication_8/CM4/Core/Src/main.c:545:6:Error_Handler	1
