C:/TouchGFXProjects/MyApplication_8/CM4/Core/Src/main.c:122:5:main	16	static
C:/TouchGFXProjects/MyApplication_8/CM4/Core/Src/main.c:269:13:MX_TIM1_Init	112	static
C:/TouchGFXProjects/MyApplication_8/CM4/Core/Src/main.c:357:13:MX_TIM4_Init	64	static
C:/TouchGFXProjects/MyApplication_8/CM4/Core/Src/main.c:415:13:MX_USART1_UART_Init	8	static
C:/TouchGFXProjects/MyApplication_8/CM4/Core/Src/main.c:461:13:MX_DMA_Init	16	static
C:/TouchGFXProjects/MyApplication_8/CM4/Core/Src/main.c:477:13:MX_MDMA_Init	16	static
C:/TouchGFXProjects/MyApplication_8/CM4/Core/Src/main.c:491:13:MX_GPIO_Init	48	static
C:/TouchGFXProjects/MyApplication_8/CM4/Core/Src/main.c:516:6:vApplicationStackOverflowHook	16	static
C:/TouchGFXProjects/MyApplication_8/CM4/Core/Src/main.c:530:6:StartDefaultTask	16	static
C:/TouchGFXProjects/MyApplication_8/CM4/Core/Src/main.c:545:6:Error_Handler	4	static,ignoring_inline_asm
