Archive member included to satisfy reference by file (symbol)

C:/ST/STM32CubeIDE_1.16.1/STM32CubeIDE/plugins/com.st.stm32cube.ide.mcu.externaltools.gnu-tools-for-stm32.12.3.rel1.win32_1.0.200.202406191623/tools/bin/../lib/gcc/arm-none-eabi/12.3.1/../../../../arm-none-eabi/lib/thumb/v7e-m+fp/hard\libc_nano.a(libc_a-exit.o)
                              C:/ST/STM32CubeIDE_1.16.1/STM32CubeIDE/plugins/com.st.stm32cube.ide.mcu.externaltools.gnu-tools-for-stm32.12.3.rel1.win32_1.0.200.202406191623/tools/bin/../lib/gcc/arm-none-eabi/12.3.1/../../../../arm-none-eabi/lib/thumb/v7e-m+fp/hard/crt0.o (exit)
C:/ST/STM32CubeIDE_1.16.1/STM32CubeIDE/plugins/com.st.stm32cube.ide.mcu.externaltools.gnu-tools-for-stm32.12.3.rel1.win32_1.0.200.202406191623/tools/bin/../lib/gcc/arm-none-eabi/12.3.1/../../../../arm-none-eabi/lib/thumb/v7e-m+fp/hard\libc_nano.a(libc_a-findfp.o)
                              ./Middlewares/FreeRTOS/tasks.o (__sf)
C:/ST/STM32CubeIDE_1.16.1/STM32CubeIDE/plugins/com.st.stm32cube.ide.mcu.externaltools.gnu-tools-for-stm32.12.3.rel1.win32_1.0.200.202406191623/tools/bin/../lib/gcc/arm-none-eabi/12.3.1/../../../../arm-none-eabi/lib/thumb/v7e-m+fp/hard\libc_nano.a(libc_a-fwalk.o)
                              C:/ST/STM32CubeIDE_1.16.1/STM32CubeIDE/plugins/com.st.stm32cube.ide.mcu.externaltools.gnu-tools-for-stm32.12.3.rel1.win32_1.0.200.202406191623/tools/bin/../lib/gcc/arm-none-eabi/12.3.1/../../../../arm-none-eabi/lib/thumb/v7e-m+fp/hard\libc_nano.a(libc_a-findfp.o) (_fwalk_sglue)
C:/ST/STM32CubeIDE_1.16.1/STM32CubeIDE/plugins/com.st.stm32cube.ide.mcu.externaltools.gnu-tools-for-stm32.12.3.rel1.win32_1.0.200.202406191623/tools/bin/../lib/gcc/arm-none-eabi/12.3.1/../../../../arm-none-eabi/lib/thumb/v7e-m+fp/hard\libc_nano.a(libc_a-sprintf.o)
                              ./Application/User/Core/Network.o (sprintf)
C:/ST/STM32CubeIDE_1.16.1/STM32CubeIDE/plugins/com.st.stm32cube.ide.mcu.externaltools.gnu-tools-for-stm32.12.3.rel1.win32_1.0.200.202406191623/tools/bin/../lib/gcc/arm-none-eabi/12.3.1/../../../../arm-none-eabi/lib/thumb/v7e-m+fp/hard\libc_nano.a(libc_a-stdio.o)
                              C:/ST/STM32CubeIDE_1.16.1/STM32CubeIDE/plugins/com.st.stm32cube.ide.mcu.externaltools.gnu-tools-for-stm32.12.3.rel1.win32_1.0.200.202406191623/tools/bin/../lib/gcc/arm-none-eabi/12.3.1/../../../../arm-none-eabi/lib/thumb/v7e-m+fp/hard\libc_nano.a(libc_a-findfp.o) (__sread)
C:/ST/STM32CubeIDE_1.16.1/STM32CubeIDE/plugins/com.st.stm32cube.ide.mcu.externaltools.gnu-tools-for-stm32.12.3.rel1.win32_1.0.200.202406191623/tools/bin/../lib/gcc/arm-none-eabi/12.3.1/../../../../arm-none-eabi/lib/thumb/v7e-m+fp/hard\libc_nano.a(libc_a-memmove.o)
                              ./Application/User/Core/GPS.o (memmove)
C:/ST/STM32CubeIDE_1.16.1/STM32CubeIDE/plugins/com.st.stm32cube.ide.mcu.externaltools.gnu-tools-for-stm32.12.3.rel1.win32_1.0.200.202406191623/tools/bin/../lib/gcc/arm-none-eabi/12.3.1/../../../../arm-none-eabi/lib/thumb/v7e-m+fp/hard\libc_nano.a(libc_a-memset.o)
                              C:/ST/STM32CubeIDE_1.16.1/STM32CubeIDE/plugins/com.st.stm32cube.ide.mcu.externaltools.gnu-tools-for-stm32.12.3.rel1.win32_1.0.200.202406191623/tools/bin/../lib/gcc/arm-none-eabi/12.3.1/../../../../arm-none-eabi/lib/thumb/v7e-m+fp/hard/crt0.o (memset)
C:/ST/STM32CubeIDE_1.16.1/STM32CubeIDE/plugins/com.st.stm32cube.ide.mcu.externaltools.gnu-tools-for-stm32.12.3.rel1.win32_1.0.200.202406191623/tools/bin/../lib/gcc/arm-none-eabi/12.3.1/../../../../arm-none-eabi/lib/thumb/v7e-m+fp/hard\libc_nano.a(libc_a-strchr.o)
                              ./Application/User/Core/GPS.o (strchr)
C:/ST/STM32CubeIDE_1.16.1/STM32CubeIDE/plugins/com.st.stm32cube.ide.mcu.externaltools.gnu-tools-for-stm32.12.3.rel1.win32_1.0.200.202406191623/tools/bin/../lib/gcc/arm-none-eabi/12.3.1/../../../../arm-none-eabi/lib/thumb/v7e-m+fp/hard\libc_nano.a(libc_a-strncpy.o)
                              ./Application/User/Core/GPS.o (strncpy)
C:/ST/STM32CubeIDE_1.16.1/STM32CubeIDE/plugins/com.st.stm32cube.ide.mcu.externaltools.gnu-tools-for-stm32.12.3.rel1.win32_1.0.200.202406191623/tools/bin/../lib/gcc/arm-none-eabi/12.3.1/../../../../arm-none-eabi/lib/thumb/v7e-m+fp/hard\libc_nano.a(libc_a-strstr.o)
                              ./Application/User/Core/GPS.o (strstr)
C:/ST/STM32CubeIDE_1.16.1/STM32CubeIDE/plugins/com.st.stm32cube.ide.mcu.externaltools.gnu-tools-for-stm32.12.3.rel1.win32_1.0.200.202406191623/tools/bin/../lib/gcc/arm-none-eabi/12.3.1/../../../../arm-none-eabi/lib/thumb/v7e-m+fp/hard\libc_nano.a(libc_a-closer.o)
                              C:/ST/STM32CubeIDE_1.16.1/STM32CubeIDE/plugins/com.st.stm32cube.ide.mcu.externaltools.gnu-tools-for-stm32.12.3.rel1.win32_1.0.200.202406191623/tools/bin/../lib/gcc/arm-none-eabi/12.3.1/../../../../arm-none-eabi/lib/thumb/v7e-m+fp/hard\libc_nano.a(libc_a-stdio.o) (_close_r)
[...]
Memory Configuration

Name             Origin             Length             Attributes
FLASH            0x08100000         0x00100000         xr
RAM              0x10000000         0x00048000         xrw
*default*        0x00000000         0xffffffff

Linker script and memory map

LOAD C:/ST/STM32CubeIDE_1.16.1/STM32CubeIDE/plugins/com.st.stm32cube.ide.mcu.externaltools.gnu-tools-for-stm32.12.3.rel1.win32_1.0.200.202406191623/tools/bin/../lib/gcc/arm-none-eabi/12.3.1/thumb/v7e-m+fp/hard/crti.o
LOAD C:/ST/STM32CubeIDE_1.16.1/STM32CubeIDE/plugins/com.st.stm32cube.ide.mcu.externaltools.gnu-tools-for-stm32.12.3.rel1.win32_1.0.200.202406191623/tools/bin/../lib/gcc/arm-none-eabi/12.3.1/thumb/v7e-m+fp/hard/crtbegin.o
LOAD C:/ST/STM32CubeIDE_1.16.1/STM32CubeIDE/plugins/com.st.stm32cube.ide.mcu.externaltools.gnu-tools-for-stm32.12.3.rel1.win32_1.0.200.202406191623/tools/bin/../lib/gcc/arm-none-eabi/12.3.1/../../../../arm-none-eabi/lib/thumb/v7e-m+fp/hard/crt0.o
LOAD ./Application/User/Core/Commutation.o
LOAD ./Application/User/Core/GPS.o
LOAD ./Application/User/Core/Network.o
LOAD ./Application/User/Core/ServiceLayer.o
LOAD ./Application/User/Core/Task_.o
LOAD ./Application/User/Core/freertos.o
LOAD ./Application/User/Core/main.o
LOAD ./Application/User/Core/stm32h7xx_hal_msp.o
LOAD ./Application/User/Core/stm32h7xx_hal_timebase_tim.o
LOAD ./Application/User/Core/stm32h7xx_it.o
LOAD ./Application/User/Core/syscalls.o
LOAD ./Application/User/Core/sysmem.o
LOAD ./Application/User/Startup/startup_stm32h747xihx.o
LOAD ./Drivers/CMSIS/system_stm32h7xx_dualcore_boot_cm4_cm7.o
LOAD ./Drivers/STM32H7xx_HAL_Driver/stm32h7xx_hal.o
LOAD ./Drivers/STM32H7xx_HAL_Driver/stm32h7xx_hal_cortex.o
LOAD ./Drivers/STM32H7xx_HAL_Driver/stm32h7xx_hal_dma.o
LOAD ./Drivers/STM32H7xx_HAL_Driver/stm32h7xx_hal_dma_ex.o
LOAD ./Drivers/STM32H7xx_HAL_Driver/stm32h7xx_hal_exti.o
LOAD ./Drivers/STM32H7xx_HAL_Driver/stm32h7xx_hal_flash.o
LOAD ./Drivers/STM32H7xx_HAL_Driver/stm32h7xx_hal_flash_ex.o
LOAD ./Drivers/STM32H7xx_HAL_Driver/stm32h7xx_hal_gpio.o
LOAD ./Drivers/STM32H7xx_HAL_Driver/stm32h7xx_hal_hsem.o
LOAD ./Drivers/STM32H7xx_HAL_Driver/stm32h7xx_hal_i2c.o
LOAD ./Drivers/STM32H7xx_HAL_Driver/stm32h7xx_hal_i2c_ex.o
LOAD ./Drivers/STM32H7xx_HAL_Driver/stm32h7xx_hal_mdma.o
LOAD ./Drivers/STM32H7xx_HAL_Driver/stm32h7xx_hal_pwr.o
LOAD ./Drivers/STM32H7xx_HAL_Driver/stm32h7xx_hal_pwr_ex.o
LOAD ./Drivers/STM32H7xx_HAL_Driver/stm32h7xx_hal_rcc.o
LOAD ./Drivers/STM32H7xx_HAL_Driver/stm32h7xx_hal_rcc_ex.o
LOAD ./Drivers/STM32H7xx_HAL_Driver/stm32h7xx_hal_tim.o
LOAD ./Drivers/STM32H7xx_HAL_Driver/stm32h7xx_hal_tim_ex.o
LOAD ./Drivers/STM32H7xx_HAL_Driver/stm32h7xx_hal_uart.o
LOAD ./Drivers/STM32H7xx_HAL_Driver/stm32h7xx_hal_uart_ex.o
LOAD ./Middlewares/FreeRTOS/cmsis_os2.o
LOAD ./Middlewares/FreeRTOS/croutine.o
LOAD ./Middlewares/FreeRTOS/event_groups.o
LOAD ./Middlewares/FreeRTOS/heap_4.o
LOAD ./Middlewares/FreeRTOS/list.o
LOAD ./Middlewares/FreeRTOS/port.o
LOAD ./Middlewares/FreeRTOS/queue.o
LOAD ./Middlewares/FreeRTOS/stream_buffer.o
LOAD ./Middlewares/FreeRTOS/tasks.o
LOAD ./Middlewares/FreeRTOS/timers.o
START GROUP
LOAD C:/ST/STM32CubeIDE_1.16.1/STM32CubeIDE/plugins/com.st.stm32cube.ide.mcu.externaltools.gnu-tools-for-stm32.12.3.rel1.win32_1.0.200.202406191623/tools/bin/../lib/gcc/arm-none-eabi/12.3.1/../../../../arm-none-eabi/lib/thumb/v7e-m+fp/hard\libstdc++_nano.a
LOAD C:/ST/STM32CubeIDE_1.16.1/STM32CubeIDE/plugins/com.st.stm32cube.ide.mcu.externaltools.gnu-tools-for-stm32.12.3.rel1.win32_1.0.200.202406191623/tools/bin/../lib/gcc/arm-none-eabi/12.3.1/../../../../arm-none-eabi/lib/thumb/v7e-m+fp/hard\libsupc++_nano.a
END GROUP
LOAD C:/ST/STM32CubeIDE_1.16.1/STM32CubeIDE/plugins/com.st.stm32cube.ide.mcu.externaltools.gnu-tools-for-stm32.12.3.rel1.win32_1.0.200.202406191623/tools/bin/../lib/gcc/arm-none-eabi/12.3.1/../../../../arm-none-eabi/lib/thumb/v7e-m+fp/hard\libstdc++_nano.a
LOAD C:/ST/STM32CubeIDE_1.16.1/STM32CubeIDE/plugins/com.st.stm32cube.ide.mcu.externaltools.gnu-tools-for-stm32.12.3.rel1.win32_1.0.200.202406191623/tools/bin/../lib/gcc/arm-none-eabi/12.3.1/../../../../arm-none-eabi/lib/thumb/v7e-m+fp/hard\libm.a
LOAD C:/ST/STM32CubeIDE_1.16.1/STM32CubeIDE/plugins/com.st.stm32cube.ide.mcu.externaltools.gnu-tools-for-stm32.12.3.rel1.win32_1.0.200.202406191623/tools/bin/../lib/gcc/arm-none-eabi/12.3.1/../../../../arm-none-eabi/lib/thumb/v7e-m+fp/hard\libc_nano.a
START GROUP
LOAD C:/ST/STM32CubeIDE_1.16.1/STM32CubeIDE/plugins/com.st.stm32cube.ide.mcu.externaltools.gnu-tools-for-stm32.12.3.rel1.win32_1.0.200.202406191623/tools/bin/../lib/gcc/arm-none-eabi/12.3.1/thumb/v7e-m+fp/hard\libgcc.a
LOAD C:/ST/STM32CubeIDE_1.16.1/STM32CubeIDE/plugins/com.st.stm32cube.ide.mcu.externaltools.gnu-tools-for-stm32.12.3.rel1.win32_1.0.200.202406191623/tools/bin/../lib/gcc/arm-none-eabi/12.3.1/../../../../arm-none-eabi/lib/thumb/v7e-m+fp/hard\libc_nano.a
END GROUP
START GROUP
LOAD C:/ST/STM32CubeIDE_1.16.1/STM32CubeIDE/plugins/com.st.stm32cube.ide.mcu.externaltools.gnu-tools-for-stm32.12.3.rel1.win32_1.0.200.202406191623/tools/bin/../lib/gcc/arm-none-eabi/12.3.1/thumb/v7e-m+fp/hard\libgcc.a
LOAD C:/ST/STM32CubeIDE_1.16.1/STM32CubeIDE/plugins/com.st.stm32cube.ide.mcu.externaltools.gnu-tools-for-stm32.12.3.rel1.win32_1.0.200.202406191623/tools/bin/../lib/gcc/arm-none-eabi/12.3.1/../../../../arm-none-eabi/lib/thumb/v7e-m+fp/hard\libc_nano.a
LOAD C:/ST/STM32CubeIDE_1.16.1/STM32CubeIDE/plugins/com.st.stm32cube.ide.mcu.externaltools.gnu-tools-for-stm32.12.3.rel1.win32_1.0.200.202406191623/tools/bin/../lib/gcc/arm-none-eabi/12.3.1/../../../../arm-none-eabi/lib/thumb/v7e-m+fp/hard\libnosys.a
END GROUP
START GROUP
LOAD C:/ST/STM32CubeIDE_1.16.1/STM32CubeIDE/plugins/com.st.stm32cube.ide.mcu.externaltools.gnu-tools-for-stm32.12.3.rel1.win32_1.0.200.202406191623/tools/bin/../lib/gcc/arm-none-eabi/12.3.1/thumb/v7e-m+fp/hard\libgcc.a
LOAD C:/ST/STM32CubeIDE_1.16.1/STM32CubeIDE/plugins/com.st.stm32cube.ide.mcu.externaltools.gnu-tools-for-stm32.12.3.rel1.win32_1.0.200.202406191623/tools/bin/../lib/gcc/arm-none-eabi/12.3.1/../../../../arm-none-eabi/lib/thumb/v7e-m+fp/hard\libc_nano.a
LOAD C:/ST/STM32CubeIDE_1.16.1/STM32CubeIDE/plugins/com.st.stm32cube.ide.mcu.externaltools.gnu-tools-for-stm32.12.3.rel1.win32_1.0.200.202406191623/tools/bin/../lib/gcc/arm-none-eabi/12.3.1/../../../../arm-none-eabi/lib/thumb/v7e-m+fp/hard\libnosys.a
END GROUP
LOAD C:/ST/STM32CubeIDE_1.16.1/STM32CubeIDE/plugins/com.st.stm32cube.ide.mcu.externaltools.gnu-tools-for-stm32.12.3.rel1.win32_1.0.200.202406191623/tools/bin/../lib/gcc/arm-none-eabi/12.3.1/thumb/v7e-m+fp/hard/crtend.o
LOAD C:/ST/STM32CubeIDE_1.16.1/STM32CubeIDE/plugins/com.st.stm32cube.ide.mcu.externaltools.gnu-tools-for-stm32.12.3.rel1.win32_1.0.200.202406191623/tools/bin/../lib/gcc/arm-none-eabi/12.3.1/thumb/v7e-m+fp/hard/crtn.o
                0x10048000                        _estack = (ORIGIN (RAM) + LENGTH (RAM))
                0x00001000                        _Min_Heap_Size = 0x1000
                0x00001000                        _Min_Stack_Size = 0x1000

.isr_vector     0x08100000      0x298
                0x08100000                        . = ALIGN (0x4)
 *(.isr_vector)
 .isr_vector    0x08100000      0x298 ./Application/User/Startup/startup_stm32h747xihx.o
                0x08100000                g_pfnVectors
                0x08100298                        . = ALIGN (0x4)

.text           0x081002a0     0xf844
                0x081002a0                        . = ALIGN (0x4)
 *(.text)
 .text          0x081002a0       0x40 C:/ST/STM32CubeIDE_1.16.1/STM32CubeIDE/plugins/com.st.stm32cube.ide.mcu.externaltools.gnu-tools-for-stm32.12.3.rel1.win32_1.0.200.202406191623/tools/bin/../lib/gcc/arm-none-eabi/12.3.1/thumb/v7e-m+fp/hard/crtbegin.o
 .text          0x081002e0       0x10 C:/ST/STM32CubeIDE_1.16.1/STM32CubeIDE/plugins/com.st.stm32cube.ide.mcu.externaltools.gnu-tools-for-stm32.12.3.rel1.win32_1.0.200.202406191623/tools/bin/../lib/gcc/arm-none-eabi/12.3.1/../../../../arm-none-eabi/lib/thumb/v7e-m+fp/hard\libc_nano.a(libc_a-strlen.o)
                0x081002e0                strlen
 .text          0x081002f0       0xa0 C:/ST/STM32CubeIDE_1.16.1/STM32CubeIDE/plugins/com.st.stm32cube.ide.mcu.externaltools.gnu-tools-for-stm32.12.3.rel1.win32_1.0.200.202406191623/tools/bin/../lib/gcc/arm-none-eabi/12.3.1/../../../../arm-none-eabi/lib/thumb/v7e-m+fp/hard\libc_nano.a(libc_a-memchr.o)
                0x081002f0                memchr
 .text          0x08100390       0x30 C:/ST/STM32CubeIDE_1.16.1/STM32CubeIDE/plugins/com.st.stm32cube.ide.mcu.externaltools.gnu-tools-for-stm32.12.3.rel1.win32_1.0.200.202406191623/tools/bin/../lib/gcc/arm-none-eabi/12.3.1/thumb/v7e-m+fp/hard\libgcc.a(_aeabi_uldivmod.o)
                0x08100390                __aeabi_uldivmod
 .text          0x081003c0      0x2bc C:/ST/STM32CubeIDE_1.16.1/STM32CubeIDE/plugins/com.st.stm32cube.ide.mcu.externaltools.gnu-tools-for-stm32.12.3.rel1.win32_1.0.200.202406191623/tools/bin/../lib/gcc/arm-none-eabi/12.3.1/thumb/v7e-m+fp/hard\libgcc.a(_udivmoddi4.o)
                0x081003c0                __udivmoddi4
 .text          0x0810067c        0x4 C:/ST/STM32CubeIDE_1.16.1/STM32CubeIDE/plugins/com.st.stm32cube.ide.mcu.externaltools.gnu-tools-for-stm32.12.3.rel1.win32_1.0.200.202406191623/tools/bin/../lib/gcc/arm-none-eabi/12.3.1/thumb/v7e-m+fp/hard\libgcc.a(_dvmd_tls.o)
                0x0810067c                __aeabi_idiv0
                0x0810067c                __aeabi_ldiv0
 *(.text*)
 .text.HAL_TIM_PeriodElapsedCallback
                0x08100680      0x14c ./Application/User/Core/Commutation.o
                0x08100680                HAL_TIM_PeriodElapsedCallback
 .text.threeSine
                0x081007cc       0xac ./Application/User/Core/Commutation.o
                0x081007cc                threeSine
 .text.gps      0x08100878      0x3a4 ./Application/User/Core/GPS.o
                0x08100878                gps
 .text.NetworkInit
                0x08100c1c      0x6a0 ./Application/User/Core/Network.o
                0x08100c1c                NetworkInit
 .text.OpenSocket
                0x081012bc       0xa8 ./Application/User/Core/Network.o
                0x081012bc                OpenSocket
 .text.device_config
                0x08101364      0x180 ./Application/User/Core/Network.o
                0x08101364                device_config
 .text.SocketSendData
                0x081014e4      0x11c ./Application/User/Core/Network.o
                0x081014e4                SocketSendData
 .text.SocketReceiveData
                0x08101600       0x7c ./Application/User/Core/Network.o
                0x08101600                SocketReceiveData
 .text.HAL_UARTEx_RxEventCallback
                0x0810167c       0x2c ./Application/User/Core/ServiceLayer.o
                0x0810167c                HAL_UARTEx_RxEventCallback
 .text.HandleReceivedData
                0x081016a8       0xd4 ./Application/User/Core/ServiceLayer.o
                0x081016a8                HandleReceivedData
 .text.encodeServerData
                0x0810177c      0x1a8 ./Application/User/Core/ServiceLayer.o
                0x0810177c                encodeServerData
 .text.decodeServerData
                0x08101924      0x190 ./Application/User/Core/ServiceLayer.o
                0x08101924                decodeServerData
 .text.StartSendTask
                0x08101ab4       0x18 ./Application/User/Core/Task_.o
                0x08101ab4                StartSendTask
 .text.StartReceiveTask
                0x08101acc        0xe ./Application/User/Core/Task_.o
                0x08101acc                StartReceiveTask
 .text.StartGpsTask
                0x08101ada       0x18 ./Application/User/Core/Task_.o
                0x08101ada                StartGpsTask
 *fill*         0x08101af2        0x2 
 .text.main     0x08101af4      0x208 ./Application/User/Core/main.o
                0x08101af4                main
 .text.MX_TIM1_Init
                0x08101cfc      0x188 ./Application/User/Core/main.o
 .text.MX_TIM4_Init
                0x08101e84       0xe8 ./Application/User/Core/main.o
 .text.MX_USART1_UART_Init
                0x08101f6c       0x98 ./Application/User/Core/main.o
 .text.MX_DMA_Init
                0x08102004       0x40 ./Application/User/Core/main.o
 .text.MX_MDMA_Init
                0x08102044       0x34 ./Application/User/Core/main.o
 .text.MX_GPIO_Init
                0x08102078       0xc0 ./Application/User/Core/main.o
 .text.StartDefaultTask
                0x08102138       0x10 ./Application/User/Core/main.o
                0x08102138                StartDefaultTask
 .text.Error_Handler
                0x08102148        0xc ./Application/User/Core/main.o
                0x08102148                Error_Handler
 .text.HAL_MspInit
                0x08102154       0x3c ./Application/User/Core/stm32h7xx_hal_msp.o
                0x08102154                HAL_MspInit
 .text.HAL_TIM_Base_MspInit
                0x08102190       0x80 ./Application/User/Core/stm32h7xx_hal_msp.o
                0x08102190                HAL_TIM_Base_MspInit
 .text.HAL_TIM_MspPostInit
                0x08102210       0xb8 ./Application/User/Core/stm32h7xx_hal_msp.o
                0x08102210                HAL_TIM_MspPostInit
 .text.HAL_UART_MspInit
                0x081022c8      0x148 ./Application/User/Core/stm32h7xx_hal_msp.o
                0x081022c8                HAL_UART_MspInit
 .text.HAL_InitTick
                0x08102410       0xd8 ./Application/User/Core/stm32h7xx_hal_timebase_tim.o
                0x08102410                HAL_InitTick
 .text.NMI_Handler
                0x081024e8        0x8 ./Application/User/Core/stm32h7xx_it.o
                0x081024e8                NMI_Handler
 .text.HardFault_Handler
                0x081024f0        0x8 ./Application/User/Core/stm32h7xx_it.o
                0x081024f0                HardFault_Handler
 .text.MemManage_Handler
                0x081024f8        0x8 ./Application/User/Core/stm32h7xx_it.o
                0x081024f8                MemManage_Handler
 .text.BusFault_Handler
                0x08102500        0x8 ./Application/User/Core/stm32h7xx_it.o
                0x08102500                BusFault_Handler
 .text.UsageFault_Handler
                0x08102508        0x8 ./Application/User/Core/stm32h7xx_it.o
                0x08102508                UsageFault_Handler
 .text.DebugMon_Handler
                0x08102510        0xe ./Application/User/Core/stm32h7xx_it.o
                0x08102510                DebugMon_Handler
 *fill*         0x0810251e        0x2 
 .text.DMA1_Stream1_IRQHandler
                0x08102520       0x14 ./Application/User/Core/stm32h7xx_it.o
                0x08102520                DMA1_Stream1_IRQHandler
 .text.TIM4_IRQHandler
                0x08102534       0x14 ./Application/User/Core/stm32h7xx_it.o
                0x08102534                TIM4_IRQHandler
 .text.USART1_IRQHandler
                0x08102548       0x14 ./Application/User/Core/stm32h7xx_it.o
                0x08102548                USART1_IRQHandler
 .text.TIM5_IRQHandler
                0x0810255c       0x14 ./Application/User/Core/stm32h7xx_it.o
                0x0810255c                TIM5_IRQHandler
 .text._sbrk    0x08102570       0x6c ./Application/User/Core/sysmem.o
                0x08102570                _sbrk
 .text.Reset_Handler
                0x081025dc       0x50 ./Application/User/Startup/startup_stm32h747xihx.o
                0x081025dc                Reset_Handler
 .text.Default_Handler
                0x0810262c        0x2 ./Application/User/Startup/startup_stm32h747xihx.o
                0x0810262c                RTC_Alarm_IRQHandler
                0x0810262c                EXTI2_IRQHandler
                0x0810262c                TIM8_CC_IRQHandler
                0x0810262c                HRTIM1_Master_IRQHandler
                0x0810262c                UART8_IRQHandler
                0x0810262c                SPI4_IRQHandler
                0x0810262c                TIM1_CC_IRQHandler
                0x0810262c                BDMA_Channel6_IRQHandler
                0x0810262c                DMA2_Stream5_IRQHandler
                0x0810262c                HRTIM1_FLT_IRQHandler
                0x0810262c                JPEG_IRQHandler
                0x0810262c                DMA1_Stream5_IRQHandler
                0x0810262c                BDMA_Channel1_IRQHandler
                0x0810262c                HRTIM1_TIMD_IRQHandler
                0x0810262c                TAMP_STAMP_IRQHandler
                0x0810262c                EXTI3_IRQHandler
                0x0810262c                LPTIM4_IRQHandler
                0x0810262c                TIM8_TRG_COM_TIM14_IRQHandler
                0x0810262c                LPTIM2_IRQHandler
                0x0810262c                DFSDM1_FLT1_IRQHandler
                0x0810262c                DMAMUX2_OVR_IRQHandler
                0x0810262c                TIM8_UP_TIM13_IRQHandler
                0x0810262c                I2C3_ER_IRQHandler
                0x0810262c                DFSDM1_FLT2_IRQHandler
                0x0810262c                MDMA_IRQHandler
                0x0810262c                LPTIM3_IRQHandler
                0x0810262c                HSEM1_IRQHandler
                0x0810262c                EXTI0_IRQHandler
                0x0810262c                I2C2_EV_IRQHandler
                0x0810262c                DMA1_Stream2_IRQHandler
                0x0810262c                FPU_IRQHandler
                0x0810262c                OTG_HS_WKUP_IRQHandler
                0x0810262c                FDCAN1_IT1_IRQHandler
                0x0810262c                LTDC_ER_IRQHandler
                0x0810262c                DMA2_Stream2_IRQHandler
                0x0810262c                HRTIM1_TIME_IRQHandler
                0x0810262c                SPI1_IRQHandler
                0x0810262c                TIM6_DAC_IRQHandler
                0x0810262c                DCMI_IRQHandler
                0x0810262c                HRTIM1_TIMC_IRQHandler
                0x0810262c                DMA2_Stream3_IRQHandler
                0x0810262c                SAI2_IRQHandler
                0x0810262c                DFSDM1_FLT3_IRQHandler
                0x0810262c                USART6_IRQHandler
                0x0810262c                TIM17_IRQHandler
                0x0810262c                USART3_IRQHandler
                0x0810262c                BDMA_Channel7_IRQHandler
                0x0810262c                LPTIM5_IRQHandler
                0x0810262c                UART5_IRQHandler
                0x0810262c                ADC3_IRQHandler
                0x0810262c                DMA2_Stream0_IRQHandler
                0x0810262c                BDMA_Channel2_IRQHandler
                0x0810262c                QUADSPI_IRQHandler
                0x0810262c                I2C1_EV_IRQHandler
                0x0810262c                DMA1_Stream6_IRQHandler
                0x0810262c                DMAMUX1_OVR_IRQHandler
                0x0810262c                TIM16_IRQHandler
                0x0810262c                UART4_IRQHandler
                0x0810262c                BDMA_Channel5_IRQHandler
                0x0810262c                TIM3_IRQHandler
                0x0810262c                RCC_IRQHandler
                0x0810262c                TIM8_BRK_TIM12_IRQHandler
                0x0810262c                TIM1_TRG_COM_IRQHandler
                0x0810262c                Default_Handler
                0x0810262c                ECC_IRQHandler
                0x0810262c                CEC_IRQHandler
                0x0810262c                EXTI15_10_IRQHandler
                0x0810262c                BDMA_Channel0_IRQHandler
                0x0810262c                ADC_IRQHandler
                0x0810262c                DMA1_Stream7_IRQHandler
                0x0810262c                HRTIM1_TIMA_IRQHandler
                0x0810262c                SPI5_IRQHandler
                0x0810262c                TIM7_IRQHandler
                0x0810262c                SDMMC1_IRQHandler
                0x0810262c                DMA2_Stream7_IRQHandler
                0x0810262c                TIM15_IRQHandler
                0x0810262c                PVD_AVD_IRQHandler
                0x0810262c                I2C3_EV_IRQHandler
                0x0810262c                EXTI9_5_IRQHandler
                0x0810262c                RTC_WKUP_IRQHandler
                0x0810262c                LTDC_IRQHandler
                0x0810262c                SAI3_IRQHandler
                0x0810262c                ETH_WKUP_IRQHandler
                0x0810262c                SPDIF_RX_IRQHandler
                0x0810262c                SPI2_IRQHandler
                0x0810262c                OTG_HS_EP1_IN_IRQHandler
                0x0810262c                DMA1_Stream0_IRQHandler
                0x0810262c                CRS_IRQHandler
                0x0810262c                CM7_SEV_IRQHandler
                0x0810262c                EXTI4_IRQHandler
                0x0810262c                RNG_IRQHandler
                0x0810262c                CM4_SEV_IRQHandler
                0x0810262c                HRTIM1_TIMB_IRQHandler
                0x0810262c                FDCAN2_IT1_IRQHandler
                0x0810262c                DSI_IRQHandler
                0x0810262c                ETH_IRQHandler
                0x0810262c                TIM1_UP_IRQHandler
                0x0810262c                WWDG_RST_IRQHandler
                0x0810262c                BDMA_Channel4_IRQHandler
                0x0810262c                OTG_HS_EP1_OUT_IRQHandler
                0x0810262c                WWDG_IRQHandler
                0x0810262c                SPI6_IRQHandler
                0x0810262c                MDIOS_IRQHandler
                0x0810262c                I2C4_EV_IRQHandler
                0x0810262c                FDCAN2_IT0_IRQHandler
                0x0810262c                LPUART1_IRQHandler
                0x0810262c                FDCAN1_IT0_IRQHandler
                0x0810262c                TIM2_IRQHandler
                0x0810262c                OTG_FS_WKUP_IRQHandler
                0x0810262c                OTG_HS_IRQHandler
                0x0810262c                HSEM2_IRQHandler
                0x0810262c                DMA2D_IRQHandler
                0x0810262c                TIM1_BRK_IRQHandler
                0x0810262c                EXTI1_IRQHandler
                0x0810262c                SDMMC2_IRQHandler
                0x0810262c                OTG_FS_EP1_OUT_IRQHandler
                0x0810262c                BDMA_Channel3_IRQHandler
                0x0810262c                HOLD_CORE_IRQHandler
                0x0810262c                UART7_IRQHandler
                0x0810262c                MDIOS_WKUP_IRQHandler
                0x0810262c                USART2_IRQHandler
                0x0810262c                DFSDM1_FLT0_IRQHandler
                0x0810262c                SAI4_IRQHandler
                0x0810262c                I2C2_ER_IRQHandler
                0x0810262c                DMA2_Stream1_IRQHandler
                0x0810262c                FLASH_IRQHandler
                0x0810262c                DMA2_Stream4_IRQHandler
                0x0810262c                OTG_FS_IRQHandler
                0x0810262c                SPI3_IRQHandler
                0x0810262c                WAKEUP_PIN_IRQHandler
                0x0810262c                DMA1_Stream4_IRQHandler
                0x0810262c                OTG_FS_EP1_IN_IRQHandler
                0x0810262c                I2C1_ER_IRQHandler
                0x0810262c                FMC_IRQHandler
                0x0810262c                FDCAN_CAL_IRQHandler
                0x0810262c                SWPMI1_IRQHandler
                0x0810262c                COMP1_IRQHandler
                0x0810262c                LPTIM1_IRQHandler
                0x0810262c                I2C4_ER_IRQHandler
                0x0810262c                DMA2_Stream6_IRQHandler
                0x0810262c                SAI1_IRQHandler
                0x0810262c                DMA1_Stream3_IRQHandler
 *fill*         0x0810262e        0x2 
 .text.SystemInit
                0x08102630       0x38 ./Drivers/CMSIS/system_stm32h7xx_dualcore_boot_cm4_cm7.o
                0x08102630                SystemInit
 .text.HAL_Init
                0x08102668       0xbc ./Drivers/STM32H7xx_HAL_Driver/stm32h7xx_hal.o
                0x08102668                HAL_Init
 .text.HAL_IncTick
                0x08102724       0x28 ./Drivers/STM32H7xx_HAL_Driver/stm32h7xx_hal.o
                0x08102724                HAL_IncTick
 .text.HAL_GetTick
                0x0810274c       0x18 ./Drivers/STM32H7xx_HAL_Driver/stm32h7xx_hal.o
                0x0810274c                HAL_GetTick
 .text.__NVIC_SetPriorityGrouping
                0x08102764       0x48 ./Drivers/STM32H7xx_HAL_Driver/stm32h7xx_hal_cortex.o
 .text.__NVIC_GetPriorityGrouping
                0x081027ac       0x1c ./Drivers/STM32H7xx_HAL_Driver/stm32h7xx_hal_cortex.o
 .text.__NVIC_EnableIRQ
                0x081027c8       0x3c ./Drivers/STM32H7xx_HAL_Driver/stm32h7xx_hal_cortex.o
 .text.__NVIC_SetPriority
                0x08102804       0x54 ./Drivers/STM32H7xx_HAL_Driver/stm32h7xx_hal_cortex.o
 .text.NVIC_EncodePriority
                0x08102858       0x66 ./Drivers/STM32H7xx_HAL_Driver/stm32h7xx_hal_cortex.o
 .text.HAL_NVIC_SetPriorityGrouping
                0x081028be       0x16 ./Drivers/STM32H7xx_HAL_Driver/stm32h7xx_hal_cortex.o
                0x081028be                HAL_NVIC_SetPriorityGrouping
 .text.HAL_NVIC_SetPriority
                0x081028d4       0x34 ./Drivers/STM32H7xx_HAL_Driver/stm32h7xx_hal_cortex.o
                0x081028d4                HAL_NVIC_SetPriority
 .text.HAL_NVIC_EnableIRQ
                0x08102908       0x1c ./Drivers/STM32H7xx_HAL_Driver/stm32h7xx_hal_cortex.o
                0x08102908                HAL_NVIC_EnableIRQ
 .text.HAL_GetCurrentCPUID
                0x08102924       0x28 ./Drivers/STM32H7xx_HAL_Driver/stm32h7xx_hal_cortex.o
                0x08102924                HAL_GetCurrentCPUID
 .text.HAL_DMA_Init
                0x0810294c      0x6b4 ./Drivers/STM32H7xx_HAL_Driver/stm32h7xx_hal_dma.o
                0x0810294c                HAL_DMA_Init
 .text.HAL_DMA_Start_IT
                0x08103000      0x4d4 ./Drivers/STM32H7xx_HAL_Driver/stm32h7xx_hal_dma.o
                0x08103000                HAL_DMA_Start_IT
 .text.HAL_DMA_Abort
                0x081034d4      0x63c ./Drivers/STM32H7xx_HAL_Driver/stm32h7xx_hal_dma.o
                0x081034d4                HAL_DMA_Abort
 .text.HAL_DMA_Abort_IT
                0x08103b10      0x48c ./Drivers/STM32H7xx_HAL_Driver/stm32h7xx_hal_dma.o
                0x08103b10                HAL_DMA_Abort_IT
 .text.HAL_DMA_IRQHandler
                0x08103f9c      0xe54 ./Drivers/STM32H7xx_HAL_Driver/stm32h7xx_hal_dma.o
                0x08103f9c                HAL_DMA_IRQHandler
 .text.HAL_DMA_GetError
                0x08104df0       0x18 ./Drivers/STM32H7xx_HAL_Driver/stm32h7xx_hal_dma.o
                0x08104df0                HAL_DMA_GetError
 .text.DMA_SetConfig
                0x08104e08      0x358 ./Drivers/STM32H7xx_HAL_Driver/stm32h7xx_hal_dma.o
 .text.DMA_CalcBaseAndBitshift
                0x08105160      0x164 ./Drivers/STM32H7xx_HAL_Driver/stm32h7xx_hal_dma.o
 .text.DMA_CheckFifoParam
                0x081052c4       0xf8 ./Drivers/STM32H7xx_HAL_Driver/stm32h7xx_hal_dma.o
 .text.DMA_CalcDMAMUXChannelBaseAndMask
                0x081053bc      0x134 ./Drivers/STM32H7xx_HAL_Driver/stm32h7xx_hal_dma.o
 .text.DMA_CalcDMAMUXRequestGenBaseAndMask
                0x081054f0       0xe8 ./Drivers/STM32H7xx_HAL_Driver/stm32h7xx_hal_dma.o
 .text.HAL_GPIO_Init
                0x081055d8      0x360 ./Drivers/STM32H7xx_HAL_Driver/stm32h7xx_hal_gpio.o
                0x081055d8                HAL_GPIO_Init
 .text.HAL_HSEM_ActivateNotification
                0x08105938       0x24 ./Drivers/STM32H7xx_HAL_Driver/stm32h7xx_hal_hsem.o
                0x08105938                HAL_HSEM_ActivateNotification
 .text.HAL_PWREx_EnterSTOPMode
                0x0810595c       0xf4 ./Drivers/STM32H7xx_HAL_Driver/stm32h7xx_hal_pwr_ex.o
                0x0810595c                HAL_PWREx_EnterSTOPMode
 .text.HAL_PWREx_ClearPendingEvent
                0x08105a50       0x1a ./Drivers/STM32H7xx_HAL_Driver/stm32h7xx_hal_pwr_ex.o
                0x08105a50                HAL_PWREx_ClearPendingEvent
 *fill*         0x08105a6a        0x2 
 .text.HAL_RCC_GetSysClockFreq
                0x08105a6c      0x2f4 ./Drivers/STM32H7xx_HAL_Driver/stm32h7xx_hal_rcc.o
                0x08105a6c                HAL_RCC_GetSysClockFreq
 .text.HAL_RCC_GetHCLKFreq
                0x08105d60       0x64 ./Drivers/STM32H7xx_HAL_Driver/stm32h7xx_hal_rcc.o
                0x08105d60                HAL_RCC_GetHCLKFreq
 .text.HAL_RCC_GetPCLK1Freq
                0x08105dc4       0x2c ./Drivers/STM32H7xx_HAL_Driver/stm32h7xx_hal_rcc.o
                0x08105dc4                HAL_RCC_GetPCLK1Freq
 .text.HAL_RCC_GetPCLK2Freq
                0x08105df0       0x2c ./Drivers/STM32H7xx_HAL_Driver/stm32h7xx_hal_rcc.o
                0x08105df0                HAL_RCC_GetPCLK2Freq
 .text.HAL_RCC_GetClockConfig
                0x08105e1c       0x84 ./Drivers/STM32H7xx_HAL_Driver/stm32h7xx_hal_rcc.o
                0x08105e1c                HAL_RCC_GetClockConfig
 .text.HAL_RCCEx_PeriphCLKConfig
                0x08105ea0     0x1494 ./Drivers/STM32H7xx_HAL_Driver/stm32h7xx_hal_rcc_ex.o
                0x08105ea0                HAL_RCCEx_PeriphCLKConfig
 .text.HAL_RCCEx_GetD3PCLK1Freq
                0x08107334       0x2c ./Drivers/STM32H7xx_HAL_Driver/stm32h7xx_hal_rcc_ex.o
                0x08107334                HAL_RCCEx_GetD3PCLK1Freq
 .text.HAL_RCCEx_GetPLL2ClockFreq
                0x08107360      0x2a8 ./Drivers/STM32H7xx_HAL_Driver/stm32h7xx_hal_rcc_ex.o
                0x08107360                HAL_RCCEx_GetPLL2ClockFreq
 .text.HAL_RCCEx_GetPLL3ClockFreq
                0x08107608      0x2a8 ./Drivers/STM32H7xx_HAL_Driver/stm32h7xx_hal_rcc_ex.o
                0x08107608                HAL_RCCEx_GetPLL3ClockFreq
 .text.RCCEx_PLL2_Config
                0x081078b0      0x164 ./Drivers/STM32H7xx_HAL_Driver/stm32h7xx_hal_rcc_ex.o
 .text.RCCEx_PLL3_Config
                0x08107a14      0x164 ./Drivers/STM32H7xx_HAL_Driver/stm32h7xx_hal_rcc_ex.o
 .text.HAL_TIM_Base_Init
                0x08107b78       0xae ./Drivers/STM32H7xx_HAL_Driver/stm32h7xx_hal_tim.o
                0x08107b78                HAL_TIM_Base_Init
 *fill*         0x08107c26        0x2 
 .text.HAL_TIM_Base_Start_IT
                0x08107c28       0xf0 ./Drivers/STM32H7xx_HAL_Driver/stm32h7xx_hal_tim.o
                0x08107c28                HAL_TIM_Base_Start_IT
 .text.HAL_TIM_OC_Init
                0x08107d18       0xae ./Drivers/STM32H7xx_HAL_Driver/stm32h7xx_hal_tim.o
                0x08107d18                HAL_TIM_OC_Init
 .text.HAL_TIM_OC_MspInit
                0x08107dc6       0x14 ./Drivers/STM32H7xx_HAL_Driver/stm32h7xx_hal_tim.o
                0x08107dc6                HAL_TIM_OC_MspInit
 .text.HAL_TIM_PWM_Init
                0x08107dda       0xae ./Drivers/STM32H7xx_HAL_Driver/stm32h7xx_hal_tim.o
                0x08107dda                HAL_TIM_PWM_Init
 .text.HAL_TIM_PWM_MspInit
                0x08107e88       0x14 ./Drivers/STM32H7xx_HAL_Driver/stm32h7xx_hal_tim.o
                0x08107e88                HAL_TIM_PWM_MspInit
 .text.HAL_TIM_PWM_Start
                0x08107e9c      0x21c ./Drivers/STM32H7xx_HAL_Driver/stm32h7xx_hal_tim.o
                0x08107e9c                HAL_TIM_PWM_Start
 .text.HAL_TIM_PWM_Stop
                0x081080b8      0x12c ./Drivers/STM32H7xx_HAL_Driver/stm32h7xx_hal_tim.o
                0x081080b8                HAL_TIM_PWM_Stop
 .text.HAL_TIM_IRQHandler
                0x081081e4      0x20e ./Drivers/STM32H7xx_HAL_Driver/stm32h7xx_hal_tim.o
                0x081081e4                HAL_TIM_IRQHandler
 *fill*         0x081083f2        0x2 
 .text.HAL_TIM_OC_ConfigChannel
                0x081083f4       0xf4 ./Drivers/STM32H7xx_HAL_Driver/stm32h7xx_hal_tim.o
                0x081083f4                HAL_TIM_OC_ConfigChannel
 .text.HAL_TIM_PWM_ConfigChannel
                0x081084e8      0x228 ./Drivers/STM32H7xx_HAL_Driver/stm32h7xx_hal_tim.o
                0x081084e8                HAL_TIM_PWM_ConfigChannel
 .text.HAL_TIM_ConfigClockSource
                0x08108710      0x1f0 ./Drivers/STM32H7xx_HAL_Driver/stm32h7xx_hal_tim.o
                0x08108710                HAL_TIM_ConfigClockSource
 .text.HAL_TIM_OC_DelayElapsedCallback
                0x08108900       0x14 ./Drivers/STM32H7xx_HAL_Driver/stm32h7xx_hal_tim.o
                0x08108900                HAL_TIM_OC_DelayElapsedCallback
 .text.HAL_TIM_IC_CaptureCallback
                0x08108914       0x14 ./Drivers/STM32H7xx_HAL_Driver/stm32h7xx_hal_tim.o
                0x08108914                HAL_TIM_IC_CaptureCallback
 .text.HAL_TIM_PWM_PulseFinishedCallback
                0x08108928       0x14 ./Drivers/STM32H7xx_HAL_Driver/stm32h7xx_hal_tim.o
                0x08108928                HAL_TIM_PWM_PulseFinishedCallback
 .text.HAL_TIM_TriggerCallback
                0x0810893c       0x14 ./Drivers/STM32H7xx_HAL_Driver/stm32h7xx_hal_tim.o
                0x0810893c                HAL_TIM_TriggerCallback
 .text.TIM_Base_SetConfig
                0x08108950      0x14c ./Drivers/STM32H7xx_HAL_Driver/stm32h7xx_hal_tim.o
                0x08108950                TIM_Base_SetConfig
 .text.TIM_OC1_SetConfig
                0x08108a9c      0x120 ./Drivers/STM32H7xx_HAL_Driver/stm32h7xx_hal_tim.o
 .text.TIM_OC2_SetConfig
                0x08108bbc      0x114 ./Drivers/STM32H7xx_HAL_Driver/stm32h7xx_hal_tim.o
                0x08108bbc                TIM_OC2_SetConfig
 .text.TIM_OC3_SetConfig
                0x08108cd0      0x110 ./Drivers/STM32H7xx_HAL_Driver/stm32h7xx_hal_tim.o
 .text.TIM_OC4_SetConfig
                0x08108de0       0xd4 ./Drivers/STM32H7xx_HAL_Driver/stm32h7xx_hal_tim.o
 .text.TIM_OC5_SetConfig
                0x08108eb4       0xc8 ./Drivers/STM32H7xx_HAL_Driver/stm32h7xx_hal_tim.o
 .text.TIM_OC6_SetConfig
                0x08108f7c       0xcc ./Drivers/STM32H7xx_HAL_Driver/stm32h7xx_hal_tim.o
 .text.TIM_TI1_ConfigInputStage
                0x08109048       0x5e ./Drivers/STM32H7xx_HAL_Driver/stm32h7xx_hal_tim.o
 .text.TIM_TI2_ConfigInputStage
                0x081090a6       0x60 ./Drivers/STM32H7xx_HAL_Driver/stm32h7xx_hal_tim.o
 .text.TIM_ITRx_SetConfig
                0x08109106       0x3a ./Drivers/STM32H7xx_HAL_Driver/stm32h7xx_hal_tim.o
 .text.TIM_ETR_SetConfig
                0x08109140       0x40 ./Drivers/STM32H7xx_HAL_Driver/stm32h7xx_hal_tim.o
                0x08109140                TIM_ETR_SetConfig
 .text.TIM_CCxChannelCmd
                0x08109180       0x4a ./Drivers/STM32H7xx_HAL_Driver/stm32h7xx_hal_tim.o
                0x08109180                TIM_CCxChannelCmd
 *fill*         0x081091ca        0x2 
 .text.HAL_TIMEx_PWMN_Start
                0x081091cc      0x184 ./Drivers/STM32H7xx_HAL_Driver/stm32h7xx_hal_tim_ex.o
                0x081091cc                HAL_TIMEx_PWMN_Start
 .text.HAL_TIMEx_PWMN_Stop
                0x08109350       0xba ./Drivers/STM32H7xx_HAL_Driver/stm32h7xx_hal_tim_ex.o
                0x08109350                HAL_TIMEx_PWMN_Stop
 *fill*         0x0810940a        0x2 
 .text.HAL_TIMEx_MasterConfigSynchronization
                0x0810940c      0x11c ./Drivers/STM32H7xx_HAL_Driver/stm32h7xx_hal_tim_ex.o
                0x0810940c                HAL_TIMEx_MasterConfigSynchronization
 .text.HAL_TIMEx_ConfigBreakDeadTime
                0x08109528       0xfc ./Drivers/STM32H7xx_HAL_Driver/stm32h7xx_hal_tim_ex.o
                0x08109528                HAL_TIMEx_ConfigBreakDeadTime
 .text.HAL_TIMEx_CommutCallback
                0x08109624       0x14 ./Drivers/STM32H7xx_HAL_Driver/stm32h7xx_hal_tim_ex.o
                0x08109624                HAL_TIMEx_CommutCallback
 .text.HAL_TIMEx_BreakCallback
                0x08109638       0x14 ./Drivers/STM32H7xx_HAL_Driver/stm32h7xx_hal_tim_ex.o
                0x08109638                HAL_TIMEx_BreakCallback
 .text.HAL_TIMEx_Break2Callback
                0x0810964c       0x14 ./Drivers/STM32H7xx_HAL_Driver/stm32h7xx_hal_tim_ex.o
                0x0810964c                HAL_TIMEx_Break2Callback
 .text.TIM_CCxNChannelCmd
                0x08109660       0x4a ./Drivers/STM32H7xx_HAL_Driver/stm32h7xx_hal_tim_ex.o
 .text.HAL_UART_Init
                0x081096aa       0xa0 ./Drivers/STM32H7xx_HAL_Driver/stm32h7xx_hal_uart.o
                0x081096aa                HAL_UART_Init
 .text.HAL_UART_Transmit
                0x0810974a      0x11c ./Drivers/STM32H7xx_HAL_Driver/stm32h7xx_hal_uart.o
                0x0810974a                HAL_UART_Transmit
 .text.HAL_UART_Abort
                0x08109866      0x21a ./Drivers/STM32H7xx_HAL_Driver/stm32h7xx_hal_uart.o
                0x08109866                HAL_UART_Abort
 .text.HAL_UART_IRQHandler
                0x08109a80      0x774 ./Drivers/STM32H7xx_HAL_Driver/stm32h7xx_hal_uart.o
                0x08109a80                HAL_UART_IRQHandler
 .text.HAL_UART_TxCpltCallback
                0x0810a1f4       0x14 ./Drivers/STM32H7xx_HAL_Driver/stm32h7xx_hal_uart.o
                0x0810a1f4                HAL_UART_TxCpltCallback
 .text.HAL_UART_RxCpltCallback
                0x0810a208       0x14 ./Drivers/STM32H7xx_HAL_Driver/stm32h7xx_hal_uart.o
                0x0810a208                HAL_UART_RxCpltCallback
 .text.HAL_UART_RxHalfCpltCallback
                0x0810a21c       0x14 ./Drivers/STM32H7xx_HAL_Driver/stm32h7xx_hal_uart.o
                0x0810a21c                HAL_UART_RxHalfCpltCallback
 .text.HAL_UART_ErrorCallback
                0x0810a230       0x14 ./Drivers/STM32H7xx_HAL_Driver/stm32h7xx_hal_uart.o
                0x0810a230                HAL_UART_ErrorCallback
 .text.UART_SetConfig
                0x0810a244      0xad0 ./Drivers/STM32H7xx_HAL_Driver/stm32h7xx_hal_uart.o
                0x0810a244                UART_SetConfig
 .text.UART_AdvFeatureConfig
                0x0810ad14      0x144 ./Drivers/STM32H7xx_HAL_Driver/stm32h7xx_hal_uart.o
                0x0810ad14                UART_AdvFeatureConfig
 .text.UART_CheckIdleState
                0x0810ae58      0x154 ./Drivers/STM32H7xx_HAL_Driver/stm32h7xx_hal_uart.o
                0x0810ae58                UART_CheckIdleState
 .text.UART_WaitOnFlagUntilTimeout
                0x0810afac       0xda ./Drivers/STM32H7xx_HAL_Driver/stm32h7xx_hal_uart.o
                0x0810afac                UART_WaitOnFlagUntilTimeout
 *fill*         0x0810b086        0x2 
 .text.UART_Start_Receive_DMA
                0x0810b088      0x14c ./Drivers/STM32H7xx_HAL_Driver/stm32h7xx_hal_uart.o
                0x0810b088                UART_Start_Receive_DMA
 .text.UART_EndTxTransfer
                0x0810b1d4       0x82 ./Drivers/STM32H7xx_HAL_Driver/stm32h7xx_hal_uart.o
 .text.UART_EndRxTransfer
                0x0810b256       0xcc ./Drivers/STM32H7xx_HAL_Driver/stm32h7xx_hal_uart.o
 .text.UART_DMAReceiveCplt
                0x0810b322      0x128 ./Drivers/STM32H7xx_HAL_Driver/stm32h7xx_hal_uart.o
 .text.UART_DMARxHalfCplt
                0x0810b44a       0x3e ./Drivers/STM32H7xx_HAL_Driver/stm32h7xx_hal_uart.o
 .text.UART_DMAError
                0x0810b488       0x80 ./Drivers/STM32H7xx_HAL_Driver/stm32h7xx_hal_uart.o
 .text.UART_DMAAbortOnError
                0x0810b508       0x2c ./Drivers/STM32H7xx_HAL_Driver/stm32h7xx_hal_uart.o
 .text.UART_EndTransmit_IT
                0x0810b534       0x56 ./Drivers/STM32H7xx_HAL_Driver/stm32h7xx_hal_uart.o
 .text.HAL_UARTEx_WakeupCallback
                0x0810b58a       0x14 ./Drivers/STM32H7xx_HAL_Driver/stm32h7xx_hal_uart_ex.o
                0x0810b58a                HAL_UARTEx_WakeupCallback
 .text.HAL_UARTEx_RxFifoFullCallback
                0x0810b59e       0x14 ./Drivers/STM32H7xx_HAL_Driver/stm32h7xx_hal_uart_ex.o
                0x0810b59e                HAL_UARTEx_RxFifoFullCallback
 .text.HAL_UARTEx_TxFifoEmptyCallback
                0x0810b5b2       0x14 ./Drivers/STM32H7xx_HAL_Driver/stm32h7xx_hal_uart_ex.o
                0x0810b5b2                HAL_UARTEx_TxFifoEmptyCallback
 .text.HAL_UARTEx_DisableFifoMode
                0x0810b5c6       0x72 ./Drivers/STM32H7xx_HAL_Driver/stm32h7xx_hal_uart_ex.o
                0x0810b5c6                HAL_UARTEx_DisableFifoMode
 .text.HAL_UARTEx_SetTxFifoThreshold
                0x0810b638       0x7c ./Drivers/STM32H7xx_HAL_Driver/stm32h7xx_hal_uart_ex.o
                0x0810b638                HAL_UARTEx_SetTxFifoThreshold
 .text.HAL_UARTEx_SetRxFifoThreshold
                0x0810b6b4       0x7c ./Drivers/STM32H7xx_HAL_Driver/stm32h7xx_hal_uart_ex.o
                0x0810b6b4                HAL_UARTEx_SetRxFifoThreshold
 .text.HAL_UARTEx_ReceiveToIdle
                0x0810b730      0x204 ./Drivers/STM32H7xx_HAL_Driver/stm32h7xx_hal_uart_ex.o
                0x0810b730                HAL_UARTEx_ReceiveToIdle
 .text.HAL_UARTEx_ReceiveToIdle_DMA
                0x0810b934       0xa8 ./Drivers/STM32H7xx_HAL_Driver/stm32h7xx_hal_uart_ex.o
                0x0810b934                HAL_UARTEx_ReceiveToIdle_DMA
 .text.UARTEx_SetNbDataToProcess
                0x0810b9dc       0x9c ./Drivers/STM32H7xx_HAL_Driver/stm32h7xx_hal_uart_ex.o
 .text.__NVIC_SetPriority
                0x0810ba78       0x54 ./Middlewares/FreeRTOS/cmsis_os2.o
 .text.SysTick_Handler
                0x0810bacc       0x20 ./Middlewares/FreeRTOS/cmsis_os2.o
                0x0810bacc                SysTick_Handler
 .text.SVC_Setup
                0x0810baec       0x12 ./Middlewares/FreeRTOS/cmsis_os2.o
 *fill*         0x0810bafe        0x2 
 .text.osKernelInitialize
                0x0810bb00       0x48 ./Middlewares/FreeRTOS/cmsis_os2.o
                0x0810bb00                osKernelInitialize
 .text.osKernelStart
                0x0810bb48       0x4c ./Middlewares/FreeRTOS/cmsis_os2.o
                0x0810bb48                osKernelStart
 .text.osKernelGetTickCount
                0x0810bb94       0x2a ./Middlewares/FreeRTOS/cmsis_os2.o
                0x0810bb94                osKernelGetTickCount
 .text.osThreadNew
                0x0810bbbe      0x124 ./Middlewares/FreeRTOS/cmsis_os2.o
                0x0810bbbe                osThreadNew
 .text.osDelay  0x0810bce2       0x36 ./Middlewares/FreeRTOS/cmsis_os2.o
                0x0810bce2                osDelay
 .text.osDelayUntil
                0x0810bd18       0x5a ./Middlewares/FreeRTOS/cmsis_os2.o
                0x0810bd18                osDelayUntil
 .text.osMutexNew
                0x0810bd72      0x10c ./Middlewares/FreeRTOS/cmsis_os2.o
                0x0810bd72                osMutexNew
 .text.osMutexAcquire
                0x0810be7e       0x96 ./Middlewares/FreeRTOS/cmsis_os2.o
                0x0810be7e                osMutexAcquire
 .text.osMutexRelease
                0x0810bf14       0x7a ./Middlewares/FreeRTOS/cmsis_os2.o
                0x0810bf14                osMutexRelease
 *fill*         0x0810bf8e        0x2 
 .text.vApplicationGetIdleTaskMemory
                0x0810bf90       0x34 ./Middlewares/FreeRTOS/cmsis_os2.o
                0x0810bf90                vApplicationGetIdleTaskMemory
 .text.vApplicationGetTimerTaskMemory
                0x0810bfc4       0x34 ./Middlewares/FreeRTOS/cmsis_os2.o
                0x0810bfc4                vApplicationGetTimerTaskMemory
 .text.pvPortMalloc
                0x0810bff8      0x19c ./Middlewares/FreeRTOS/heap_4.o
                0x0810bff8                pvPortMalloc
 .text.vPortFree
                0x0810c194       0xc8 ./Middlewares/FreeRTOS/heap_4.o
                0x0810c194                vPortFree
 .text.prvHeapInit
                0x0810c25c       0xc4 ./Middlewares/FreeRTOS/heap_4.o
 .text.prvInsertBlockIntoFreeList
                0x0810c320       0xb4 ./Middlewares/FreeRTOS/heap_4.o
 .text.vListInitialise
                0x0810c3d4       0x40 ./Middlewares/FreeRTOS/list.o
                0x0810c3d4                vListInitialise
 .text.vListInitialiseItem
                0x0810c414       0x1a ./Middlewares/FreeRTOS/list.o
                0x0810c414                vListInitialiseItem
 .text.vListInsertEnd
                0x0810c42e       0x48 ./Middlewares/FreeRTOS/list.o
                0x0810c42e                vListInsertEnd
 .text.vListInsert
                0x0810c476       0x72 ./Middlewares/FreeRTOS/list.o
                0x0810c476                vListInsert
 .text.uxListRemove
                0x0810c4e8       0x54 ./Middlewares/FreeRTOS/list.o
                0x0810c4e8                uxListRemove
 .text.pxPortInitialiseStack
                0x0810c53c       0x68 ./Middlewares/FreeRTOS/port.o
                0x0810c53c                pxPortInitialiseStack
 .text.prvTaskExitError
                0x0810c5a4       0x5c ./Middlewares/FreeRTOS/port.o
 .text.SVC_Handler
                0x0810c600       0x28 ./Middlewares/FreeRTOS/port.o
                0x0810c600                SVC_Handler
 .text.prvPortStartFirstTask
                0x0810c628       0x28 ./Middlewares/FreeRTOS/port.o
 .text.xPortStartScheduler
                0x0810c650      0x148 ./Middlewares/FreeRTOS/port.o
                0x0810c650                xPortStartScheduler
 .text.vPortEnterCritical
                0x0810c798       0x64 ./Middlewares/FreeRTOS/port.o
                0x0810c798                vPortEnterCritical
 .text.vPortExitCritical
                0x0810c7fc       0x54 ./Middlewares/FreeRTOS/port.o
                0x0810c7fc                vPortExitCritical
 .text.PendSV_Handler
                0x0810c850       0x68 ./Middlewares/FreeRTOS/port.o
                0x0810c850                PendSV_Handler
 .text.xPortSysTickHandler
                0x0810c8b8       0x44 ./Middlewares/FreeRTOS/port.o
                0x0810c8b8                xPortSysTickHandler
 .text.vPortSetupTimerInterrupt
                0x0810c8fc       0x48 ./Middlewares/FreeRTOS/port.o
                0x0810c8fc                vPortSetupTimerInterrupt
 .text.vPortEnableVFP
                0x0810c944       0x14 ./Middlewares/FreeRTOS/port.o
 .text.vPortValidateInterruptPriority
                0x0810c958       0x84 ./Middlewares/FreeRTOS/port.o
                0x0810c958                vPortValidateInterruptPriority
 .text.xQueueGenericReset
                0x0810c9dc       0xd4 ./Middlewares/FreeRTOS/queue.o
                0x0810c9dc                xQueueGenericReset
 .text.xQueueGenericCreateStatic
                0x0810cab0       0xfa ./Middlewares/FreeRTOS/queue.o
                0x0810cab0                xQueueGenericCreateStatic
 .text.xQueueGenericCreate
                0x0810cbaa       0x76 ./Middlewares/FreeRTOS/queue.o
                0x0810cbaa                xQueueGenericCreate
 .text.prvInitialiseNewQueue
                0x0810cc20       0x46 ./Middlewares/FreeRTOS/queue.o
 .text.prvInitialiseMutex
                0x0810cc66       0x34 ./Middlewares/FreeRTOS/queue.o
 .text.xQueueCreateMutex
                0x0810cc9a       0x30 ./Middlewares/FreeRTOS/queue.o
                0x0810cc9a                xQueueCreateMutex
 .text.xQueueCreateMutexStatic
                0x0810ccca       0x36 ./Middlewares/FreeRTOS/queue.o
                0x0810ccca                xQueueCreateMutexStatic
 .text.xQueueGiveMutexRecursive
                0x0810cd00       0x6a ./Middlewares/FreeRTOS/queue.o
                0x0810cd00                xQueueGiveMutexRecursive
 .text.xQueueTakeMutexRecursive
                0x0810cd6a       0x6e ./Middlewares/FreeRTOS/queue.o
                0x0810cd6a                xQueueTakeMutexRecursive
 .text.xQueueGenericSend
                0x0810cdd8      0x204 ./Middlewares/FreeRTOS/queue.o
                0x0810cdd8                xQueueGenericSend
 .text.xQueueGenericSendFromISR
                0x0810cfdc      0x13c ./Middlewares/FreeRTOS/queue.o
                0x0810cfdc                xQueueGenericSendFromISR
 .text.xQueueReceive
                0x0810d118      0x1c4 ./Middlewares/FreeRTOS/queue.o
                0x0810d118                xQueueReceive
 .text.xQueueSemaphoreTake
                0x0810d2dc      0x220 ./Middlewares/FreeRTOS/queue.o
                0x0810d2dc                xQueueSemaphoreTake
 .text.prvGetDisinheritPriorityAfterTimeout
                0x0810d4fc       0x30 ./Middlewares/FreeRTOS/queue.o
 .text.prvCopyDataToQueue
                0x0810d52c       0xd4 ./Middlewares/FreeRTOS/queue.o
 .text.prvCopyDataFromQueue
                0x0810d600       0x4c ./Middlewares/FreeRTOS/queue.o
 .text.prvUnlockQueue
                0x0810d64c       0xa4 ./Middlewares/FreeRTOS/queue.o
 .text.prvIsQueueEmpty
                0x0810d6f0       0x2c ./Middlewares/FreeRTOS/queue.o
 .text.prvIsQueueFull
                0x0810d71c       0x30 ./Middlewares/FreeRTOS/queue.o
 .text.vQueueAddToRegistry
                0x0810d74c       0x54 ./Middlewares/FreeRTOS/queue.o
                0x0810d74c                vQueueAddToRegistry
 .text.vQueueWaitForMessageRestricted
                0x0810d7a0       0x68 ./Middlewares/FreeRTOS/queue.o
                0x0810d7a0                vQueueWaitForMessageRestricted
 .text.xTaskCreateStatic
                0x0810d808       0xc0 ./Middlewares/FreeRTOS/tasks.o
                0x0810d808                xTaskCreateStatic
 .text.xTaskCreate
                0x0810d8c8       0x8a ./Middlewares/FreeRTOS/tasks.o
                0x0810d8c8                xTaskCreate
 *fill*         0x0810d952        0x2 
 .text.prvInitialiseNewTask
                0x0810d954      0x150 ./Middlewares/FreeRTOS/tasks.o
 .text.prvAddNewTaskToReadyList
                0x0810daa4       0xe0 ./Middlewares/FreeRTOS/tasks.o
 .text.vTaskDelayUntil
                0x0810db84      0x100 ./Middlewares/FreeRTOS/tasks.o
                0x0810db84                vTaskDelayUntil
 .text.vTaskDelay
                0x0810dc84       0x6c ./Middlewares/FreeRTOS/tasks.o
                0x0810dc84                vTaskDelay
 .text.vTaskStartScheduler
                0x0810dcf0       0xe0 ./Middlewares/FreeRTOS/tasks.o
                0x0810dcf0                vTaskStartScheduler
 .text.vTaskSuspendAll
                0x0810ddd0       0x1c ./Middlewares/FreeRTOS/tasks.o
                0x0810ddd0                vTaskSuspendAll
 .text.xTaskResumeAll
                0x0810ddec      0x13c ./Middlewares/FreeRTOS/tasks.o
                0x0810ddec                xTaskResumeAll
 .text.xTaskGetTickCount
                0x0810df28       0x20 ./Middlewares/FreeRTOS/tasks.o
                0x0810df28                xTaskGetTickCount
 .text.xTaskGetTickCountFromISR
                0x0810df48       0x24 ./Middlewares/FreeRTOS/tasks.o
                0x0810df48                xTaskGetTickCountFromISR
 .text.xTaskIncrementTick
                0x0810df6c      0x174 ./Middlewares/FreeRTOS/tasks.o
                0x0810df6c                xTaskIncrementTick
 .text.vTaskSwitchContext
                0x0810e0e0       0xcc ./Middlewares/FreeRTOS/tasks.o
                0x0810e0e0                vTaskSwitchContext
 .text.vTaskPlaceOnEventList
                0x0810e1ac       0x4c ./Middlewares/FreeRTOS/tasks.o
                0x0810e1ac                vTaskPlaceOnEventList
 .text.vTaskPlaceOnEventListRestricted
                0x0810e1f8       0x58 ./Middlewares/FreeRTOS/tasks.o
                0x0810e1f8                vTaskPlaceOnEventListRestricted
 .text.xTaskRemoveFromEventList
                0x0810e250       0xc8 ./Middlewares/FreeRTOS/tasks.o
                0x0810e250                xTaskRemoveFromEventList
 .text.vTaskInternalSetTimeOutState
                0x0810e318       0x2c ./Middlewares/FreeRTOS/tasks.o
                0x0810e318                vTaskInternalSetTimeOutState
 .text.xTaskCheckForTimeOut
                0x0810e344       0xc8 ./Middlewares/FreeRTOS/tasks.o
                0x0810e344                xTaskCheckForTimeOut
 .text.vTaskMissedYield
                0x0810e40c       0x18 ./Middlewares/FreeRTOS/tasks.o
                0x0810e40c                vTaskMissedYield
 .text.prvIdleTask
                0x0810e424       0x30 ./Middlewares/FreeRTOS/tasks.o
 .text.prvInitialiseTaskLists
                0x0810e454       0x80 ./Middlewares/FreeRTOS/tasks.o
 .text.prvCheckTasksWaitingTermination
                0x0810e4d4       0x5c ./Middlewares/FreeRTOS/tasks.o
 .text.prvDeleteTCB
                0x0810e530       0x6a ./Middlewares/FreeRTOS/tasks.o
 *fill*         0x0810e59a        0x2 
 .text.prvResetNextTaskUnblockTime
                0x0810e59c       0x40 ./Middlewares/FreeRTOS/tasks.o
 .text.xTaskGetCurrentTaskHandle
                0x0810e5dc       0x20 ./Middlewares/FreeRTOS/tasks.o
                0x0810e5dc                xTaskGetCurrentTaskHandle
 .text.xTaskGetSchedulerState
                0x0810e5fc       0x3c ./Middlewares/FreeRTOS/tasks.o
                0x0810e5fc                xTaskGetSchedulerState
 .text.xTaskPriorityInherit
                0x0810e638       0xd0 ./Middlewares/FreeRTOS/tasks.o
                0x0810e638                xTaskPriorityInherit
 .text.xTaskPriorityDisinherit
                0x0810e708       0xe0 ./Middlewares/FreeRTOS/tasks.o
                0x0810e708                xTaskPriorityDisinherit
 .text.vTaskPriorityDisinheritAfterTimeout
                0x0810e7e8      0x108 ./Middlewares/FreeRTOS/tasks.o
                0x0810e7e8                vTaskPriorityDisinheritAfterTimeout
 .text.pvTaskIncrementMutexHeldCount
                0x0810e8f0       0x28 ./Middlewares/FreeRTOS/tasks.o
                0x0810e8f0                pvTaskIncrementMutexHeldCount
 .text.prvAddCurrentTaskToDelayedList
                0x0810e918       0xa8 ./Middlewares/FreeRTOS/tasks.o
 .text.xTimerCreateTimerTask
                0x0810e9c0       0x94 ./Middlewares/FreeRTOS/timers.o
                0x0810e9c0                xTimerCreateTimerTask
 .text.xTimerGenericCommand
                0x0810ea54       0x9c ./Middlewares/FreeRTOS/timers.o
                0x0810ea54                xTimerGenericCommand
 .text.prvProcessExpiredTimer
                0x0810eaf0       0x9c ./Middlewares/FreeRTOS/timers.o
 .text.prvTimerTask
                0x0810eb8c       0x26 ./Middlewares/FreeRTOS/timers.o
 *fill*         0x0810ebb2        0x2 
 .text.prvProcessTimerOrBlockTask
                0x0810ebb4       0x9c ./Middlewares/FreeRTOS/timers.o
 .text.prvGetNextExpireTime
                0x0810ec50       0x48 ./Middlewares/FreeRTOS/timers.o
 .text.prvSampleTimeNow
                0x0810ec98       0x40 ./Middlewares/FreeRTOS/timers.o
 .text.prvInsertTimerInActiveList
                0x0810ecd8       0x84 ./Middlewares/FreeRTOS/timers.o
 .text.prvProcessReceivedCommands
                0x0810ed5c      0x1cc ./Middlewares/FreeRTOS/timers.o
 .text.prvSwitchTimerLists
                0x0810ef28       0xcc ./Middlewares/FreeRTOS/timers.o
 .text.prvCheckForValidListAndQueue
                0x0810eff4       0x80 ./Middlewares/FreeRTOS/timers.o
 .text.sprintf  0x0810f074       0x40 C:/ST/STM32CubeIDE_1.16.1/STM32CubeIDE/plugins/com.st.stm32cube.ide.mcu.externaltools.gnu-tools-for-stm32.12.3.rel1.win32_1.0.200.202406191623/tools/bin/../lib/gcc/arm-none-eabi/12.3.1/../../../../arm-none-eabi/lib/thumb/v7e-m+fp/hard\libc_nano.a(libc_a-sprintf.o)
                0x0810f074                siprintf
                0x0810f074                sprintf
 .text.memmove  0x0810f0b4       0x34 C:/ST/STM32CubeIDE_1.16.1/STM32CubeIDE/plugins/com.st.stm32cube.ide.mcu.externaltools.gnu-tools-for-stm32.12.3.rel1.win32_1.0.200.202406191623/tools/bin/../lib/gcc/arm-none-eabi/12.3.1/../../../../arm-none-eabi/lib/thumb/v7e-m+fp/hard\libc_nano.a(libc_a-memmove.o)
                0x0810f0b4                memmove
 .text.memset   0x0810f0e8       0x10 C:/ST/STM32CubeIDE_1.16.1/STM32CubeIDE/plugins/com.st.stm32cube.ide.mcu.externaltools.gnu-tools-for-stm32.12.3.rel1.win32_1.0.200.202406191623/tools/bin/../lib/gcc/arm-none-eabi/12.3.1/../../../../arm-none-eabi/lib/thumb/v7e-m+fp/hard\libc_nano.a(libc_a-memset.o)
                0x0810f0e8                memset
 .text.strchr   0x0810f0f8       0x1a C:/ST/STM32CubeIDE_1.16.1/STM32CubeIDE/plugins/com.st.stm32cube.ide.mcu.externaltools.gnu-tools-for-stm32.12.3.rel1.win32_1.0.200.202406191623/tools/bin/../lib/gcc/arm-none-eabi/12.3.1/../../../../arm-none-eabi/lib/thumb/v7e-m+fp/hard\libc_nano.a(libc_a-strchr.o)
                0x0810f0f8                strchr
 .text.strncpy  0x0810f112       0x26 C:/ST/STM32CubeIDE_1.16.1/STM32CubeIDE/plugins/com.st.stm32cube.ide.mcu.externaltools.gnu-tools-for-stm32.12.3.rel1.win32_1.0.200.202406191623/tools/bin/../lib/gcc/arm-none-eabi/12.3.1/../../../../arm-none-eabi/lib/thumb/v7e-m+fp/hard\libc_nano.a(libc_a-strncpy.o)
                0x0810f112                strncpy
 .text.strstr   0x0810f138       0x2c C:/ST/STM32CubeIDE_1.16.1/STM32CubeIDE/plugins/com.st.stm32cube.ide.mcu.externaltools.gnu-tools-for-stm32.12.3.rel1.win32_1.0.200.202406191623/tools/bin/../lib/gcc/arm-none-eabi/12.3.1/../../../../arm-none-eabi/lib/thumb/v7e-m+fp/hard\libc_nano.a(libc_a-strstr.o)
                0x0810f138                strstr
 .text._reclaim_reent
                0x0810f164       0xac C:/ST/STM32CubeIDE_1.16.1/STM32CubeIDE/plugins/com.st.stm32cube.ide.mcu.externaltools.gnu-tools-for-stm32.12.3.rel1.win32_1.0.200.202406191623/tools/bin/../lib/gcc/arm-none-eabi/12.3.1/../../../../arm-none-eabi/lib/thumb/v7e-m+fp/hard\libc_nano.a(libc_a-reent.o)
                0x0810f164                _reclaim_reent
 .text.__errno  0x0810f210        0xc C:/ST/STM32CubeIDE_1.16.1/STM32CubeIDE/plugins/com.st.stm32cube.ide.mcu.externaltools.gnu-tools-for-stm32.12.3.rel1.win32_1.0.200.202406191623/tools/bin/../lib/gcc/arm-none-eabi/12.3.1/../../../../arm-none-eabi/lib/thumb/v7e-m+fp/hard\libc_nano.a(libc_a-errno.o)
                0x0810f210                __errno
 .text.__libc_init_array
                0x0810f21c       0x48 C:/ST/STM32CubeIDE_1.16.1/STM32CubeIDE/plugins/com.st.stm32cube.ide.mcu.externaltools.gnu-tools-for-stm32.12.3.rel1.win32_1.0.200.202406191623/tools/bin/../lib/gcc/arm-none-eabi/12.3.1/../../../../arm-none-eabi/lib/thumb/v7e-m+fp/hard\libc_nano.a(libc_a-init.o)
                0x0810f21c                __libc_init_array
 .text.__retarget_lock_acquire_recursive
                0x0810f264        0x2 C:/ST/STM32CubeIDE_1.16.1/STM32CubeIDE/plugins/com.st.stm32cube.ide.mcu.externaltools.gnu-tools-for-stm32.12.3.rel1.win32_1.0.200.202406191623/tools/bin/../lib/gcc/arm-none-eabi/12.3.1/../../../../arm-none-eabi/lib/thumb/v7e-m+fp/hard\libc_nano.a(libc_a-lock.o)
                0x0810f264                __retarget_lock_acquire_recursive
 .text.__retarget_lock_release_recursive
                0x0810f266        0x2 C:/ST/STM32CubeIDE_1.16.1/STM32CubeIDE/plugins/com.st.stm32cube.ide.mcu.externaltools.gnu-tools-for-stm32.12.3.rel1.win32_1.0.200.202406191623/tools/bin/../lib/gcc/arm-none-eabi/12.3.1/../../../../arm-none-eabi/lib/thumb/v7e-m+fp/hard\libc_nano.a(libc_a-lock.o)
                0x0810f266                __retarget_lock_release_recursive
 .text.memcpy   0x0810f268       0x1c C:/ST/STM32CubeIDE_1.16.1/STM32CubeIDE/plugins/com.st.stm32cube.ide.mcu.externaltools.gnu-tools-for-stm32.12.3.rel1.win32_1.0.200.202406191623/tools/bin/../lib/gcc/arm-none-eabi/12.3.1/../../../../arm-none-eabi/lib/thumb/v7e-m+fp/hard\libc_nano.a(libc_a-memcpy-stub.o)
                0x0810f268                memcpy
 .text._free_r  0x0810f284       0x94 C:/ST/STM32CubeIDE_1.16.1/STM32CubeIDE/plugins/com.st.stm32cube.ide.mcu.externaltools.gnu-tools-for-stm32.12.3.rel1.win32_1.0.200.202406191623/tools/bin/../lib/gcc/arm-none-eabi/12.3.1/../../../../arm-none-eabi/lib/thumb/v7e-m+fp/hard\libc_nano.a(libc_a-freer.o)
                0x0810f284                _free_r
 .text.sbrk_aligned
                0x0810f318       0x44 C:/ST/STM32CubeIDE_1.16.1/STM32CubeIDE/plugins/com.st.stm32cube.ide.mcu.externaltools.gnu-tools-for-stm32.12.3.rel1.win32_1.0.200.202406191623/tools/bin/../lib/gcc/arm-none-eabi/12.3.1/../../../../arm-none-eabi/lib/thumb/v7e-m+fp/hard\libc_nano.a(libc_a-mallocr.o)
 .text._malloc_r
                0x0810f35c      0x100 C:/ST/STM32CubeIDE_1.16.1/STM32CubeIDE/plugins/com.st.stm32cube.ide.mcu.externaltools.gnu-tools-for-stm32.12.3.rel1.win32_1.0.200.202406191623/tools/bin/../lib/gcc/arm-none-eabi/12.3.1/../../../../arm-none-eabi/lib/thumb/v7e-m+fp/hard\libc_nano.a(libc_a-mallocr.o)
                0x0810f35c                _malloc_r
 .text.__malloc_lock
                0x0810f45c        0xc C:/ST/STM32CubeIDE_1.16.1/STM32CubeIDE/plugins/com.st.stm32cube.ide.mcu.externaltools.gnu-tools-for-stm32.12.3.rel1.win32_1.0.200.202406191623/tools/bin/../lib/gcc/arm-none-eabi/12.3.1/../../../../arm-none-eabi/lib/thumb/v7e-m+fp/hard\libc_nano.a(libc_a-mlock.o)
                0x0810f45c                __malloc_lock
 .text.__malloc_unlock
                0x0810f468        0xc C:/ST/STM32CubeIDE_1.16.1/STM32CubeIDE/plugins/com.st.stm32cube.ide.mcu.externaltools.gnu-tools-for-stm32.12.3.rel1.win32_1.0.200.202406191623/tools/bin/../lib/gcc/arm-none-eabi/12.3.1/../../../../arm-none-eabi/lib/thumb/v7e-m+fp/hard\libc_nano.a(libc_a-mlock.o)
                0x0810f468                __malloc_unlock
 .text.__ssputs_r
                0x0810f474       0xb6 C:/ST/STM32CubeIDE_1.16.1/STM32CubeIDE/plugins/com.st.stm32cube.ide.mcu.externaltools.gnu-tools-for-stm32.12.3.rel1.win32_1.0.200.202406191623/tools/bin/../lib/gcc/arm-none-eabi/12.3.1/../../../../arm-none-eabi/lib/thumb/v7e-m+fp/hard\libc_nano.a(libc_a-nano-svfprintf.o)
                0x0810f474                __ssputs_r
 *fill*         0x0810f52a        0x2 
 .text._svfprintf_r
                0x0810f52c      0x1f8 C:/ST/STM32CubeIDE_1.16.1/STM32CubeIDE/plugins/com.st.stm32cube.ide.mcu.externaltools.gnu-tools-for-stm32.12.3.rel1.win32_1.0.200.202406191623/tools/bin/../lib/gcc/arm-none-eabi/12.3.1/../../../../arm-none-eabi/lib/thumb/v7e-m+fp/hard\libc_nano.a(libc_a-nano-svfprintf.o)
                0x0810f52c                _svfiprintf_r
                0x0810f52c                _svfprintf_r
 .text._printf_common
                0x0810f724       0xda C:/ST/STM32CubeIDE_1.16.1/STM32CubeIDE/plugins/com.st.stm32cube.ide.mcu.externaltools.gnu-tools-for-stm32.12.3.rel1.win32_1.0.200.202406191623/tools/bin/../lib/gcc/arm-none-eabi/12.3.1/../../../../arm-none-eabi/lib/thumb/v7e-m+fp/hard\libc_nano.a(libc_a-nano-vfprintf_i.o)
                0x0810f724                _printf_common
 *fill*         0x0810f7fe        0x2 
 .text._printf_i
                0x0810f800      0x240 C:/ST/STM32CubeIDE_1.16.1/STM32CubeIDE/plugins/com.st.stm32cube.ide.mcu.externaltools.gnu-tools-for-stm32.12.3.rel1.win32_1.0.200.202406191623/tools/bin/../lib/gcc/arm-none-eabi/12.3.1/../../../../arm-none-eabi/lib/thumb/v7e-m+fp/hard\libc_nano.a(libc_a-nano-vfprintf_i.o)
                0x0810f800                _printf_i
 .text._sbrk_r  0x0810fa40       0x20 C:/ST/STM32CubeIDE_1.16.1/STM32CubeIDE/plugins/com.st.stm32cube.ide.mcu.externaltools.gnu-tools-for-stm32.12.3.rel1.win32_1.0.200.202406191623/tools/bin/../lib/gcc/arm-none-eabi/12.3.1/../../../../arm-none-eabi/lib/thumb/v7e-m+fp/hard\libc_nano.a(libc_a-sbrkr.o)
                0x0810fa40                _sbrk_r
 .text._realloc_r
                0x0810fa60       0x5c C:/ST/STM32CubeIDE_1.16.1/STM32CubeIDE/plugins/com.st.stm32cube.ide.mcu.externaltools.gnu-tools-for-stm32.12.3.rel1.win32_1.0.200.202406191623/tools/bin/../lib/gcc/arm-none-eabi/12.3.1/../../../../arm-none-eabi/lib/thumb/v7e-m+fp/hard\libc_nano.a(libc_a-reallocr.o)
                0x0810fa60                _realloc_r
 .text._malloc_usable_size_r
                0x0810fabc       0x10 C:/ST/STM32CubeIDE_1.16.1/STM32CubeIDE/plugins/com.st.stm32cube.ide.mcu.externaltools.gnu-tools-for-stm32.12.3.rel1.win32_1.0.200.202406191623/tools/bin/../lib/gcc/arm-none-eabi/12.3.1/../../../../arm-none-eabi/lib/thumb/v7e-m+fp/hard\libc_nano.a(libc_a-msizer.o)
                0x0810fabc                _malloc_usable_size_r
 *(.glue_7)
 .glue_7        0x0810facc        0x0 linker stubs
 *(.glue_7t)
 .glue_7t       0x0810facc        0x0 linker stubs
 *(.eh_frame)
 .eh_frame      0x0810facc        0x0 C:/ST/STM32CubeIDE_1.16.1/STM32CubeIDE/plugins/com.st.stm32cube.ide.mcu.externaltools.gnu-tools-for-stm32.12.3.rel1.win32_1.0.200.202406191623/tools/bin/../lib/gcc/arm-none-eabi/12.3.1/thumb/v7e-m+fp/hard/crtbegin.o
 *(.init)
 .init          0x0810facc        0x4 C:/ST/STM32CubeIDE_1.16.1/STM32CubeIDE/plugins/com.st.stm32cube.ide.mcu.externaltools.gnu-tools-for-stm32.12.3.rel1.win32_1.0.200.202406191623/tools/bin/../lib/gcc/arm-none-eabi/12.3.1/thumb/v7e-m+fp/hard/crti.o
                0x0810facc                _init
 .init          0x0810fad0        0x8 C:/ST/STM32CubeIDE_1.16.1/STM32CubeIDE/plugins/com.st.stm32cube.ide.mcu.externaltools.gnu-tools-for-stm32.12.3.rel1.win32_1.0.200.202406191623/tools/bin/../lib/gcc/arm-none-eabi/12.3.1/thumb/v7e-m+fp/hard/crtn.o
 *(.fini)
 .fini          0x0810fad8        0x4 C:/ST/STM32CubeIDE_1.16.1/STM32CubeIDE/plugins/com.st.stm32cube.ide.mcu.externaltools.gnu-tools-for-stm32.12.3.rel1.win32_1.0.200.202406191623/tools/bin/../lib/gcc/arm-none-eabi/12.3.1/thumb/v7e-m+fp/hard/crti.o
                0x0810fad8                _fini
 .fini          0x0810fadc        0x8 C:/ST/STM32CubeIDE_1.16.1/STM32CubeIDE/plugins/com.st.stm32cube.ide.mcu.externaltools.gnu-tools-for-stm32.12.3.rel1.win32_1.0.200.202406191623/tools/bin/../lib/gcc/arm-none-eabi/12.3.1/thumb/v7e-m+fp/hard/crtn.o
                0x0810fae4                        . = ALIGN (0x4)
                0x0810fae4                        _etext = .

.vfp11_veneer   0x0810fae4        0x0
 .vfp11_veneer  0x0810fae4        0x0 linker stubs

.v4_bx          0x0810fae4        0x0
 .v4_bx         0x0810fae4        0x0 linker stubs

.iplt           0x0810fae4        0x0
 .iplt          0x0810fae4        0x0 C:/ST/STM32CubeIDE_1.16.1/STM32CubeIDE/plugins/com.st.stm32cube.ide.mcu.externaltools.gnu-tools-for-stm32.12.3.rel1.win32_1.0.200.202406191623/tools/bin/../lib/gcc/arm-none-eabi/12.3.1/thumb/v7e-m+fp/hard/crtbegin.o

.rodata         0x0810fae4      0x3d8
                0x0810fae4                        . = ALIGN (0x4)
 *(.rodata)
 .rodata        0x0810fae4       0x5d ./Application/User/Core/GPS.o
 *fill*         0x0810fb41        0x3 
 .rodata        0x0810fb44      0x214 ./Application/User/Core/Network.o
 .rodata        0x0810fd58       0x36 ./Application/User/Core/main.o
 *fill*         0x0810fd8e        0x2 
 .rodata        0x0810fd90        0x5 ./Middlewares/FreeRTOS/tasks.o
 *fill*         0x0810fd95        0x3 
 .rodata        0x0810fd98        0xd ./Middlewares/FreeRTOS/timers.o
 *(.rodata*)
 *fill*         0x0810fda5        0x3 
 .rodata.defaultTask_attributes
                0x0810fda8       0x24 ./Application/User/Core/main.o
                0x0810fda8                defaultTask_attributes
 .rodata.sendTask_attributes
                0x0810fdcc       0x24 ./Application/User/Core/main.o
                0x0810fdcc                sendTask_attributes
 .rodata.receiveTask_attributes
                0x0810fdf0       0x24 ./Application/User/Core/main.o
                0x0810fdf0                receiveTask_attributes
 .rodata.gpsTask_attributes
                0x0810fe14       0x24 ./Application/User/Core/main.o
                0x0810fe14                gpsTask_attributes
 .rodata.uart_lock_attributes
                0x0810fe38       0x10 ./Application/User/Core/main.o
                0x0810fe38                uart_lock_attributes
 .rodata.D1CorePrescTable
                0x0810fe48       0x10 ./Drivers/CMSIS/system_stm32h7xx_dualcore_boot_cm4_cm7.o
                0x0810fe48                D1CorePrescTable
 .rodata.flagBitshiftOffset.0
                0x0810fe58        0x8 ./Drivers/STM32H7xx_HAL_Driver/stm32h7xx_hal_dma.o
 .rodata.UARTPrescTable
                0x0810fe60       0x18 ./Drivers/STM32H7xx_HAL_Driver/stm32h7xx_hal_uart.o
                0x0810fe60                UARTPrescTable
 .rodata.numerator.1
                0x0810fe78        0x8 ./Drivers/STM32H7xx_HAL_Driver/stm32h7xx_hal_uart_ex.o
 .rodata.denominator.0
                0x0810fe80        0x8 ./Drivers/STM32H7xx_HAL_Driver/stm32h7xx_hal_uart_ex.o
 .rodata._svfprintf_r.str1.1
                0x0810fe88       0x11 C:/ST/STM32CubeIDE_1.16.1/STM32CubeIDE/plugins/com.st.stm32cube.ide.mcu.externaltools.gnu-tools-for-stm32.12.3.rel1.win32_1.0.200.202406191623/tools/bin/../lib/gcc/arm-none-eabi/12.3.1/../../../../arm-none-eabi/lib/thumb/v7e-m+fp/hard\libc_nano.a(libc_a-nano-svfprintf.o)
 .rodata._printf_i.str1.1
                0x0810fe99       0x22 C:/ST/STM32CubeIDE_1.16.1/STM32CubeIDE/plugins/com.st.stm32cube.ide.mcu.externaltools.gnu-tools-for-stm32.12.3.rel1.win32_1.0.200.202406191623/tools/bin/../lib/gcc/arm-none-eabi/12.3.1/../../../../arm-none-eabi/lib/thumb/v7e-m+fp/hard\libc_nano.a(libc_a-nano-vfprintf_i.o)
                0x0810febc                        . = ALIGN (0x4)
 *fill*         0x0810febb        0x1 

.ARM.extab
 *(.ARM.extab* .gnu.linkonce.armextab.*)

.ARM            0x0810febc        0x8
                0x0810febc                        __exidx_start = .
 *(.ARM.exidx*)
 .ARM.exidx     0x0810febc        0x8 C:/ST/STM32CubeIDE_1.16.1/STM32CubeIDE/plugins/com.st.stm32cube.ide.mcu.externaltools.gnu-tools-for-stm32.12.3.rel1.win32_1.0.200.202406191623/tools/bin/../lib/gcc/arm-none-eabi/12.3.1/../../../../arm-none-eabi/lib/thumb/v7e-m+fp/hard\libc_nano.a(libc_a-strlen.o)
 .ARM.exidx     0x0810fec4        0x0 C:/ST/STM32CubeIDE_1.16.1/STM32CubeIDE/plugins/com.st.stm32cube.ide.mcu.externaltools.gnu-tools-for-stm32.12.3.rel1.win32_1.0.200.202406191623/tools/bin/../lib/gcc/arm-none-eabi/12.3.1/../../../../arm-none-eabi/lib/thumb/v7e-m+fp/hard\libc_nano.a(libc_a-memchr.o)
                                  0x8 (size before relaxing)
 .ARM.exidx     0x0810fec4        0x0 C:/ST/STM32CubeIDE_1.16.1/STM32CubeIDE/plugins/com.st.stm32cube.ide.mcu.externaltools.gnu-tools-for-stm32.12.3.rel1.win32_1.0.200.202406191623/tools/bin/../lib/gcc/arm-none-eabi/12.3.1/thumb/v7e-m+fp/hard\libgcc.a(_udivmoddi4.o)
                                  0x8 (size before relaxing)
                0x0810fec4                        __exidx_end = .

.rel.dyn        0x0810fec4        0x0
 .rel.iplt      0x0810fec4        0x0 C:/ST/STM32CubeIDE_1.16.1/STM32CubeIDE/plugins/com.st.stm32cube.ide.mcu.externaltools.gnu-tools-for-stm32.12.3.rel1.win32_1.0.200.202406191623/tools/bin/../lib/gcc/arm-none-eabi/12.3.1/thumb/v7e-m+fp/hard/crtbegin.o

.preinit_array  0x0810fec4        0x0
                0x0810fec4                        PROVIDE (__preinit_array_start = .)
 *(.preinit_array*)
                0x0810fec4                        PROVIDE (__preinit_array_end = .)

.init_array     0x0810fec4        0x4
                0x0810fec4                        PROVIDE (__init_array_start = .)
 *(SORT_BY_NAME(.init_array.*))
 *(.init_array*)
 .init_array    0x0810fec4        0x4 C:/ST/STM32CubeIDE_1.16.1/STM32CubeIDE/plugins/com.st.stm32cube.ide.mcu.externaltools.gnu-tools-for-stm32.12.3.rel1.win32_1.0.200.202406191623/tools/bin/../lib/gcc/arm-none-eabi/12.3.1/thumb/v7e-m+fp/hard/crtbegin.o
                0x0810fec8                        PROVIDE (__init_array_end = .)

.fini_array     0x0810fec8        0x4
                [!provide]                        PROVIDE (__fini_array_start = .)
 *(SORT_BY_NAME(.fini_array.*))
 *(.fini_array*)
 .fini_array    0x0810fec8        0x4 C:/ST/STM32CubeIDE_1.16.1/STM32CubeIDE/plugins/com.st.stm32cube.ide.mcu.externaltools.gnu-tools-for-stm32.12.3.rel1.win32_1.0.200.202406191623/tools/bin/../lib/gcc/arm-none-eabi/12.3.1/thumb/v7e-m+fp/hard/crtbegin.o
                [!provide]                        PROVIDE (__fini_array_end = .)
                0x0810fecc                        _sidata = LOADADDR (.data)

.data           0x10000000      0x188 load address 0x0810fecc
                0x10000000                        . = ALIGN (0x4)
                0x10000000                        _sdata = .
 *(.data)
 *(.data*)
 .data.CCRValue_937_5_72
                0x10000000      0x120 ./Application/User/Core/Commutation.o
                0x10000000                CCRValue_937_5_72
 .data.propertyIndex
                0x10000120        0x1 ./Application/User/Core/Network.o
                0x10000120                propertyIndex
 *fill*         0x10000121        0x3 
 .data.SystemCoreClock
                0x10000124        0x4 ./Drivers/CMSIS/system_stm32h7xx_dualcore_boot_cm4_cm7.o
                0x10000124                SystemCoreClock
 .data.SystemD2Clock
                0x10000128        0x4 ./Drivers/CMSIS/system_stm32h7xx_dualcore_boot_cm4_cm7.o
                0x10000128                SystemD2Clock
 .data.uwTickPrio
                0x1000012c        0x4 ./Drivers/STM32H7xx_HAL_Driver/stm32h7xx_hal.o
                0x1000012c                uwTickPrio
 .data.uwTickFreq
                0x10000130        0x1 ./Drivers/STM32H7xx_HAL_Driver/stm32h7xx_hal.o
                0x10000130                uwTickFreq
 *fill*         0x10000131        0x3 
 .data.uxCriticalNesting
                0x10000134        0x4 ./Middlewares/FreeRTOS/port.o
 .data._impure_ptr
                0x10000138        0x4 C:/ST/STM32CubeIDE_1.16.1/STM32CubeIDE/plugins/com.st.stm32cube.ide.mcu.externaltools.gnu-tools-for-stm32.12.3.rel1.win32_1.0.200.202406191623/tools/bin/../lib/gcc/arm-none-eabi/12.3.1/../../../../arm-none-eabi/lib/thumb/v7e-m+fp/hard\libc_nano.a(libc_a-impure.o)
                0x10000138                _impure_ptr
 .data._impure_data
                0x1000013c       0x4c C:/ST/STM32CubeIDE_1.16.1/STM32CubeIDE/plugins/com.st.stm32cube.ide.mcu.externaltools.gnu-tools-for-stm32.12.3.rel1.win32_1.0.200.202406191623/tools/bin/../lib/gcc/arm-none-eabi/12.3.1/../../../../arm-none-eabi/lib/thumb/v7e-m+fp/hard\libc_nano.a(libc_a-impure.o)
                0x1000013c                _impure_data
 *(.RamFunc)
 *(.RamFunc*)
                0x10000188                        . = ALIGN (0x4)
                0x10000188                        _edata = .

.igot.plt       0x10000188        0x0 load address 0x08110054
 .igot.plt      0x10000188        0x0 C:/ST/STM32CubeIDE_1.16.1/STM32CubeIDE/plugins/com.st.stm32cube.ide.mcu.externaltools.gnu-tools-for-stm32.12.3.rel1.win32_1.0.200.202406191623/tools/bin/../lib/gcc/arm-none-eabi/12.3.1/thumb/v7e-m+fp/hard/crtbegin.o
                0x10000188                        . = ALIGN (0x4)

.bss            0x10000188     0x5098 load address 0x08110054
                0x10000188                        _sbss = .
                0x10000188                        __bss_start__ = _sbss
 *(.bss)
 .bss           0x10000188       0x1c C:/ST/STM32CubeIDE_1.16.1/STM32CubeIDE/plugins/com.st.stm32cube.ide.mcu.externaltools.gnu-tools-for-stm32.12.3.rel1.win32_1.0.200.202406191623/tools/bin/../lib/gcc/arm-none-eabi/12.3.1/thumb/v7e-m+fp/hard/crtbegin.o
 *(.bss*)
 .bss._index    0x100001a4        0x2 ./Application/User/Core/Commutation.o
                0x100001a4                _index
 .bss.gps_start
                0x100001a6        0x1 ./Application/User/Core/GPS.o
                0x100001a6                gps_start
 *fill*         0x100001a7        0x1 
 .bss.txBuffer  0x100001a8      0x100 ./Application/User/Core/Network.o
                0x100001a8                txBuffer
 .bss.rxBuffer  0x100002a8      0x100 ./Application/User/Core/Network.o
                0x100002a8                rxBuffer
 .bss.checkBuffer
                0x100003a8      0x100 ./Application/User/Core/Network.o
                0x100003a8                checkBuffer
 .bss.c_type    0x100004a8        0x1 ./Application/User/Core/Network.o
                0x100004a8                c_type
 *fill*         0x100004a9        0x1 
 .bss.writeIndex
                0x100004aa        0x2 ./Application/User/Core/ServiceLayer.o
                0x100004aa                writeIndex
 .bss.readIndex
                0x100004ac        0x2 ./Application/User/Core/ServiceLayer.o
                0x100004ac                readIndex
 *fill*         0x100004ae        0x2 
 .bss.serverAttributes
                0x100004b0       0x31 ./Application/User/Core/ServiceLayer.o
                0x100004b0                serverAttributes
 *fill*         0x100004e1        0x3 
 .bss.htim1     0x100004e4       0x4c ./Application/User/Core/main.o
                0x100004e4                htim1
 .bss.htim4     0x10000530       0x4c ./Application/User/Core/main.o
                0x10000530                htim4
 .bss.huart1    0x1000057c       0x94 ./Application/User/Core/main.o
                0x1000057c                huart1
 .bss.hdma_usart1_rx
                0x10000610       0x78 ./Application/User/Core/main.o
                0x10000610                hdma_usart1_rx
 .bss.defaultTaskHandle
                0x10000688        0x4 ./Application/User/Core/main.o
                0x10000688                defaultTaskHandle
 .bss.sendTaskHandle
                0x1000068c        0x4 ./Application/User/Core/main.o
                0x1000068c                sendTaskHandle
 .bss.receiveTaskHandle
                0x10000690        0x4 ./Application/User/Core/main.o
                0x10000690                receiveTaskHandle
 .bss.gpsTaskHandle
                0x10000694        0x4 ./Application/User/Core/main.o
                0x10000694                gpsTaskHandle
 .bss.uart_lockHandle
                0x10000698        0x4 ./Application/User/Core/main.o
                0x10000698                uart_lockHandle
 .bss.htim5     0x1000069c       0x4c ./Application/User/Core/stm32h7xx_hal_timebase_tim.o
                0x1000069c                htim5
 .bss.__sbrk_heap_end
                0x100006e8        0x4 ./Application/User/Core/sysmem.o
 .bss.uwTick    0x100006ec        0x4 ./Drivers/STM32H7xx_HAL_Driver/stm32h7xx_hal.o
                0x100006ec                uwTick
 .bss.KernelState
                0x100006f0        0x4 ./Middlewares/FreeRTOS/cmsis_os2.o
 .bss.Idle_TCB.3
                0x100006f4       0xa8 ./Middlewares/FreeRTOS/cmsis_os2.o
 .bss.Idle_Stack.2
                0x1000079c      0x200 ./Middlewares/FreeRTOS/cmsis_os2.o
 .bss.Timer_TCB.1
                0x1000099c       0xa8 ./Middlewares/FreeRTOS/cmsis_os2.o
 .bss.Timer_Stack.0
                0x10000a44      0x400 ./Middlewares/FreeRTOS/cmsis_os2.o
 .bss.ucHeap    0x10000e44     0x3c00 ./Middlewares/FreeRTOS/heap_4.o
 .bss.xStart    0x10004a44        0x8 ./Middlewares/FreeRTOS/heap_4.o
 .bss.pxEnd     0x10004a4c        0x4 ./Middlewares/FreeRTOS/heap_4.o
 .bss.xFreeBytesRemaining
                0x10004a50        0x4 ./Middlewares/FreeRTOS/heap_4.o
 .bss.xMinimumEverFreeBytesRemaining
                0x10004a54        0x4 ./Middlewares/FreeRTOS/heap_4.o
 .bss.xNumberOfSuccessfulAllocations
                0x10004a58        0x4 ./Middlewares/FreeRTOS/heap_4.o
 .bss.xNumberOfSuccessfulFrees
                0x10004a5c        0x4 ./Middlewares/FreeRTOS/heap_4.o
 .bss.xBlockAllocatedBit
                0x10004a60        0x4 ./Middlewares/FreeRTOS/heap_4.o
 .bss.ucMaxSysCallPriority
                0x10004a64        0x1 ./Middlewares/FreeRTOS/port.o
 *fill*         0x10004a65        0x3 
 .bss.ulMaxPRIGROUPValue
                0x10004a68        0x4 ./Middlewares/FreeRTOS/port.o
 .bss.xQueueRegistry
                0x10004a6c       0x40 ./Middlewares/FreeRTOS/queue.o
                0x10004a6c                xQueueRegistry
 .bss.pxCurrentTCB
                0x10004aac        0x4 ./Middlewares/FreeRTOS/tasks.o
                0x10004aac                pxCurrentTCB
 .bss.pxReadyTasksLists
                0x10004ab0      0x460 ./Middlewares/FreeRTOS/tasks.o
 .bss.xDelayedTaskList1
                0x10004f10       0x14 ./Middlewares/FreeRTOS/tasks.o
 .bss.xDelayedTaskList2
                0x10004f24       0x14 ./Middlewares/FreeRTOS/tasks.o
 .bss.pxDelayedTaskList
                0x10004f38        0x4 ./Middlewares/FreeRTOS/tasks.o
 .bss.pxOverflowDelayedTaskList
                0x10004f3c        0x4 ./Middlewares/FreeRTOS/tasks.o
 .bss.xPendingReadyList
                0x10004f40       0x14 ./Middlewares/FreeRTOS/tasks.o
 .bss.xTasksWaitingTermination
                0x10004f54       0x14 ./Middlewares/FreeRTOS/tasks.o
 .bss.uxDeletedTasksWaitingCleanUp
                0x10004f68        0x4 ./Middlewares/FreeRTOS/tasks.o
 .bss.xSuspendedTaskList
                0x10004f6c       0x14 ./Middlewares/FreeRTOS/tasks.o
 .bss.uxCurrentNumberOfTasks
                0x10004f80        0x4 ./Middlewares/FreeRTOS/tasks.o
 .bss.xTickCount
                0x10004f84        0x4 ./Middlewares/FreeRTOS/tasks.o
 .bss.uxTopReadyPriority
                0x10004f88        0x4 ./Middlewares/FreeRTOS/tasks.o
 .bss.xSchedulerRunning
                0x10004f8c        0x4 ./Middlewares/FreeRTOS/tasks.o
 .bss.xPendedTicks
                0x10004f90        0x4 ./Middlewares/FreeRTOS/tasks.o
 .bss.xYieldPending
                0x10004f94        0x4 ./Middlewares/FreeRTOS/tasks.o
 .bss.xNumOfOverflows
                0x10004f98        0x4 ./Middlewares/FreeRTOS/tasks.o
 .bss.uxTaskNumber
                0x10004f9c        0x4 ./Middlewares/FreeRTOS/tasks.o
 .bss.xNextTaskUnblockTime
                0x10004fa0        0x4 ./Middlewares/FreeRTOS/tasks.o
 .bss.xIdleTaskHandle
                0x10004fa4        0x4 ./Middlewares/FreeRTOS/tasks.o
 .bss.uxSchedulerSuspended
                0x10004fa8        0x4 ./Middlewares/FreeRTOS/tasks.o
 .bss.xActiveTimerList1
                0x10004fac       0x14 ./Middlewares/FreeRTOS/timers.o
 .bss.xActiveTimerList2
                0x10004fc0       0x14 ./Middlewares/FreeRTOS/timers.o
 .bss.pxCurrentTimerList
                0x10004fd4        0x4 ./Middlewares/FreeRTOS/timers.o
 .bss.pxOverflowTimerList
                0x10004fd8        0x4 ./Middlewares/FreeRTOS/timers.o
 .bss.xTimerQueue
                0x10004fdc        0x4 ./Middlewares/FreeRTOS/timers.o
 .bss.xTimerTaskHandle
                0x10004fe0        0x4 ./Middlewares/FreeRTOS/timers.o
 .bss.xLastTime.2
                0x10004fe4        0x4 ./Middlewares/FreeRTOS/timers.o
 .bss.ucStaticTimerQueueStorage.1
                0x10004fe8       0xa0 ./Middlewares/FreeRTOS/timers.o
 .bss.xStaticTimerQueue.0
                0x10005088       0x50 ./Middlewares/FreeRTOS/timers.o
 .bss.__sf      0x100050d8      0x138 C:/ST/STM32CubeIDE_1.16.1/STM32CubeIDE/plugins/com.st.stm32cube.ide.mcu.externaltools.gnu-tools-for-stm32.12.3.rel1.win32_1.0.200.202406191623/tools/bin/../lib/gcc/arm-none-eabi/12.3.1/../../../../arm-none-eabi/lib/thumb/v7e-m+fp/hard\libc_nano.a(libc_a-findfp.o)
                0x100050d8                __sf
 .bss.errno     0x10005210        0x4 C:/ST/STM32CubeIDE_1.16.1/STM32CubeIDE/plugins/com.st.stm32cube.ide.mcu.externaltools.gnu-tools-for-stm32.12.3.rel1.win32_1.0.200.202406191623/tools/bin/../lib/gcc/arm-none-eabi/12.3.1/../../../../arm-none-eabi/lib/thumb/v7e-m+fp/hard\libc_nano.a(libc_a-reent.o)
                0x10005210                errno
 .bss.__lock___malloc_recursive_mutex
                0x10005214        0x1 C:/ST/STM32CubeIDE_1.16.1/STM32CubeIDE/plugins/com.st.stm32cube.ide.mcu.externaltools.gnu-tools-for-stm32.12.3.rel1.win32_1.0.200.202406191623/tools/bin/../lib/gcc/arm-none-eabi/12.3.1/../../../../arm-none-eabi/lib/thumb/v7e-m+fp/hard\libc_nano.a(libc_a-lock.o)
                0x10005214                __lock___malloc_recursive_mutex
 *fill*         0x10005215        0x3 
 .bss.__malloc_sbrk_start
                0x10005218        0x4 C:/ST/STM32CubeIDE_1.16.1/STM32CubeIDE/plugins/com.st.stm32cube.ide.mcu.externaltools.gnu-tools-for-stm32.12.3.rel1.win32_1.0.200.202406191623/tools/bin/../lib/gcc/arm-none-eabi/12.3.1/../../../../arm-none-eabi/lib/thumb/v7e-m+fp/hard\libc_nano.a(libc_a-mallocr.o)
                0x10005218                __malloc_sbrk_start
 .bss.__malloc_free_list
                0x1000521c        0x4 C:/ST/STM32CubeIDE_1.16.1/STM32CubeIDE/plugins/com.st.stm32cube.ide.mcu.externaltools.gnu-tools-for-stm32.12.3.rel1.win32_1.0.200.202406191623/tools/bin/../lib/gcc/arm-none-eabi/12.3.1/../../../../arm-none-eabi/lib/thumb/v7e-m+fp/hard\libc_nano.a(libc_a-mallocr.o)
                0x1000521c                __malloc_free_list
 *(COMMON)
                0x10005220                        . = ALIGN (0x4)
                0x10005220                        _ebss = .
                0x10005220                        __bss_end__ = _ebss

._user_heap_stack
                0x10005220     0x2000 load address 0x08110054
                0x10005220                        . = ALIGN (0x8)
                [!provide]                        PROVIDE (end = .)
                0x10005220                        PROVIDE (_end = .)
                0x10006220                        . = (. + _Min_Heap_Size)
 *fill*         0x10005220     0x1000 
                0x10007220                        . = (. + _Min_Stack_Size)
 *fill*         0x10006220     0x1000 
                0x10007220                        . = ALIGN (0x8)

/DISCARD/
 libc.a(*)
 libm.a(*)
 libgcc.a(*)

.ARM.attributes
                0x00000000       0x30
 *(.ARM.attributes)
 .ARM.attributes
                0x00000000       0x22 C:/ST/STM32CubeIDE_1.16.1/STM32CubeIDE/plugins/com.st.stm32cube.ide.mcu.externaltools.gnu-tools-for-stm32.12.3.rel1.win32_1.0.200.202406191623/tools/bin/../lib/gcc/arm-none-eabi/12.3.1/thumb/v7e-m+fp/hard/crti.o
 .ARM.attributes
                0x00000022       0x34 C:/ST/STM32CubeIDE_1.16.1/STM32CubeIDE/plugins/com.st.stm32cube.ide.mcu.externaltools.gnu-tools-for-stm32.12.3.rel1.win32_1.0.200.202406191623/tools/bin/../lib/gcc/arm-none-eabi/12.3.1/thumb/v7e-m+fp/hard/crtbegin.o
 .ARM.attributes
                0x00000056       0x34 ./Application/User/Core/Commutation.o
 .ARM.attributes
                0x0000008a       0x34 ./Application/User/Core/GPS.o
 .ARM.attributes
                0x000000be       0x34 ./Application/User/Core/Network.o
 .ARM.attributes
                0x000000f2       0x34 ./Application/User/Core/ServiceLayer.o
 .ARM.attributes
                0x00000126       0x34 ./Application/User/Core/Task_.o
 .ARM.attributes
                0x0000015a       0x34 ./Application/User/Core/main.o
 .ARM.attributes
                0x0000018e       0x34 ./Application/User/Core/stm32h7xx_hal_msp.o
 .ARM.attributes
                0x000001c2       0x34 ./Application/User/Core/stm32h7xx_hal_timebase_tim.o
 .ARM.attributes
                0x000001f6       0x34 ./Application/User/Core/stm32h7xx_it.o
 .ARM.attributes
                0x0000022a       0x34 ./Application/User/Core/sysmem.o
 .ARM.attributes
                0x0000025e       0x21 ./Application/User/Startup/startup_stm32h747xihx.o
 .ARM.attributes
                0x0000027f       0x34 ./Drivers/CMSIS/system_stm32h7xx_dualcore_boot_cm4_cm7.o
 .ARM.attributes
                0x000002b3       0x34 ./Drivers/STM32H7xx_HAL_Driver/stm32h7xx_hal.o
 .ARM.attributes
                0x000002e7       0x34 ./Drivers/STM32H7xx_HAL_Driver/stm32h7xx_hal_cortex.o
 .ARM.attributes
                0x0000031b       0x34 ./Drivers/STM32H7xx_HAL_Driver/stm32h7xx_hal_dma.o
 .ARM.attributes
                0x0000034f       0x34 ./Drivers/STM32H7xx_HAL_Driver/stm32h7xx_hal_gpio.o
 .ARM.attributes
                0x00000383       0x34 ./Drivers/STM32H7xx_HAL_Driver/stm32h7xx_hal_hsem.o
 .ARM.attributes
                0x000003b7       0x34 ./Drivers/STM32H7xx_HAL_Driver/stm32h7xx_hal_pwr_ex.o
 .ARM.attributes
                0x000003eb       0x34 ./Drivers/STM32H7xx_HAL_Driver/stm32h7xx_hal_rcc.o
 .ARM.attributes
                0x0000041f       0x34 ./Drivers/STM32H7xx_HAL_Driver/stm32h7xx_hal_rcc_ex.o
 .ARM.attributes
                0x00000453       0x34 ./Drivers/STM32H7xx_HAL_Driver/stm32h7xx_hal_tim.o
 .ARM.attributes
                0x00000487       0x34 ./Drivers/STM32H7xx_HAL_Driver/stm32h7xx_hal_tim_ex.o
 .ARM.attributes
                0x000004bb       0x34 ./Drivers/STM32H7xx_HAL_Driver/stm32h7xx_hal_uart.o
 .ARM.attributes
                0x000004ef       0x34 ./Drivers/STM32H7xx_HAL_Driver/stm32h7xx_hal_uart_ex.o
 .ARM.attributes
                0x00000523       0x34 ./Middlewares/FreeRTOS/cmsis_os2.o
 .ARM.attributes
                0x00000557       0x34 ./Middlewares/FreeRTOS/heap_4.o
 .ARM.attributes
                0x0000058b       0x34 ./Middlewares/FreeRTOS/list.o
 .ARM.attributes
                0x000005bf       0x34 ./Middlewares/FreeRTOS/port.o
 .ARM.attributes
                0x000005f3       0x34 ./Middlewares/FreeRTOS/queue.o
 .ARM.attributes
                0x00000627       0x34 ./Middlewares/FreeRTOS/tasks.o
 .ARM.attributes
                0x0000065b       0x34 ./Middlewares/FreeRTOS/timers.o
 .ARM.attributes
                0x0000068f       0x34 C:/ST/STM32CubeIDE_1.16.1/STM32CubeIDE/plugins/com.st.stm32cube.ide.mcu.externaltools.gnu-tools-for-stm32.12.3.rel1.win32_1.0.200.202406191623/tools/bin/../lib/gcc/arm-none-eabi/12.3.1/../../../../arm-none-eabi/lib/thumb/v7e-m+fp/hard\libc_nano.a(libc_a-findfp.o)
 .ARM.attributes
                0x000006c3       0x34 C:/ST/STM32CubeIDE_1.16.1/STM32CubeIDE/plugins/com.st.stm32cube.ide.mcu.externaltools.gnu-tools-for-stm32.12.3.rel1.win32_1.0.200.202406191623/tools/bin/../lib/gcc/arm-none-eabi/12.3.1/../../../../arm-none-eabi/lib/thumb/v7e-m+fp/hard\libc_nano.a(libc_a-sprintf.o)
 .ARM.attributes
                0x000006f7       0x34 C:/ST/STM32CubeIDE_1.16.1/STM32CubeIDE/plugins/com.st.stm32cube.ide.mcu.externaltools.gnu-tools-for-stm32.12.3.rel1.win32_1.0.200.202406191623/tools/bin/../lib/gcc/arm-none-eabi/12.3.1/../../../../arm-none-eabi/lib/thumb/v7e-m+fp/hard\libc_nano.a(libc_a-memmove.o)
 .ARM.attributes
                0x0000072b       0x34 C:/ST/STM32CubeIDE_1.16.1/STM32CubeIDE/plugins/com.st.stm32cube.ide.mcu.externaltools.gnu-tools-for-stm32.12.3.rel1.win32_1.0.200.202406191623/tools/bin/../lib/gcc/arm-none-eabi/12.3.1/../../../../arm-none-eabi/lib/thumb/v7e-m+fp/hard\libc_nano.a(libc_a-memset.o)
 .ARM.attributes
                0x0000075f       0x34 C:/ST/STM32CubeIDE_1.16.1/STM32CubeIDE/plugins/com.st.stm32cube.ide.mcu.externaltools.gnu-tools-for-stm32.12.3.rel1.win32_1.0.200.202406191623/tools/bin/../lib/gcc/arm-none-eabi/12.3.1/../../../../arm-none-eabi/lib/thumb/v7e-m+fp/hard\libc_nano.a(libc_a-strchr.o)
 .ARM.attributes
                0x00000793       0x34 C:/ST/STM32CubeIDE_1.16.1/STM32CubeIDE/plugins/com.st.stm32cube.ide.mcu.externaltools.gnu-tools-for-stm32.12.3.rel1.win32_1.0.200.202406191623/tools/bin/../lib/gcc/arm-none-eabi/12.3.1/../../../../arm-none-eabi/lib/thumb/v7e-m+fp/hard\libc_nano.a(libc_a-strncpy.o)
 .ARM.attributes
                0x000007c7       0x34 C:/ST/STM32CubeIDE_1.16.1/STM32CubeIDE/plugins/com.st.stm32cube.ide.mcu.externaltools.gnu-tools-for-stm32.12.3.rel1.win32_1.0.200.202406191623/tools/bin/../lib/gcc/arm-none-eabi/12.3.1/../../../../arm-none-eabi/lib/thumb/v7e-m+fp/hard\libc_nano.a(libc_a-strstr.o)
 .ARM.attributes
                0x000007fb       0x34 C:/ST/STM32CubeIDE_1.16.1/STM32CubeIDE/plugins/com.st.stm32cube.ide.mcu.externaltools.gnu-tools-for-stm32.12.3.rel1.win32_1.0.200.202406191623/tools/bin/../lib/gcc/arm-none-eabi/12.3.1/../../../../arm-none-eabi/lib/thumb/v7e-m+fp/hard\libc_nano.a(libc_a-reent.o)
 .ARM.attributes
                0x0000082f       0x34 C:/ST/STM32CubeIDE_1.16.1/STM32CubeIDE/plugins/com.st.stm32cube.ide.mcu.externaltools.gnu-tools-for-stm32.12.3.rel1.win32_1.0.200.202406191623/tools/bin/../lib/gcc/arm-none-eabi/12.3.1/../../../../arm-none-eabi/lib/thumb/v7e-m+fp/hard\libc_nano.a(libc_a-impure.o)
 .ARM.attributes
                0x00000863       0x34 C:/ST/STM32CubeIDE_1.16.1/STM32CubeIDE/plugins/com.st.stm32cube.ide.mcu.externaltools.gnu-tools-for-stm32.12.3.rel1.win32_1.0.200.202406191623/tools/bin/../lib/gcc/arm-none-eabi/12.3.1/../../../../arm-none-eabi/lib/thumb/v7e-m+fp/hard\libc_nano.a(libc_a-errno.o)
 .ARM.attributes
                0x00000897       0x34 C:/ST/STM32CubeIDE_1.16.1/STM32CubeIDE/plugins/com.st.stm32cube.ide.mcu.externaltools.gnu-tools-for-stm32.12.3.rel1.win32_1.0.200.202406191623/tools/bin/../lib/gcc/arm-none-eabi/12.3.1/../../../../arm-none-eabi/lib/thumb/v7e-m+fp/hard\libc_nano.a(libc_a-init.o)
 .ARM.attributes
                0x000008cb       0x34 C:/ST/STM32CubeIDE_1.16.1/STM32CubeIDE/plugins/com.st.stm32cube.ide.mcu.externaltools.gnu-tools-for-stm32.12.3.rel1.win32_1.0.200.202406191623/tools/bin/../lib/gcc/arm-none-eabi/12.3.1/../../../../arm-none-eabi/lib/thumb/v7e-m+fp/hard\libc_nano.a(libc_a-lock.o)
 .ARM.attributes
                0x000008ff       0x34 C:/ST/STM32CubeIDE_1.16.1/STM32CubeIDE/plugins/com.st.stm32cube.ide.mcu.externaltools.gnu-tools-for-stm32.12.3.rel1.win32_1.0.200.202406191623/tools/bin/../lib/gcc/arm-none-eabi/12.3.1/../../../../arm-none-eabi/lib/thumb/v7e-m+fp/hard\libc_nano.a(libc_a-memcpy-stub.o)
 .ARM.attributes
                0x00000933       0x17 C:/ST/STM32CubeIDE_1.16.1/STM32CubeIDE/plugins/com.st.stm32cube.ide.mcu.externaltools.gnu-tools-for-stm32.12.3.rel1.win32_1.0.200.202406191623/tools/bin/../lib/gcc/arm-none-eabi/12.3.1/../../../../arm-none-eabi/lib/thumb/v7e-m+fp/hard\libc_nano.a(libc_a-strlen.o)
 .ARM.attributes
                0x0000094a       0x34 C:/ST/STM32CubeIDE_1.16.1/STM32CubeIDE/plugins/com.st.stm32cube.ide.mcu.externaltools.gnu-tools-for-stm32.12.3.rel1.win32_1.0.200.202406191623/tools/bin/../lib/gcc/arm-none-eabi/12.3.1/../../../../arm-none-eabi/lib/thumb/v7e-m+fp/hard\libc_nano.a(libc_a-freer.o)
 .ARM.attributes
                0x0000097e       0x34 C:/ST/STM32CubeIDE_1.16.1/STM32CubeIDE/plugins/com.st.stm32cube.ide.mcu.externaltools.gnu-tools-for-stm32.12.3.rel1.win32_1.0.200.202406191623/tools/bin/../lib/gcc/arm-none-eabi/12.3.1/../../../../arm-none-eabi/lib/thumb/v7e-m+fp/hard\libc_nano.a(libc_a-mallocr.o)
 .ARM.attributes
                0x000009b2       0x34 C:/ST/STM32CubeIDE_1.16.1/STM32CubeIDE/plugins/com.st.stm32cube.ide.mcu.externaltools.gnu-tools-for-stm32.12.3.rel1.win32_1.0.200.202406191623/tools/bin/../lib/gcc/arm-none-eabi/12.3.1/../../../../arm-none-eabi/lib/thumb/v7e-m+fp/hard\libc_nano.a(libc_a-mlock.o)
 .ARM.attributes