C:/TouchGFXProjects/MyApplication_8/CM7/Core/Src/main.c:799:13:TouchGFX_Task	8	static
C:/TouchGFXProjects/MyApplication_8/CM7/Core/Src/main.c:250:6:SystemClock_Config	128	static,ignoring_inline_asm
C:/TouchGFXProjects/MyApplication_8/CM7/Core/Src/main.c:115:5:main	280	static,ignoring_inline_asm
C:/TouchGFXProjects/MyApplication_8/CM7/Core/Src/main.c:889:6:HAL_TIM_PeriodElapsedCallback	0	static
C:/TouchGFXProjects/MyApplication_8/CM7/Core/Src/main.c:906:6:Error_Handler	0	static,ignoring_inline_asm
